Archive member included to satisfy reference by file (symbol)

c:/vsarm/armcc/1142da~1.3re/bin/../lib/gcc/arm-none-eabi/11.3.1/thumb/v6-m/nofp\libgcc.a(_dvmd_tls.o)
                              CMakeFiles/JigMKIICode.dir/C_/VSARM/sdk/pico/pico-sdk/src/rp2_common/pico_divider/divider.S.obj (__aeabi_idiv0)
c:/vsarm/armcc/1142da~1.3re/bin/../lib/gcc/arm-none-eabi/11.3.1/thumb/v6-m/nofp\libg.a(libc_a-calloc.o)
                              CMakeFiles/JigMKIICode.dir/C_/VSARM/sdk/pico/pico-sdk/src/rp2_common/pico_malloc/pico_malloc.c.obj (calloc)
c:/vsarm/armcc/1142da~1.3re/bin/../lib/gcc/arm-none-eabi/11.3.1/thumb/v6-m/nofp\libg.a(libc_a-callocr.o)
                              c:/vsarm/armcc/1142da~1.3re/bin/../lib/gcc/arm-none-eabi/11.3.1/thumb/v6-m/nofp\libg.a(libc_a-calloc.o) (_calloc_r)
c:/vsarm/armcc/1142da~1.3re/bin/../lib/gcc/arm-none-eabi/11.3.1/thumb/v6-m/nofp\libg.a(libc_a-malloc.o)
                              CMakeFiles/JigMKIICode.dir/C_/VSARM/sdk/pico/pico-sdk/src/rp2_common/pico_malloc/pico_malloc.c.obj (malloc)
c:/vsarm/armcc/1142da~1.3re/bin/../lib/gcc/arm-none-eabi/11.3.1/thumb/v6-m/nofp\libg.a(libc_a-mallocr.o)
                              c:/vsarm/armcc/1142da~1.3re/bin/../lib/gcc/arm-none-eabi/11.3.1/thumb/v6-m/nofp\libg.a(libc_a-callocr.o) (_malloc_r)
c:/vsarm/armcc/1142da~1.3re/bin/../lib/gcc/arm-none-eabi/11.3.1/thumb/v6-m/nofp\libg.a(libc_a-mlock.o)
                              c:/vsarm/armcc/1142da~1.3re/bin/../lib/gcc/arm-none-eabi/11.3.1/thumb/v6-m/nofp\libg.a(libc_a-mallocr.o) (__malloc_lock)
c:/vsarm/armcc/1142da~1.3re/bin/../lib/gcc/arm-none-eabi/11.3.1/thumb/v6-m/nofp\libg.a(libc_a-realloc.o)
                              CMakeFiles/JigMKIICode.dir/C_/VSARM/sdk/pico/pico-sdk/src/rp2_common/pico_malloc/pico_malloc.c.obj (realloc)
c:/vsarm/armcc/1142da~1.3re/bin/../lib/gcc/arm-none-eabi/11.3.1/thumb/v6-m/nofp\libg.a(libc_a-reallocr.o)
                              c:/vsarm/armcc/1142da~1.3re/bin/../lib/gcc/arm-none-eabi/11.3.1/thumb/v6-m/nofp\libg.a(libc_a-realloc.o) (_realloc_r)
c:/vsarm/armcc/1142da~1.3re/bin/../lib/gcc/arm-none-eabi/11.3.1/thumb/v6-m/nofp\libg.a(libc_a-memcmp.o)
                              CMakeFiles/JigMKIICode.dir/dac.c.obj (memcmp)
c:/vsarm/armcc/1142da~1.3re/bin/../lib/gcc/arm-none-eabi/11.3.1/thumb/v6-m/nofp\libg.a(libc_a-memmove.o)
                              CMakeFiles/JigMKIICode.dir/comms.c.obj (memmove)
c:/vsarm/armcc/1142da~1.3re/bin/../lib/gcc/arm-none-eabi/11.3.1/thumb/v6-m/nofp\libg.a(libc_a-impure.o)
                              c:/vsarm/armcc/1142da~1.3re/bin/../lib/gcc/arm-none-eabi/11.3.1/thumb/v6-m/nofp\libg.a(libc_a-calloc.o) (_impure_ptr)
c:/vsarm/armcc/1142da~1.3re/bin/../lib/gcc/arm-none-eabi/11.3.1/thumb/v6-m/nofp\libg.a(libc_a-sbrkr.o)
                              c:/vsarm/armcc/1142da~1.3re/bin/../lib/gcc/arm-none-eabi/11.3.1/thumb/v6-m/nofp\libg.a(libc_a-mallocr.o) (_sbrk_r)
c:/vsarm/armcc/1142da~1.3re/bin/../lib/gcc/arm-none-eabi/11.3.1/thumb/v6-m/nofp\libg.a(libc_a-errno.o)
                              c:/vsarm/armcc/1142da~1.3re/bin/../lib/gcc/arm-none-eabi/11.3.1/thumb/v6-m/nofp\libg.a(libc_a-callocr.o) (__errno)
c:/vsarm/armcc/1142da~1.3re/bin/../lib/gcc/arm-none-eabi/11.3.1/thumb/v6-m/nofp\libg.a(libc_a-init.o)
                              c:/vsarm/armcc/1142da~1.3re/bin/../lib/gcc/arm-none-eabi/11.3.1/thumb/v6-m/nofp/crt0.o (__libc_init_array)
c:/vsarm/armcc/1142da~1.3re/bin/../lib/gcc/arm-none-eabi/11.3.1/thumb/v6-m/nofp\libg.a(libc_a-lock.o)
                              c:/vsarm/armcc/1142da~1.3re/bin/../lib/gcc/arm-none-eabi/11.3.1/thumb/v6-m/nofp\libg.a(libc_a-mlock.o) (__retarget_lock_acquire_recursive)
c:/vsarm/armcc/1142da~1.3re/bin/../lib/gcc/arm-none-eabi/11.3.1/thumb/v6-m/nofp\libg.a(libc_a-strlen-stub.o)
                              CMakeFiles/JigMKIICode.dir/C_/VSARM/sdk/pico/pico-sdk/src/rp2_common/pico_stdio/stdio.c.obj (strlen)
c:/vsarm/armcc/1142da~1.3re/bin/../lib/gcc/arm-none-eabi/11.3.1/thumb/v6-m/nofp\libg.a(libc_a-freer.o)
                              c:/vsarm/armcc/1142da~1.3re/bin/../lib/gcc/arm-none-eabi/11.3.1/thumb/v6-m/nofp\libg.a(libc_a-malloc.o) (_free_r)
c:/vsarm/armcc/1142da~1.3re/bin/../lib/gcc/arm-none-eabi/11.3.1/thumb/v6-m/nofp\libg.a(libc_a-findfp.o)
                              c:/vsarm/armcc/1142da~1.3re/bin/../lib/gcc/arm-none-eabi/11.3.1/thumb/v6-m/nofp\libg.a(libc_a-impure.o) (__sf)
c:/vsarm/armcc/1142da~1.3re/bin/../lib/gcc/arm-none-eabi/11.3.1/thumb/v6-m/nofp\libg.a(libc_a-fwalk.o)
                              c:/vsarm/armcc/1142da~1.3re/bin/../lib/gcc/arm-none-eabi/11.3.1/thumb/v6-m/nofp\libg.a(libc_a-findfp.o) (_fwalk_sglue)
c:/vsarm/armcc/1142da~1.3re/bin/../lib/gcc/arm-none-eabi/11.3.1/thumb/v6-m/nofp\libg.a(libc_a-stdio.o)
                              c:/vsarm/armcc/1142da~1.3re/bin/../lib/gcc/arm-none-eabi/11.3.1/thumb/v6-m/nofp\libg.a(libc_a-findfp.o) (__sread)
[...]
Memory Configuration

Name             Origin             Length             Attributes
FLASH            0x10000000         0x00200000         xr
RAM              0x20000000         0x00040000         xrw
SCRATCH_X        0x20040000         0x00001000         xrw
SCRATCH_Y        0x20041000         0x00001000         xrw
*default*        0x00000000         0xffffffff

Linker script and memory map

LOAD c:/vsarm/armcc/1142da~1.3re/bin/../lib/gcc/arm-none-eabi/11.3.1/thumb/v6-m/nofp/crti.o
LOAD c:/vsarm/armcc/1142da~1.3re/bin/../lib/gcc/arm-none-eabi/11.3.1/thumb/v6-m/nofp/crtbegin.o
LOAD c:/vsarm/armcc/1142da~1.3re/bin/../lib/gcc/arm-none-eabi/11.3.1/thumb/v6-m/nofp/crt0.o

.flash_begin    0x10000000        0x0
                0x10000000                __flash_binary_start = .

.boot2          0x10000000      0x100
                0x10000000                __boot2_start__ = .
 *(.boot2)
 .boot2         0x10000000      0x100 C:\Users\KEVIN~1.COR\AppData\Local\Temp\ccWapZy1.o
                0x10000100                __boot2_end__ = .
                0x00000001                ASSERT (((__boot2_end__ - __boot2_start__) == 0x100), ERROR: Pico second stage bootloader must be 256 bytes in size)

.text           0x10000100     0xaea0
                0x10000100                __logical_binary_start = .
 *(.vectors)
 .vectors       0x10000100       0xd4 CMakeFiles/JigMKIICode.dir/C_/VSARM/sdk/pico/pico-sdk/src/rp2_common/pico_standard_link/crt0.S.obj
                0x10000100                __VECTOR_TABLE
                0x10000100                __vectors
                0x100001c0                isr_invalid
                0x100001c0                __default_isrs_start
                0x100001c2                isr_nmi
                0x100001c4                isr_hardfault
                0x100001c6                isr_svcall
                0x100001c8                isr_pendsv
                0x100001ca                isr_systick
                0x100001cc                isr_irq23
                0x100001cc                isr_irq18
                0x100001cc                isr_irq11
                0x100001cc                isr_irq28
                0x100001cc                isr_irq19
                0x100001cc                isr_irq0
                0x100001cc                isr_irq6
                0x100001cc                isr_irq5
                0x100001cc                isr_irq12
                0x100001cc                isr_irq22
                0x100001cc                isr_irq31
                0x100001cc                isr_irq17
                0x100001cc                isr_irq27
                0x100001cc                isr_irq30
                0x100001cc                isr_irq2
                0x100001cc                isr_irq10
                0x100001cc                isr_irq8
                0x100001cc                isr_irq24
                0x100001cc                isr_irq1
                0x100001cc                isr_irq7
                0x100001cc                isr_irq21
                0x100001cc                isr_irq20
                0x100001cc                isr_irq15
                0x100001cc                isr_irq25
                0x100001cc                isr_irq13
                0x100001cc                __unhandled_user_irq
                0x100001cc                isr_irq4
                0x100001cc                isr_irq16
                0x100001cc                isr_irq29
                0x100001cc                isr_irq26
                0x100001cc                __default_isrs_end
                0x100001cc                isr_irq3
                0x100001cc                isr_irq14
                0x100001cc                isr_irq9
                0x100001d2                unhandled_user_irq_num_in_r0
 *(.binary_info_header)
 .binary_info_header
                0x100001d4       0x14 CMakeFiles/JigMKIICode.dir/C_/VSARM/sdk/pico/pico-sdk/src/rp2_common/pico_standard_link/crt0.S.obj
                0x100001e8                __binary_info_header_end = .
 *(.reset)
 .reset         0x100001e8       0xa0 CMakeFiles/JigMKIICode.dir/C_/VSARM/sdk/pico/pico-sdk/src/rp2_common/pico_standard_link/crt0.S.obj
                0x100001e8                _entry_point
 .reset         0x10000288       0x30 CMakeFiles/JigMKIICode.dir/C_/VSARM/sdk/pico/pico-sdk/src/rp2_common/pico_standard_link/binary_info.c.obj
 *(.init)
 .init          0x100002b8        0x4 c:/vsarm/armcc/1142da~1.3re/bin/../lib/gcc/arm-none-eabi/11.3.1/thumb/v6-m/nofp/crti.o
                0x100002b8                _init
 *(EXCLUDE_FILE(*libm.a: *libc.a:*lib_a-mem*.o *libgcc.a:) .text*)
 .text.register_tm_clones
                0x100002bc       0x28 c:/vsarm/armcc/1142da~1.3re/bin/../lib/gcc/arm-none-eabi/11.3.1/thumb/v6-m/nofp/crtbegin.o
 .text.frame_dummy
                0x100002e4       0x24 c:/vsarm/armcc/1142da~1.3re/bin/../lib/gcc/arm-none-eabi/11.3.1/thumb/v6-m/nofp/crtbegin.o
 .text.get_temperature_isr
                0x10000308        0xc CMakeFiles/JigMKIICode.dir/main.c.obj
 .text.timer_counter_isr
                0x10000314       0xbc CMakeFiles/JigMKIICode.dir/main.c.obj
                0x10000314                timer_counter_isr
 .text.timer_heartbeat_isr
                0x100003d0       0x22 CMakeFiles/JigMKIICode.dir/main.c.obj
 *fill*         0x100003f2        0x2 
 .text.spi_slave_rx_isr
                0x100003f4      0x144 CMakeFiles/JigMKIICode.dir/main.c.obj
 .text.add_repeating_timer_ms
                0x10000538       0x3c CMakeFiles/JigMKIICode.dir/main.c.obj
 .text.uart_rx_isr
                0x10000574      0x124 CMakeFiles/JigMKIICode.dir/main.c.obj
 .text.ADC_Read
                0x10000698       0xe4 CMakeFiles/JigMKIICode.dir/main.c.obj
                0x10000698                ADC_Read
 .text.getTemperatureStatus
                0x1000077c       0x64 CMakeFiles/JigMKIICode.dir/main.c.obj
 .text.BaudRate_Update
                0x100007e0       0x20 CMakeFiles/JigMKIICode.dir/main.c.obj
                0x100007e0                BaudRate_Update
 .text.Watchdog
                0x10000800        0x8 CMakeFiles/JigMKIICode.dir/main.c.obj
                0x10000800                Watchdog
 .text.main     0x10000808      0x3a0 CMakeFiles/JigMKIICode.dir/main.c.obj
                0x10000808                main
 .text.p2pTxByteMaster
                0x10000ba8       0x6c CMakeFiles/JigMKIICode.dir/comms.c.obj
 .text.p2pTxByteSlave
                0x10000c14       0x6c CMakeFiles/JigMKIICode.dir/comms.c.obj
 .text.p2pRxByteMaster
                0x10000c80       0x54 CMakeFiles/JigMKIICode.dir/comms.c.obj
                0x10000c80                p2pRxByteMaster
 .text.p2pRxByteSlave
                0x10000cd4       0x54 CMakeFiles/JigMKIICode.dir/comms.c.obj
                0x10000cd4                p2pRxByteSlave
 .text.p2pPollMaster
                0x10000d28      0xa20 CMakeFiles/JigMKIICode.dir/comms.c.obj
                0x10000d28                p2pPollMaster
 .text.p2pPollSlaveRead
                0x10001748      0x214 CMakeFiles/JigMKIICode.dir/comms.c.obj
                0x10001748                p2pPollSlaveRead
 .text.p2pPollSlaveWrite
                0x1000195c      0x870 CMakeFiles/JigMKIICode.dir/comms.c.obj
                0x1000195c                p2pPollSlaveWrite
 .text.p2pPollSlaveWritePassThrough
                0x100021cc      0x1cc CMakeFiles/JigMKIICode.dir/comms.c.obj
                0x100021cc                p2pPollSlaveWritePassThrough
 .text.UART_CheckResponse
                0x10002398       0x9c CMakeFiles/JigMKIICode.dir/dac.c.obj
                0x10002398                UART_CheckResponse
 .text.MUX_Set  0x10002434      0x86c CMakeFiles/JigMKIICode.dir/dac.c.obj
                0x10002434                MUX_Set
 .text.DAC_Check
                0x10002ca0      0xfb8 CMakeFiles/JigMKIICode.dir/dac.c.obj
                0x10002ca0                DAC_Check
 .text.gpio_set_function
                0x10003c58       0x30 CMakeFiles/JigMKIICode.dir/C_/VSARM/sdk/pico/pico-sdk/src/rp2_common/hardware_gpio/gpio.c.obj
                0x10003c58                gpio_set_function
 .text.gpio_set_pulls
                0x10003c88       0x34 CMakeFiles/JigMKIICode.dir/C_/VSARM/sdk/pico/pico-sdk/src/rp2_common/hardware_gpio/gpio.c.obj
                0x10003c88                gpio_set_pulls
 .text.gpio_init
                0x10003cbc       0x16 CMakeFiles/JigMKIICode.dir/C_/VSARM/sdk/pico/pico-sdk/src/rp2_common/hardware_gpio/gpio.c.obj
                0x10003cbc                gpio_init
 *fill*         0x10003cd2        0x2 
 .text.running_on_fpga
                0x10003cd4       0x14 CMakeFiles/JigMKIICode.dir/C_/VSARM/sdk/pico/pico-sdk/src/rp2_common/pico_platform/platform.c.obj
                0x10003cd4                running_on_fpga
 .text.hw_claim_lock
                0x10003ce8       0x18 CMakeFiles/JigMKIICode.dir/C_/VSARM/sdk/pico/pico-sdk/src/rp2_common/hardware_claim/claim.c.obj
                0x10003ce8                hw_claim_lock
 .text.hw_claim_unlock
                0x10003d00       0x14 CMakeFiles/JigMKIICode.dir/C_/VSARM/sdk/pico/pico-sdk/src/rp2_common/hardware_claim/claim.c.obj
                0x10003d00                hw_claim_unlock
 .text.hw_claim_or_assert
                0x10003d14       0x32 CMakeFiles/JigMKIICode.dir/C_/VSARM/sdk/pico/pico-sdk/src/rp2_common/hardware_claim/claim.c.obj
                0x10003d14                hw_claim_or_assert
 .text.hw_claim_unused_from_range
                0x10003d46       0x50 CMakeFiles/JigMKIICode.dir/C_/VSARM/sdk/pico/pico-sdk/src/rp2_common/hardware_claim/claim.c.obj
                0x10003d46                hw_claim_unused_from_range
 *fill*         0x10003d96        0x2 
 .text.spin_locks_reset
                0x10003d98       0x20 CMakeFiles/JigMKIICode.dir/C_/VSARM/sdk/pico/pico-sdk/src/rp2_common/hardware_sync/sync.c.obj
                0x10003d98                spin_locks_reset
 .text.next_striped_spin_lock_num
                0x10003db8       0x1c CMakeFiles/JigMKIICode.dir/C_/VSARM/sdk/pico/pico-sdk/src/rp2_common/hardware_sync/sync.c.obj
                0x10003db8                next_striped_spin_lock_num
 .text.spin_lock_claim_unused
                0x10003dd4       0x24 CMakeFiles/JigMKIICode.dir/C_/VSARM/sdk/pico/pico-sdk/src/rp2_common/hardware_sync/sync.c.obj
                0x10003dd4                spin_lock_claim_unused
 .text.set_raw_irq_handler_and_unlock
                0x10003df8       0x28 CMakeFiles/JigMKIICode.dir/C_/VSARM/sdk/pico/pico-sdk/src/rp2_common/hardware_irq/irq.c.obj
 .text.make_branch
                0x10003e20       0x48 CMakeFiles/JigMKIICode.dir/C_/VSARM/sdk/pico/pico-sdk/src/rp2_common/hardware_irq/irq.c.obj
 .text.insert_branch_and_link
                0x10003e68       0x40 CMakeFiles/JigMKIICode.dir/C_/VSARM/sdk/pico/pico-sdk/src/rp2_common/hardware_irq/irq.c.obj
 .text.irq_is_enabled
                0x10003ea8       0x18 CMakeFiles/JigMKIICode.dir/C_/VSARM/sdk/pico/pico-sdk/src/rp2_common/hardware_irq/irq.c.obj
                0x10003ea8                irq_is_enabled
 .text.irq_set_mask_enabled
                0x10003ec0       0x20 CMakeFiles/JigMKIICode.dir/C_/VSARM/sdk/pico/pico-sdk/src/rp2_common/hardware_irq/irq.c.obj
                0x10003ec0                irq_set_mask_enabled
 .text.irq_set_enabled
                0x10003ee0        0xe CMakeFiles/JigMKIICode.dir/C_/VSARM/sdk/pico/pico-sdk/src/rp2_common/hardware_irq/irq.c.obj
                0x10003ee0                irq_set_enabled
 *fill*         0x10003eee        0x2 
 .text.irq_set_pending
                0x10003ef0       0x10 CMakeFiles/JigMKIICode.dir/C_/VSARM/sdk/pico/pico-sdk/src/rp2_common/hardware_irq/irq.c.obj
                0x10003ef0                irq_set_pending
 .text.irq_get_vtable_handler
                0x10003f00       0x10 CMakeFiles/JigMKIICode.dir/C_/VSARM/sdk/pico/pico-sdk/src/rp2_common/hardware_irq/irq.c.obj
                0x10003f00                irq_get_vtable_handler
 .text.irq_has_shared_handler
                0x10003f10       0x24 CMakeFiles/JigMKIICode.dir/C_/VSARM/sdk/pico/pico-sdk/src/rp2_common/hardware_irq/irq.c.obj
                0x10003f10                irq_has_shared_handler
 .text.irq_set_exclusive_handler
                0x10003f34       0x54 CMakeFiles/JigMKIICode.dir/C_/VSARM/sdk/pico/pico-sdk/src/rp2_common/hardware_irq/irq.c.obj
                0x10003f34                irq_set_exclusive_handler
 .text.irq_add_shared_handler
                0x10003f88      0x230 CMakeFiles/JigMKIICode.dir/C_/VSARM/sdk/pico/pico-sdk/src/rp2_common/hardware_irq/irq.c.obj
                0x10003f88                irq_add_shared_handler
 .text.irq_remove_handler
                0x100041b8      0x1a8 CMakeFiles/JigMKIICode.dir/C_/VSARM/sdk/pico/pico-sdk/src/rp2_common/hardware_irq/irq.c.obj
                0x100041b8                irq_remove_handler
 .text.irq_add_tail_to_free_list
                0x10004360       0xf0 CMakeFiles/JigMKIICode.dir/C_/VSARM/sdk/pico/pico-sdk/src/rp2_common/hardware_irq/irq.c.obj
                0x10004360                irq_add_tail_to_free_list
 .text.irq_init_priorities
                0x10004450       0x1c CMakeFiles/JigMKIICode.dir/C_/VSARM/sdk/pico/pico-sdk/src/rp2_common/hardware_irq/irq.c.obj
                0x10004450                irq_init_priorities
 .text.user_irq_claim_unused
                0x1000446c       0x2c CMakeFiles/JigMKIICode.dir/C_/VSARM/sdk/pico/pico-sdk/src/rp2_common/hardware_irq/irq.c.obj
                0x1000446c                user_irq_claim_unused
 .text.lock_init
                0x10004498       0x10 CMakeFiles/JigMKIICode.dir/C_/VSARM/sdk/pico/pico-sdk/src/common/pico_sync/lock_core.c.obj
                0x10004498                lock_init
 .text.mutex_init
                0x100044a8       0x1a CMakeFiles/JigMKIICode.dir/C_/VSARM/sdk/pico/pico-sdk/src/common/pico_sync/mutex.c.obj
                0x100044a8                mutex_init
 .text.recursive_mutex_init
                0x100044c2       0x1e CMakeFiles/JigMKIICode.dir/C_/VSARM/sdk/pico/pico-sdk/src/common/pico_sync/mutex.c.obj
                0x100044c2                recursive_mutex_init
 .text.critical_section_init_with_lock_num
                0x100044e0       0x14 CMakeFiles/JigMKIICode.dir/C_/VSARM/sdk/pico/pico-sdk/src/common/pico_sync/critical_section.c.obj
                0x100044e0                critical_section_init_with_lock_num
 .text.critical_section_init
                0x100044f4       0x14 CMakeFiles/JigMKIICode.dir/C_/VSARM/sdk/pico/pico-sdk/src/common/pico_sync/critical_section.c.obj
                0x100044f4                critical_section_init
 .text.repeating_timer_callback
                0x10004508       0x40 CMakeFiles/JigMKIICode.dir/C_/VSARM/sdk/pico/pico-sdk/src/common/pico_time/time.c.obj
 .text.alarm_pool_post_alloc_init
                0x10004548       0x40 CMakeFiles/JigMKIICode.dir/C_/VSARM/sdk/pico/pico-sdk/src/common/pico_time/time.c.obj
 .text.sleep_until_callback
                0x10004588       0x30 CMakeFiles/JigMKIICode.dir/C_/VSARM/sdk/pico/pico-sdk/src/common/pico_time/time.c.obj
 .text.timer_pool_entry_comparator
                0x100045b8       0x78 CMakeFiles/JigMKIICode.dir/C_/VSARM/sdk/pico/pico-sdk/src/common/pico_time/time.c.obj
                0x100045b8                timer_pool_entry_comparator
 .text.ph_add_child_node
                0x10004630       0xa0 CMakeFiles/JigMKIICode.dir/C_/VSARM/sdk/pico/pico-sdk/src/common/pico_time/time.c.obj
 .text.ph_merge_nodes
                0x100046d0       0x3e CMakeFiles/JigMKIICode.dir/C_/VSARM/sdk/pico/pico-sdk/src/common/pico_time/time.c.obj
 *fill*         0x1000470e        0x2 
 .text.add_alarm_under_lock
                0x10004710      0x16c CMakeFiles/JigMKIICode.dir/C_/VSARM/sdk/pico/pico-sdk/src/common/pico_time/time.c.obj
 .text.alarm_pool_alarm_callback
                0x1000487c      0x33c CMakeFiles/JigMKIICode.dir/C_/VSARM/sdk/pico/pico-sdk/src/common/pico_time/time.c.obj
 .text.alarm_pool_init_default
                0x10004bb8       0x40 CMakeFiles/JigMKIICode.dir/C_/VSARM/sdk/pico/pico-sdk/src/common/pico_time/time.c.obj
                0x10004bb8                alarm_pool_init_default
 .text.alarm_pool_get_default
                0x10004bf8       0x2c CMakeFiles/JigMKIICode.dir/C_/VSARM/sdk/pico/pico-sdk/src/common/pico_time/time.c.obj
                0x10004bf8                alarm_pool_get_default
 .text.alarm_pool_add_alarm_at
                0x10004c24      0x16c CMakeFiles/JigMKIICode.dir/C_/VSARM/sdk/pico/pico-sdk/src/common/pico_time/time.c.obj
                0x10004c24                alarm_pool_add_alarm_at
 .text.alarm_pool_cancel_alarm
                0x10004d90       0xec CMakeFiles/JigMKIICode.dir/C_/VSARM/sdk/pico/pico-sdk/src/common/pico_time/time.c.obj
                0x10004d90                alarm_pool_cancel_alarm
 .text.alarm_pool_core_num
                0x10004e7c        0x4 CMakeFiles/JigMKIICode.dir/C_/VSARM/sdk/pico/pico-sdk/src/common/pico_time/time.c.obj
                0x10004e7c                alarm_pool_core_num
 .text.alarm_pool_add_repeating_timer_us
                0x10004e80       0x94 CMakeFiles/JigMKIICode.dir/C_/VSARM/sdk/pico/pico-sdk/src/common/pico_time/time.c.obj
                0x10004e80                alarm_pool_add_repeating_timer_us
 .text.sleep_until
                0x10004f14       0xfc CMakeFiles/JigMKIICode.dir/C_/VSARM/sdk/pico/pico-sdk/src/common/pico_time/time.c.obj
                0x10004f14                sleep_until
 .text.sleep_us
                0x10005010       0x58 CMakeFiles/JigMKIICode.dir/C_/VSARM/sdk/pico/pico-sdk/src/common/pico_time/time.c.obj
                0x10005010                sleep_us
 .text.sleep_ms
                0x10005068       0x14 CMakeFiles/JigMKIICode.dir/C_/VSARM/sdk/pico/pico-sdk/src/common/pico_time/time.c.obj
                0x10005068                sleep_ms
 .text.best_effort_wfe_or_timeout
                0x1000507c       0xac CMakeFiles/JigMKIICode.dir/C_/VSARM/sdk/pico/pico-sdk/src/common/pico_time/time.c.obj
                0x1000507c                best_effort_wfe_or_timeout
 .text.hardware_alarm_irq_handler
                0x10005128       0x8c CMakeFiles/JigMKIICode.dir/C_/VSARM/sdk/pico/pico-sdk/src/rp2_common/hardware_timer/timer.c.obj
 .text.hardware_alarm_claim
                0x100051b4       0x18 CMakeFiles/JigMKIICode.dir/C_/VSARM/sdk/pico/pico-sdk/src/rp2_common/hardware_timer/timer.c.obj
                0x100051b4                hardware_alarm_claim
 .text.time_us_64
                0x100051cc       0x18 CMakeFiles/JigMKIICode.dir/C_/VSARM/sdk/pico/pico-sdk/src/rp2_common/hardware_timer/timer.c.obj
                0x100051cc                time_us_64
 .text.busy_wait_until
                0x100051e4       0x28 CMakeFiles/JigMKIICode.dir/C_/VSARM/sdk/pico/pico-sdk/src/rp2_common/hardware_timer/timer.c.obj
                0x100051e4                busy_wait_until
 .text.hardware_alarm_set_callback
                0x1000520c       0x90 CMakeFiles/JigMKIICode.dir/C_/VSARM/sdk/pico/pico-sdk/src/rp2_common/hardware_timer/timer.c.obj
                0x1000520c                hardware_alarm_set_callback
 .text.hardware_alarm_set_target
                0x1000529c       0xe8 CMakeFiles/JigMKIICode.dir/C_/VSARM/sdk/pico/pico-sdk/src/rp2_common/hardware_timer/timer.c.obj
                0x1000529c                hardware_alarm_set_target
 .text.hardware_alarm_cancel
                0x10005384       0x40 CMakeFiles/JigMKIICode.dir/C_/VSARM/sdk/pico/pico-sdk/src/rp2_common/hardware_timer/timer.c.obj
                0x10005384                hardware_alarm_cancel
 .text.ph_add_child_node
                0x100053c4       0xa0 CMakeFiles/JigMKIICode.dir/C_/VSARM/sdk/pico/pico-sdk/src/common/pico_util/pheap.c.obj
 .text.ph_merge_nodes
                0x10005464       0x3e CMakeFiles/JigMKIICode.dir/C_/VSARM/sdk/pico/pico-sdk/src/common/pico_util/pheap.c.obj
 *fill*         0x100054a2        0x2 
 .text.ph_clear
                0x100054a4       0x70 CMakeFiles/JigMKIICode.dir/C_/VSARM/sdk/pico/pico-sdk/src/common/pico_util/pheap.c.obj
                0x100054a4                ph_clear
 .text.ph_post_alloc_init
                0x10005514        0xe CMakeFiles/JigMKIICode.dir/C_/VSARM/sdk/pico/pico-sdk/src/common/pico_util/pheap.c.obj
                0x10005514                ph_post_alloc_init
 *fill*         0x10005522        0x2 
 .text.ph_merge_two_pass
                0x10005524       0xa4 CMakeFiles/JigMKIICode.dir/C_/VSARM/sdk/pico/pico-sdk/src/common/pico_util/pheap.c.obj
                0x10005524                ph_merge_two_pass
 .text.ph_remove_any_head
                0x100055c8      0x120 CMakeFiles/JigMKIICode.dir/C_/VSARM/sdk/pico/pico-sdk/src/common/pico_util/pheap.c.obj
 .text.ph_remove_head
                0x100056e8       0x14 CMakeFiles/JigMKIICode.dir/C_/VSARM/sdk/pico/pico-sdk/src/common/pico_util/pheap.c.obj
                0x100056e8                ph_remove_head
 .text.ph_remove_and_free_node
                0x100056fc       0xf8 CMakeFiles/JigMKIICode.dir/C_/VSARM/sdk/pico/pico-sdk/src/common/pico_util/pheap.c.obj
                0x100056fc                ph_remove_and_free_node
 .text.uart_set_baudrate
                0x100057f4       0x5c CMakeFiles/JigMKIICode.dir/C_/VSARM/sdk/pico/pico-sdk/src/rp2_common/hardware_uart/uart.c.obj
                0x100057f4                uart_set_baudrate
 .text.uart_set_translate_crlf
                0x10005850       0x28 CMakeFiles/JigMKIICode.dir/C_/VSARM/sdk/pico/pico-sdk/src/rp2_common/hardware_uart/uart.c.obj
                0x10005850                uart_set_translate_crlf
 .text.uart_init
                0x10005878       0x80 CMakeFiles/JigMKIICode.dir/C_/VSARM/sdk/pico/pico-sdk/src/rp2_common/hardware_uart/uart.c.obj
                0x10005878                uart_init
 .text.clock_configure
                0x100058f8      0x104 CMakeFiles/JigMKIICode.dir/C_/VSARM/sdk/pico/pico-sdk/src/rp2_common/hardware_clocks/clocks.c.obj
                0x100058f8                clock_configure
 .text.clocks_init
                0x100059fc      0x100 CMakeFiles/JigMKIICode.dir/C_/VSARM/sdk/pico/pico-sdk/src/rp2_common/hardware_clocks/clocks.c.obj
                0x100059fc                clocks_init
 .text.clock_get_hz
                0x10005afc        0xc CMakeFiles/JigMKIICode.dir/C_/VSARM/sdk/pico/pico-sdk/src/rp2_common/hardware_clocks/clocks.c.obj
                0x10005afc                clock_get_hz
 .text.pll_init
                0x10005b08      0x12c CMakeFiles/JigMKIICode.dir/C_/VSARM/sdk/pico/pico-sdk/src/rp2_common/hardware_pll/pll.c.obj
                0x10005b08                pll_init
 .text.watchdog_start_tick
                0x10005c34       0x10 CMakeFiles/JigMKIICode.dir/C_/VSARM/sdk/pico/pico-sdk/src/rp2_common/hardware_watchdog/watchdog.c.obj
                0x10005c34                watchdog_start_tick
 .text.watchdog_update
                0x10005c44       0x14 CMakeFiles/JigMKIICode.dir/C_/VSARM/sdk/pico/pico-sdk/src/rp2_common/hardware_watchdog/watchdog.c.obj
                0x10005c44                watchdog_update
 .text._watchdog_enable
                0x10005c58       0x78 CMakeFiles/JigMKIICode.dir/C_/VSARM/sdk/pico/pico-sdk/src/rp2_common/hardware_watchdog/watchdog.c.obj
                0x10005c58                _watchdog_enable
 .text.watchdog_enable
                0x10005cd0       0x18 CMakeFiles/JigMKIICode.dir/C_/VSARM/sdk/pico/pico-sdk/src/rp2_common/hardware_watchdog/watchdog.c.obj
                0x10005cd0                watchdog_enable
 .text.watchdog_reboot
                0x10005ce8       0x48 CMakeFiles/JigMKIICode.dir/C_/VSARM/sdk/pico/pico-sdk/src/rp2_common/hardware_watchdog/watchdog.c.obj
                0x10005ce8                watchdog_reboot
 .text.xosc_init
                0x10005d30       0x28 CMakeFiles/JigMKIICode.dir/C_/VSARM/sdk/pico/pico-sdk/src/rp2_common/hardware_xosc/xosc.c.obj
                0x10005d30                xosc_init
 .text._exit    0x10005d58        0x4 CMakeFiles/JigMKIICode.dir/C_/VSARM/sdk/pico/pico-sdk/src/rp2_common/pico_runtime/runtime.c.obj
                0x10005d58                _exit
 .text.exit     0x10005d5c        0x6 CMakeFiles/JigMKIICode.dir/C_/VSARM/sdk/pico/pico-sdk/src/rp2_common/pico_runtime/runtime.c.obj
                0x10005d5c                exit
 *fill*         0x10005d62        0x2 
 .text.__assert_func
                0x10005d64       0x3c CMakeFiles/JigMKIICode.dir/C_/VSARM/sdk/pico/pico-sdk/src/rp2_common/pico_runtime/runtime.c.obj
                0x10005d64                __assert_func
 .text.runtime_init
                0x10005da0       0xf8 CMakeFiles/JigMKIICode.dir/C_/VSARM/sdk/pico/pico-sdk/src/rp2_common/pico_runtime/runtime.c.obj
                0x10005da0                runtime_init
 .text.panic    0x10005e98       0x30 CMakeFiles/JigMKIICode.dir/C_/VSARM/sdk/pico/pico-sdk/src/rp2_common/pico_runtime/runtime.c.obj
                0x10005e98                panic
 .text._out_null
                0x10005ec8        0x2 CMakeFiles/JigMKIICode.dir/C_/VSARM/sdk/pico/pico-sdk/src/rp2_common/pico_printf/printf.c.obj
 .text._out_fct
                0x10005eca        0xe CMakeFiles/JigMKIICode.dir/C_/VSARM/sdk/pico/pico-sdk/src/rp2_common/pico_printf/printf.c.obj
 .text._atoi    0x10005ed8       0x24 CMakeFiles/JigMKIICode.dir/C_/VSARM/sdk/pico/pico-sdk/src/rp2_common/pico_printf/printf.c.obj
 .text._out_rev
                0x10005efc       0xae CMakeFiles/JigMKIICode.dir/C_/VSARM/sdk/pico/pico-sdk/src/rp2_common/pico_printf/printf.c.obj
 .text._ntoa_format
                0x10005faa      0x112 CMakeFiles/JigMKIICode.dir/C_/VSARM/sdk/pico/pico-sdk/src/rp2_common/pico_printf/printf.c.obj
 .text._ntoa_long
                0x100060bc       0xbc CMakeFiles/JigMKIICode.dir/C_/VSARM/sdk/pico/pico-sdk/src/rp2_common/pico_printf/printf.c.obj
 .text._ntoa_long_long
                0x10006178       0xe2 CMakeFiles/JigMKIICode.dir/C_/VSARM/sdk/pico/pico-sdk/src/rp2_common/pico_printf/printf.c.obj
 *fill*         0x1000625a        0x2 
 .text._etoa    0x1000625c      0x414 CMakeFiles/JigMKIICode.dir/C_/VSARM/sdk/pico/pico-sdk/src/rp2_common/pico_printf/printf.c.obj
 .text._ftoa    0x10006670      0x354 CMakeFiles/JigMKIICode.dir/C_/VSARM/sdk/pico/pico-sdk/src/rp2_common/pico_printf/printf.c.obj
 .text._vsnprintf
                0x100069c4      0x650 CMakeFiles/JigMKIICode.dir/C_/VSARM/sdk/pico/pico-sdk/src/rp2_common/pico_printf/printf.c.obj
 .text.vfctprintf
                0x10007014       0x20 CMakeFiles/JigMKIICode.dir/C_/VSARM/sdk/pico/pico-sdk/src/rp2_common/pico_printf/printf.c.obj
                0x10007014                vfctprintf
 .text          0x10007034       0x10 CMakeFiles/JigMKIICode.dir/C_/VSARM/sdk/pico/pico-sdk/src/rp2_common/pico_bit_ops/bit_ops_aeabi.S.obj
 .text.rom_func_lookup
                0x10007044       0x10 CMakeFiles/JigMKIICode.dir/C_/VSARM/sdk/pico/pico-sdk/src/rp2_common/pico_bootrom/bootrom.c.obj
                0x10007044                rom_func_lookup
 .text.rom_data_lookup
                0x10007054       0x10 CMakeFiles/JigMKIICode.dir/C_/VSARM/sdk/pico/pico-sdk/src/rp2_common/pico_bootrom/bootrom.c.obj
                0x10007054                rom_data_lookup
 .text.rom_funcs_lookup
                0x10007064       0x36 CMakeFiles/JigMKIICode.dir/C_/VSARM/sdk/pico/pico-sdk/src/rp2_common/pico_bootrom/bootrom.c.obj
                0x10007064                rom_funcs_lookup
 *fill*         0x1000709a        0x2 
 .text.__wrap___aeabi_idiv
                0x1000709c       0x50 CMakeFiles/JigMKIICode.dir/C_/VSARM/sdk/pico/pico-sdk/src/rp2_common/pico_divider/divider.S.obj
                0x1000709c                __wrap___aeabi_idivmod
                0x1000709c                divmod_s32s32
                0x1000709c                div_s32s32
                0x1000709c                __wrap___aeabi_idiv
                0x100070a4                divmod_s32s32_unsafe
                0x100070d0                divmod_s32s32_savestate
 .text.__wrap___aeabi_uidiv
                0x100070ec       0x4c CMakeFiles/JigMKIICode.dir/C_/VSARM/sdk/pico/pico-sdk/src/rp2_common/pico_divider/divider.S.obj
                0x100070ec                __wrap___aeabi_uidiv
                0x100070ec                __wrap___aeabi_uidivmod
                0x100070ec                div_u32u32
                0x100070ec                divmod_u32u32
                0x100070f4                divmod_u32u32_unsafe
                0x1000711c                divmod_u32u32_savestate
 .text.__wrap___aeabi_ldiv
                0x10007138      0x424 CMakeFiles/JigMKIICode.dir/C_/VSARM/sdk/pico/pico-sdk/src/rp2_common/pico_divider/divider.S.obj
                0x10007138                div_s64s64
                0x10007138                divmod_s64s64
                0x10007138                __wrap___aeabi_ldivmod
                0x10007168                divmod_u64u64
                0x10007168                div_u64u64
                0x10007168                __wrap___aeabi_uldivmod
                0x10007178                divmod_u64u64_savestate
                0x10007198                divmod_s64s64_unsafe
                0x10007220                divmod_u64u64_unsafe
 .text.__wrap___aeabi_darithmetic
                0x1000755c       0x80 CMakeFiles/JigMKIICode.dir/C_/VSARM/sdk/pico/pico-sdk/src/rp2_common/pico_double/double_aeabi.S.obj
                0x1000755c                __wrap___aeabi_drsub
                0x10007562                __wrap___aeabi_dsub
                0x10007574                __wrap___aeabi_dadd
                0x10007586                __wrap___aeabi_ddiv
                0x100075c2                __wrap___aeabi_dmul
 .text.__wrap___aeabi_cdcmple
                0x100075dc       0x6c CMakeFiles/JigMKIICode.dir/C_/VSARM/sdk/pico/pico-sdk/src/rp2_common/pico_double/double_aeabi.S.obj
                0x100075dc                __wrap___aeabi_cdrcmple
                0x100075ec                __wrap___aeabi_cdcmpeq
                0x100075ec                __wrap___aeabi_cdcmple
 .text.__wrap___aeabi_dcmplt
                0x10007648        0xc CMakeFiles/JigMKIICode.dir/C_/VSARM/sdk/pico/pico-sdk/src/rp2_common/pico_double/double_aeabi.S.obj
                0x10007648                __wrap___aeabi_dcmplt
 .text.__wrap___aeabi_dcmple
                0x10007654       0x10 CMakeFiles/JigMKIICode.dir/C_/VSARM/sdk/pico/pico-sdk/src/rp2_common/pico_double/double_aeabi.S.obj
                0x10007654                __wrap___aeabi_dcmple
 .text.__wrap___aeabi_dcmpge
                0x10007664       0x10 CMakeFiles/JigMKIICode.dir/C_/VSARM/sdk/pico/pico-sdk/src/rp2_common/pico_double/double_aeabi.S.obj
                0x10007664                __wrap___aeabi_dcmpge
 .text.__wrap___aeabi_dcmpgt
                0x10007674        0xa CMakeFiles/JigMKIICode.dir/C_/VSARM/sdk/pico/pico-sdk/src/rp2_common/pico_double/double_aeabi.S.obj
                0x10007674                __wrap___aeabi_dcmpgt
 .text.__wrap___aeabi_dcmpun
                0x1000767e       0x1c CMakeFiles/JigMKIICode.dir/C_/VSARM/sdk/pico/pico-sdk/src/rp2_common/pico_double/double_aeabi.S.obj
                0x1000767e                __wrap___aeabi_dcmpun
 *fill*         0x1000769a        0x2 
 .text.__wrap___aeabi_i2d
                0x1000769c       0x38 CMakeFiles/JigMKIICode.dir/C_/VSARM/sdk/pico/pico-sdk/src/rp2_common/pico_double/double_aeabi.S.obj
                0x1000769c                __wrap___aeabi_ui2d
                0x100076a4                __wrap___aeabi_i2d
 .text.__wrap___aeabi_d2iz
                0x100076d4       0x48 CMakeFiles/JigMKIICode.dir/C_/VSARM/sdk/pico/pico-sdk/src/rp2_common/pico_double/double_aeabi.S.obj
                0x100076d4                double2int_z
                0x100076d4                __wrap___aeabi_d2iz
 .text.__wrap___aeabi_d2uiz
                0x1000771c       0x18 CMakeFiles/JigMKIICode.dir/C_/VSARM/sdk/pico/pico-sdk/src/rp2_common/pico_double/double_aeabi.S.obj
                0x1000771c                __wrap___aeabi_d2uiz
                0x1000771c                double2uint
 .text.__aeabi_double_init
                0x10007734       0xc8 CMakeFiles/JigMKIICode.dir/C_/VSARM/sdk/pico/pico-sdk/src/rp2_common/pico_double/double_init_rom.c.obj
                0x10007734                __aeabi_double_init
 .text.double_table_shim_on_use_helper
                0x100077fc       0x34 CMakeFiles/JigMKIICode.dir/C_/VSARM/sdk/pico/pico-sdk/src/rp2_common/pico_double/double_v1_rom_shim.S.obj
                0x100077fc                double_table_shim_on_use_helper
 .text.__wrap___aeabi_dsub
                0x10007830       0x10 CMakeFiles/JigMKIICode.dir/C_/VSARM/sdk/pico/pico-sdk/src/rp2_common/pico_double/double_v1_rom_shim.S.obj
                0x10007830                drsub_shim
                0x10007836                dsub_shim
 .text.dadd_shim
                0x10007840      0x15c CMakeFiles/JigMKIICode.dir/C_/VSARM/sdk/pico/pico-sdk/src/rp2_common/pico_double/double_v1_rom_shim.S.obj
                0x10007840                dadd_shim
 .text.dmul_shim
                0x1000799c      0x15c CMakeFiles/JigMKIICode.dir/C_/VSARM/sdk/pico/pico-sdk/src/rp2_common/pico_double/double_v1_rom_shim.S.obj
                0x1000799c                dmul_shim
 .text.ddiv_shim
                0x10007af8      0x1b0 CMakeFiles/JigMKIICode.dir/C_/VSARM/sdk/pico/pico-sdk/src/rp2_common/pico_double/double_v1_rom_shim.S.obj
                0x10007af8                ddiv_shim
 .text.double2uint_shim
                0x10007ca8        0xe CMakeFiles/JigMKIICode.dir/C_/VSARM/sdk/pico/pico-sdk/src/rp2_common/pico_double/double_v1_rom_shim.S.obj
                0x10007ca8                double2uint_shim
                0x10007caa                double2ufix_shim
 *fill*         0x10007cb6        0x2 
 .text.double2uint64_shim
                0x10007cb8       0x70 CMakeFiles/JigMKIICode.dir/C_/VSARM/sdk/pico/pico-sdk/src/rp2_common/pico_double/double_v1_rom_shim.S.obj
                0x10007cb8                double2uint64_shim
                0x10007cba                double2ufix64_shim
                0x10007cda                d2fix_a
 .text.dunpacks
                0x10007d28       0x3c CMakeFiles/JigMKIICode.dir/C_/VSARM/sdk/pico/pico-sdk/src/rp2_common/pico_double/double_v1_rom_shim.S.obj
                0x10007d28                dunpacks
 .text.__aeabi_lmul
                0x10007d64       0x32 CMakeFiles/JigMKIICode.dir/C_/VSARM/sdk/pico/pico-sdk/src/rp2_common/pico_int64_ops/pico_int64_ops_aeabi.S.obj
                0x10007d64                __wrap___aeabi_lmul
 *fill*         0x10007d96        0x2 
 .text.__wrap___aeabi_farithmetic
                0x10007d98       0x58 CMakeFiles/JigMKIICode.dir/C_/VSARM/sdk/pico/pico-sdk/src/rp2_common/pico_float/float_aeabi.S.obj
                0x10007d98                __wrap___aeabi_frsub
                0x10007d9e                __wrap___aeabi_fsub
                0x10007da8                __wrap___aeabi_fadd
                0x10007db2                __wrap___aeabi_fdiv
                0x10007dde                __wrap___aeabi_fmul
 .text.__wrap___aeabi_ui2f
                0x10007df0        0xa CMakeFiles/JigMKIICode.dir/C_/VSARM/sdk/pico/pico-sdk/src/rp2_common/pico_float/float_aeabi.S.obj
                0x10007df0                __wrap___aeabi_ui2f
 *fill*         0x10007dfa        0x2 
 .text.__wrap___aeabi_i2f
                0x10007dfc       0x44 CMakeFiles/JigMKIICode.dir/C_/VSARM/sdk/pico/pico-sdk/src/rp2_common/pico_float/float_aeabi.S.obj
                0x10007dfc                __wrap___aeabi_i2f
 .text.__wrap___aeabi_f2uiz
                0x10007e40       0x10 CMakeFiles/JigMKIICode.dir/C_/VSARM/sdk/pico/pico-sdk/src/rp2_common/pico_float/float_aeabi.S.obj
                0x10007e40                __wrap___aeabi_f2uiz
 .text.__aeabi_float_init
                0x10007e50       0xfc CMakeFiles/JigMKIICode.dir/C_/VSARM/sdk/pico/pico-sdk/src/rp2_common/pico_float/float_init_rom.c.obj
                0x10007e50                __aeabi_float_init
 .text.float_table_shim_on_use_helper
                0x10007f4c       0x34 CMakeFiles/JigMKIICode.dir/C_/VSARM/sdk/pico/pico-sdk/src/rp2_common/pico_float/float_v1_rom_shim.S.obj
                0x10007f4c                float_table_shim_on_use_helper
 .text          0x10007f80       0x10 CMakeFiles/JigMKIICode.dir/C_/VSARM/sdk/pico/pico-sdk/src/rp2_common/pico_mem_ops/mem_ops_aeabi.S.obj
                0x10007f80                __aeabi_mem_init
 .text.memset   0x10007f90        0xc CMakeFiles/JigMKIICode.dir/C_/VSARM/sdk/pico/pico-sdk/src/rp2_common/pico_mem_ops/mem_ops_aeabi.S.obj
                0x10007f90                __wrap_memset
 .text.memcpy   0x10007f9c        0xc CMakeFiles/JigMKIICode.dir/C_/VSARM/sdk/pico/pico-sdk/src/rp2_common/pico_mem_ops/mem_ops_aeabi.S.obj
                0x10007f9c                __wrap_memcpy
                0x10007f9c                __wrap___aeabi_memcpy
 .text.stdio_out_chars_no_crlf
                0x10007fa8        0xe CMakeFiles/JigMKIICode.dir/C_/VSARM/sdk/pico/pico-sdk/src/rp2_common/pico_stdio/stdio.c.obj
 *fill*         0x10007fb6        0x2 
 .text.stdio_out_chars_crlf
                0x10007fb8       0x80 CMakeFiles/JigMKIICode.dir/C_/VSARM/sdk/pico/pico-sdk/src/rp2_common/pico_stdio/stdio.c.obj
 .text.stdio_stack_buffer_flush
                0x10008038       0x44 CMakeFiles/JigMKIICode.dir/C_/VSARM/sdk/pico/pico-sdk/src/rp2_common/pico_stdio/stdio.c.obj
 .text.stdio_buffered_printer
                0x1000807c       0x20 CMakeFiles/JigMKIICode.dir/C_/VSARM/sdk/pico/pico-sdk/src/rp2_common/pico_stdio/stdio.c.obj
 .text.stdout_serialize_begin
                0x1000809c       0x5c CMakeFiles/JigMKIICode.dir/C_/VSARM/sdk/pico/pico-sdk/src/rp2_common/pico_stdio/stdio.c.obj
                0x1000809c                stdout_serialize_begin
 .text.stdout_serialize_end
                0x100080f8       0x10 CMakeFiles/JigMKIICode.dir/C_/VSARM/sdk/pico/pico-sdk/src/rp2_common/pico_stdio/stdio.c.obj
                0x100080f8                stdout_serialize_end
 .text.stdio_put_string
                0x10008108       0x98 CMakeFiles/JigMKIICode.dir/C_/VSARM/sdk/pico/pico-sdk/src/rp2_common/pico_stdio/stdio.c.obj
 .text.stdio_set_driver_enabled
                0x100081a0       0x2c CMakeFiles/JigMKIICode.dir/C_/VSARM/sdk/pico/pico-sdk/src/rp2_common/pico_stdio/stdio.c.obj
                0x100081a0                stdio_set_driver_enabled
 .text.stdio_flush
                0x100081cc       0x20 CMakeFiles/JigMKIICode.dir/C_/VSARM/sdk/pico/pico-sdk/src/rp2_common/pico_stdio/stdio.c.obj
                0x100081cc                stdio_flush
 .text.__wrap_puts
                0x100081ec       0x1e CMakeFiles/JigMKIICode.dir/C_/VSARM/sdk/pico/pico-sdk/src/rp2_common/pico_stdio/stdio.c.obj
                0x100081ec                __wrap_puts
 *fill*         0x1000820a        0x2 
 .text.__wrap_vprintf
                0x1000820c       0x40 CMakeFiles/JigMKIICode.dir/C_/VSARM/sdk/pico/pico-sdk/src/rp2_common/pico_stdio/stdio.c.obj
                0x1000820c                __wrap_vprintf
 .text.__wrap_printf
                0x1000824c       0x18 CMakeFiles/JigMKIICode.dir/C_/VSARM/sdk/pico/pico-sdk/src/rp2_common/pico_stdio/stdio.c.obj
                0x1000824c                __wrap_printf
 .text.stdio_init_all
                0x10008264        0x8 CMakeFiles/JigMKIICode.dir/C_/VSARM/sdk/pico/pico-sdk/src/rp2_common/pico_stdio/stdio.c.obj
                0x10008264                stdio_init_all
 .text.resetd_init
                0x1000826c        0x2 CMakeFiles/JigMKIICode.dir/C_/VSARM/sdk/pico/pico-sdk/src/rp2_common/pico_stdio_usb/reset_interface.c.obj
 *fill*         0x1000826e        0x2 
 .text.resetd_reset
                0x10008270        0xc CMakeFiles/JigMKIICode.dir/C_/VSARM/sdk/pico/pico-sdk/src/rp2_common/pico_stdio_usb/reset_interface.c.obj
 .text.resetd_open
                0x1000827c       0x34 CMakeFiles/JigMKIICode.dir/C_/VSARM/sdk/pico/pico-sdk/src/rp2_common/pico_stdio_usb/reset_interface.c.obj
 .text.resetd_xfer_cb
                0x100082b0        0x4 CMakeFiles/JigMKIICode.dir/C_/VSARM/sdk/pico/pico-sdk/src/rp2_common/pico_stdio_usb/reset_interface.c.obj
 .text.reset_usb_boot
                0x100082b4       0x18 CMakeFiles/JigMKIICode.dir/C_/VSARM/sdk/pico/pico-sdk/src/rp2_common/pico_stdio_usb/reset_interface.c.obj
 .text.resetd_control_xfer_cb
                0x100082cc       0x5c CMakeFiles/JigMKIICode.dir/C_/VSARM/sdk/pico/pico-sdk/src/rp2_common/pico_stdio_usb/reset_interface.c.obj
 .text.usbd_app_driver_get_cb
                0x10008328        0xc CMakeFiles/JigMKIICode.dir/C_/VSARM/sdk/pico/pico-sdk/src/rp2_common/pico_stdio_usb/reset_interface.c.obj
                0x10008328                usbd_app_driver_get_cb
 .text.tud_cdc_line_coding_cb
                0x10008334       0x28 CMakeFiles/JigMKIICode.dir/C_/VSARM/sdk/pico/pico-sdk/src/rp2_common/pico_stdio_usb/reset_interface.c.obj
                0x10008334                tud_cdc_line_coding_cb
 .text.stdio_usb_set_chars_available_callback
                0x1000835c       0x14 CMakeFiles/JigMKIICode.dir/C_/VSARM/sdk/pico/pico-sdk/src/rp2_common/pico_stdio_usb/stdio_usb.c.obj
                0x1000835c                stdio_usb_set_chars_available_callback
 .text.usb_irq  0x10008370       0x10 CMakeFiles/JigMKIICode.dir/C_/VSARM/sdk/pico/pico-sdk/src/rp2_common/pico_stdio_usb/stdio_usb.c.obj
 .text.timer_task
                0x10008380       0x58 CMakeFiles/JigMKIICode.dir/C_/VSARM/sdk/pico/pico-sdk/src/rp2_common/pico_stdio_usb/stdio_usb.c.obj
 .text.low_priority_worker_irq
                0x100083d8       0xd8 CMakeFiles/JigMKIICode.dir/C_/VSARM/sdk/pico/pico-sdk/src/rp2_common/pico_stdio_usb/stdio_usb.c.obj
 .text.tud_cdc_rx_cb
                0x100084b0       0x20 CMakeFiles/JigMKIICode.dir/C_/VSARM/sdk/pico/pico-sdk/src/rp2_common/pico_stdio_usb/stdio_usb.c.obj
                0x100084b0                tud_cdc_rx_cb
 .text.stdio_usb_init
                0x100084d0      0x12c CMakeFiles/JigMKIICode.dir/C_/VSARM/sdk/pico/pico-sdk/src/rp2_common/pico_stdio_usb/stdio_usb.c.obj
                0x100084d0                stdio_usb_init
 .text.stdio_usb_connected
                0x100085fc        0xa CMakeFiles/JigMKIICode.dir/C_/VSARM/sdk/pico/pico-sdk/src/rp2_common/pico_stdio_usb/stdio_usb.c.obj
                0x100085fc                stdio_usb_connected
 *fill*         0x10008606        0x2 
 .text.stdio_usb_in_chars
                0x10008608       0xc4 CMakeFiles/JigMKIICode.dir/C_/VSARM/sdk/pico/pico-sdk/src/rp2_common/pico_stdio_usb/stdio_usb.c.obj
                0x10008608                stdio_usb_in_chars
 .text.stdio_usb_out_chars
                0x100086cc      0x114 CMakeFiles/JigMKIICode.dir/C_/VSARM/sdk/pico/pico-sdk/src/rp2_common/pico_stdio_usb/stdio_usb.c.obj
 .text.tud_descriptor_device_cb
                0x100087e0        0x8 CMakeFiles/JigMKIICode.dir/C_/VSARM/sdk/pico/pico-sdk/src/rp2_common/pico_stdio_usb/stdio_usb_descriptors.c.obj
                0x100087e0                tud_descriptor_device_cb
 .text.tud_descriptor_configuration_cb
                0x100087e8        0x8 CMakeFiles/JigMKIICode.dir/C_/VSARM/sdk/pico/pico-sdk/src/rp2_common/pico_stdio_usb/stdio_usb_descriptors.c.obj
                0x100087e8                tud_descriptor_configuration_cb
 .text.tud_descriptor_string_cb
                0x100087f0       0x6c CMakeFiles/JigMKIICode.dir/C_/VSARM/sdk/pico/pico-sdk/src/rp2_common/pico_stdio_usb/stdio_usb_descriptors.c.obj
                0x100087f0                tud_descriptor_string_cb
 .text._retrieve_unique_id_on_boot
                0x1000885c       0x10 CMakeFiles/JigMKIICode.dir/C_/VSARM/sdk/pico/pico-sdk/src/rp2_common/pico_unique_id/unique_id.c.obj
 .text.pico_get_unique_board_id_string
                0x1000886c       0x5c CMakeFiles/JigMKIICode.dir/C_/VSARM/sdk/pico/pico-sdk/src/rp2_common/pico_unique_id/unique_id.c.obj
                0x1000886c                pico_get_unique_board_id_string
 .text.flash_get_unique_id
                0x100088c8       0x46 CMakeFiles/JigMKIICode.dir/C_/VSARM/sdk/pico/pico-sdk/src/rp2_common/hardware_flash/flash.c.obj
                0x100088c8                flash_get_unique_id
 *fill*         0x1000890e        0x2 
 .text.hw_endpoint_get_by_addr
                0x10008910       0x18 CMakeFiles/JigMKIICode.dir/C_/VSARM/sdk/pico/pico-sdk/lib/tinyusb/src/portable/raspberrypi/rp2040/dcd_rp2040.c.obj
 .text._hw_endpoint_alloc
                0x10008928       0x70 CMakeFiles/JigMKIICode.dir/C_/VSARM/sdk/pico/pico-sdk/lib/tinyusb/src/portable/raspberrypi/rp2040/dcd_rp2040.c.obj
 .text.hw_endpoint_init
                0x10008998       0x88 CMakeFiles/JigMKIICode.dir/C_/VSARM/sdk/pico/pico-sdk/lib/tinyusb/src/portable/raspberrypi/rp2040/dcd_rp2040.c.obj
 .text.hw_endpoint_xfer
                0x10008a20       0x14 CMakeFiles/JigMKIICode.dir/C_/VSARM/sdk/pico/pico-sdk/lib/tinyusb/src/portable/raspberrypi/rp2040/dcd_rp2040.c.obj
 .text.dcd_int_enable
                0x10008a34       0x2c CMakeFiles/JigMKIICode.dir/C_/VSARM/sdk/pico/pico-sdk/lib/tinyusb/src/portable/raspberrypi/rp2040/dcd_rp2040.c.obj
                0x10008a34                dcd_int_enable
 .text.dcd_set_address
                0x10008a60       0x2c CMakeFiles/JigMKIICode.dir/C_/VSARM/sdk/pico/pico-sdk/lib/tinyusb/src/portable/raspberrypi/rp2040/dcd_rp2040.c.obj
                0x10008a60                dcd_set_address
 .text.dcd_connect
                0x10008a8c       0x10 CMakeFiles/JigMKIICode.dir/C_/VSARM/sdk/pico/pico-sdk/lib/tinyusb/src/portable/raspberrypi/rp2040/dcd_rp2040.c.obj
                0x10008a8c                dcd_connect
 .text.dcd_init
                0x10008a9c       0x80 CMakeFiles/JigMKIICode.dir/C_/VSARM/sdk/pico/pico-sdk/lib/tinyusb/src/portable/raspberrypi/rp2040/dcd_rp2040.c.obj
                0x10008a9c                dcd_init
 .text.dcd_edpt0_status_complete
                0x10008b1c       0x1c CMakeFiles/JigMKIICode.dir/C_/VSARM/sdk/pico/pico-sdk/lib/tinyusb/src/portable/raspberrypi/rp2040/dcd_rp2040.c.obj
                0x10008b1c                dcd_edpt0_status_complete
 .text.dcd_edpt_open
                0x10008b38       0x40 CMakeFiles/JigMKIICode.dir/C_/VSARM/sdk/pico/pico-sdk/lib/tinyusb/src/portable/raspberrypi/rp2040/dcd_rp2040.c.obj
                0x10008b38                dcd_edpt_open
 .text.dcd_edpt_close_all
                0x10008b78        0x8 CMakeFiles/JigMKIICode.dir/C_/VSARM/sdk/pico/pico-sdk/lib/tinyusb/src/portable/raspberrypi/rp2040/dcd_rp2040.c.obj
                0x10008b78                dcd_edpt_close_all
 .text.dcd_edpt_xfer
                0x10008b80       0x34 CMakeFiles/JigMKIICode.dir/C_/VSARM/sdk/pico/pico-sdk/lib/tinyusb/src/portable/raspberrypi/rp2040/dcd_rp2040.c.obj
                0x10008b80                dcd_edpt_xfer
 .text.dcd_edpt_stall
                0x10008bb4       0x2c CMakeFiles/JigMKIICode.dir/C_/VSARM/sdk/pico/pico-sdk/lib/tinyusb/src/portable/raspberrypi/rp2040/dcd_rp2040.c.obj
                0x10008bb4                dcd_edpt_stall
 .text.dcd_edpt_clear_stall
                0x10008be0       0x20 CMakeFiles/JigMKIICode.dir/C_/VSARM/sdk/pico/pico-sdk/lib/tinyusb/src/portable/raspberrypi/rp2040/dcd_rp2040.c.obj
                0x10008be0                dcd_edpt_clear_stall
 .text.rp2040_usb_init
                0x10008c00       0x4c CMakeFiles/JigMKIICode.dir/C_/VSARM/sdk/pico/pico-sdk/lib/tinyusb/src/portable/raspberrypi/rp2040/rp2040_usb.c.obj
                0x10008c00                rp2040_usb_init
 .text.hw_endpoint_xfer_start
                0x10008c4c       0x50 CMakeFiles/JigMKIICode.dir/C_/VSARM/sdk/pico/pico-sdk/lib/tinyusb/src/portable/raspberrypi/rp2040/rp2040_usb.c.obj
                0x10008c4c                hw_endpoint_xfer_start
 .text.configuration_reset
                0x10008c9c       0x84 CMakeFiles/JigMKIICode.dir/C_/VSARM/sdk/pico/pico-sdk/lib/tinyusb/src/device/usbd.c.obj
 .text.usbd_reset
                0x10008d20        0xc CMakeFiles/JigMKIICode.dir/C_/VSARM/sdk/pico/pico-sdk/lib/tinyusb/src/device/usbd.c.obj
 .text.invoke_class_control
                0x10008d2c       0x1a CMakeFiles/JigMKIICode.dir/C_/VSARM/sdk/pico/pico-sdk/lib/tinyusb/src/device/usbd.c.obj
 *fill*         0x10008d46        0x2 
 .text.process_set_config
                0x10008d48      0x178 CMakeFiles/JigMKIICode.dir/C_/VSARM/sdk/pico/pico-sdk/lib/tinyusb/src/device/usbd.c.obj
 .text.process_get_descriptor
                0x10008ec0       0xdc CMakeFiles/JigMKIICode.dir/C_/VSARM/sdk/pico/pico-sdk/lib/tinyusb/src/device/usbd.c.obj
 .text.tud_mounted
                0x10008f9c       0x10 CMakeFiles/JigMKIICode.dir/C_/VSARM/sdk/pico/pico-sdk/lib/tinyusb/src/device/usbd.c.obj
                0x10008f9c                tud_mounted
 .text.tud_suspended
                0x10008fac       0x10 CMakeFiles/JigMKIICode.dir/C_/VSARM/sdk/pico/pico-sdk/lib/tinyusb/src/device/usbd.c.obj
                0x10008fac                tud_suspended
 .text.tud_inited
                0x10008fbc       0x14 CMakeFiles/JigMKIICode.dir/C_/VSARM/sdk/pico/pico-sdk/lib/tinyusb/src/device/usbd.c.obj
                0x10008fbc                tud_inited
 .text.tud_init
                0x10008fd0       0xcc CMakeFiles/JigMKIICode.dir/C_/VSARM/sdk/pico/pico-sdk/lib/tinyusb/src/device/usbd.c.obj
                0x10008fd0                tud_init
 .text.usbd_defer_func
                0x1000909c       0x2a CMakeFiles/JigMKIICode.dir/C_/VSARM/sdk/pico/pico-sdk/lib/tinyusb/src/device/usbd.c.obj
                0x1000909c                usbd_defer_func
 *fill*         0x100090c6        0x2 
 .text.usbd_edpt_open
                0x100090c8       0x34 CMakeFiles/JigMKIICode.dir/C_/VSARM/sdk/pico/pico-sdk/lib/tinyusb/src/device/usbd.c.obj
                0x100090c8                usbd_edpt_open
 .text.usbd_open_edpt_pair
                0x100090fc       0x62 CMakeFiles/JigMKIICode.dir/C_/VSARM/sdk/pico/pico-sdk/lib/tinyusb/src/device/usbd.c.obj
                0x100090fc                usbd_open_edpt_pair
 *fill*         0x1000915e        0x2 
 .text.usbd_edpt_claim
                0x10009160       0x28 CMakeFiles/JigMKIICode.dir/C_/VSARM/sdk/pico/pico-sdk/lib/tinyusb/src/device/usbd.c.obj
                0x10009160                usbd_edpt_claim
 .text.usbd_edpt_release
                0x10009188       0x28 CMakeFiles/JigMKIICode.dir/C_/VSARM/sdk/pico/pico-sdk/lib/tinyusb/src/device/usbd.c.obj
                0x10009188                usbd_edpt_release
 .text.usbd_edpt_xfer
                0x100091b0       0x7c CMakeFiles/JigMKIICode.dir/C_/VSARM/sdk/pico/pico-sdk/lib/tinyusb/src/device/usbd.c.obj
                0x100091b0                usbd_edpt_xfer
 .text.usbd_edpt_stall
                0x1000922c       0x48 CMakeFiles/JigMKIICode.dir/C_/VSARM/sdk/pico/pico-sdk/lib/tinyusb/src/device/usbd.c.obj
                0x1000922c                usbd_edpt_stall
 .text.usbd_edpt_clear_stall
                0x10009274       0x48 CMakeFiles/JigMKIICode.dir/C_/VSARM/sdk/pico/pico-sdk/lib/tinyusb/src/device/usbd.c.obj
                0x10009274                usbd_edpt_clear_stall
 .text.usbd_edpt_stalled
                0x100092bc       0x1c CMakeFiles/JigMKIICode.dir/C_/VSARM/sdk/pico/pico-sdk/lib/tinyusb/src/device/usbd.c.obj
                0x100092bc                usbd_edpt_stalled
 .text.process_control_request
                0x100092d8      0x37c CMakeFiles/JigMKIICode.dir/C_/VSARM/sdk/pico/pico-sdk/lib/tinyusb/src/device/usbd.c.obj
 .text.tud_task_ext
                0x10009654      0x1b4 CMakeFiles/JigMKIICode.dir/C_/VSARM/sdk/pico/pico-sdk/lib/tinyusb/src/device/usbd.c.obj
                0x10009654                tud_task_ext
 .text._data_stage_xact
                0x10009808       0x58 CMakeFiles/JigMKIICode.dir/C_/VSARM/sdk/pico/pico-sdk/lib/tinyusb/src/device/usbd_control.c.obj
 .text.tud_control_status
                0x10009860       0x38 CMakeFiles/JigMKIICode.dir/C_/VSARM/sdk/pico/pico-sdk/lib/tinyusb/src/device/usbd_control.c.obj
                0x10009860                tud_control_status
 .text.tud_control_xfer
                0x10009898       0x78 CMakeFiles/JigMKIICode.dir/C_/VSARM/sdk/pico/pico-sdk/lib/tinyusb/src/device/usbd_control.c.obj
                0x10009898                tud_control_xfer
 .text.usbd_control_reset
                0x10009910       0x14 CMakeFiles/JigMKIICode.dir/C_/VSARM/sdk/pico/pico-sdk/lib/tinyusb/src/device/usbd_control.c.obj
                0x10009910                usbd_control_reset
 .text.usbd_control_set_complete_callback
                0x10009924        0xc CMakeFiles/JigMKIICode.dir/C_/VSARM/sdk/pico/pico-sdk/lib/tinyusb/src/device/usbd_control.c.obj
                0x10009924                usbd_control_set_complete_callback
 .text.usbd_control_set_request
                0x10009930       0x1c CMakeFiles/JigMKIICode.dir/C_/VSARM/sdk/pico/pico-sdk/lib/tinyusb/src/device/usbd_control.c.obj
                0x10009930                usbd_control_set_request
 .text.usbd_control_xfer_cb
                0x1000994c       0xcc CMakeFiles/JigMKIICode.dir/C_/VSARM/sdk/pico/pico-sdk/lib/tinyusb/src/device/usbd_control.c.obj
                0x1000994c                usbd_control_xfer_cb
 .text._prep_out_transaction
                0x10009a18       0x4a CMakeFiles/JigMKIICode.dir/C_/VSARM/sdk/pico/pico-sdk/lib/tinyusb/src/class/cdc/cdc_device.c.obj
 *fill*         0x10009a62        0x2 
 .text.tud_cdc_n_connected
                0x10009a64       0x44 CMakeFiles/JigMKIICode.dir/C_/VSARM/sdk/pico/pico-sdk/lib/tinyusb/src/class/cdc/cdc_device.c.obj
                0x10009a64                tud_cdc_n_connected
 .text.tud_cdc_n_available
                0x10009aa8       0x18 CMakeFiles/JigMKIICode.dir/C_/VSARM/sdk/pico/pico-sdk/lib/tinyusb/src/class/cdc/cdc_device.c.obj
                0x10009aa8                tud_cdc_n_available
 .text.tud_cdc_n_read
                0x10009ac0       0x28 CMakeFiles/JigMKIICode.dir/C_/VSARM/sdk/pico/pico-sdk/lib/tinyusb/src/class/cdc/cdc_device.c.obj
                0x10009ac0                tud_cdc_n_read
 .text.tud_cdc_n_write_flush
                0x10009ae8       0xb8 CMakeFiles/JigMKIICode.dir/C_/VSARM/sdk/pico/pico-sdk/lib/tinyusb/src/class/cdc/cdc_device.c.obj
                0x10009ae8                tud_cdc_n_write_flush
 .text.tud_cdc_n_write
                0x10009ba0       0x44 CMakeFiles/JigMKIICode.dir/C_/VSARM/sdk/pico/pico-sdk/lib/tinyusb/src/class/cdc/cdc_device.c.obj
                0x10009ba0                tud_cdc_n_write
 .text.tud_cdc_n_write_available
                0x10009be4       0x1c CMakeFiles/JigMKIICode.dir/C_/VSARM/sdk/pico/pico-sdk/lib/tinyusb/src/class/cdc/cdc_device.c.obj
                0x10009be4                tud_cdc_n_write_available
 .text.cdcd_init
                0x10009c00       0xc4 CMakeFiles/JigMKIICode.dir/C_/VSARM/sdk/pico/pico-sdk/lib/tinyusb/src/class/cdc/cdc_device.c.obj
                0x10009c00                cdcd_init
 .text.cdcd_reset
                0x10009cc4       0x44 CMakeFiles/JigMKIICode.dir/C_/VSARM/sdk/pico/pico-sdk/lib/tinyusb/src/class/cdc/cdc_device.c.obj
                0x10009cc4                cdcd_reset
 .text.cdcd_open
                0x10009d08       0xcc CMakeFiles/JigMKIICode.dir/C_/VSARM/sdk/pico/pico-sdk/lib/tinyusb/src/class/cdc/cdc_device.c.obj
                0x10009d08                cdcd_open
 .text.cdcd_control_xfer_cb
                0x10009dd4      0x134 CMakeFiles/JigMKIICode.dir/C_/VSARM/sdk/pico/pico-sdk/lib/tinyusb/src/class/cdc/cdc_device.c.obj
                0x10009dd4                cdcd_control_xfer_cb
 .text.cdcd_xfer_cb
                0x10009f08      0x130 CMakeFiles/JigMKIICode.dir/C_/VSARM/sdk/pico/pico-sdk/lib/tinyusb/src/class/cdc/cdc_device.c.obj
                0x10009f08                cdcd_xfer_cb
 .text.tusb_init
                0x1000a038        0xa CMakeFiles/JigMKIICode.dir/C_/VSARM/sdk/pico/pico-sdk/lib/tinyusb/src/tusb.c.obj
                0x1000a038                tusb_init
 .text.tusb_inited
                0x1000a042        0xe CMakeFiles/JigMKIICode.dir/C_/VSARM/sdk/pico/pico-sdk/lib/tinyusb/src/tusb.c.obj
                0x1000a042                tusb_inited
 .text.tu_edpt_claim
                0x1000a050       0x50 CMakeFiles/JigMKIICode.dir/C_/VSARM/sdk/pico/pico-sdk/lib/tinyusb/src/tusb.c.obj
                0x1000a050                tu_edpt_claim
 .text.tu_edpt_release
                0x1000a0a0       0x3c CMakeFiles/JigMKIICode.dir/C_/VSARM/sdk/pico/pico-sdk/lib/tinyusb/src/tusb.c.obj
                0x1000a0a0                tu_edpt_release
 .text.tu_edpt_validate
                0x1000a0dc       0x78 CMakeFiles/JigMKIICode.dir/C_/VSARM/sdk/pico/pico-sdk/lib/tinyusb/src/tusb.c.obj
                0x1000a0dc                tu_edpt_validate
 .text.tu_edpt_bind_driver
                0x1000a154       0x26 CMakeFiles/JigMKIICode.dir/C_/VSARM/sdk/pico/pico-sdk/lib/tinyusb/src/tusb.c.obj
                0x1000a154                tu_edpt_bind_driver
 .text.advance_index
                0x1000a17a       0x1a CMakeFiles/JigMKIICode.dir/C_/VSARM/sdk/pico/pico-sdk/lib/tinyusb/src/common/tusb_fifo.c.obj
 .text._tu_fifo_peek
                0x1000a194       0x56 CMakeFiles/JigMKIICode.dir/C_/VSARM/sdk/pico/pico-sdk/lib/tinyusb/src/common/tusb_fifo.c.obj
 .text._ff_pull_const_addr
                0x1000a1ea       0x4c CMakeFiles/JigMKIICode.dir/C_/VSARM/sdk/pico/pico-sdk/lib/tinyusb/src/common/tusb_fifo.c.obj
 .text._ff_pull_n
                0x1000a236      0x110 CMakeFiles/JigMKIICode.dir/C_/VSARM/sdk/pico/pico-sdk/lib/tinyusb/src/common/tusb_fifo.c.obj
 .text._tu_fifo_peek_n
                0x1000a346       0x6a CMakeFiles/JigMKIICode.dir/C_/VSARM/sdk/pico/pico-sdk/lib/tinyusb/src/common/tusb_fifo.c.obj
 .text._tu_fifo_read_n
                0x1000a3b0       0x4e CMakeFiles/JigMKIICode.dir/C_/VSARM/sdk/pico/pico-sdk/lib/tinyusb/src/common/tusb_fifo.c.obj
 .text._ff_push_const_addr
                0x1000a3fe       0x40 CMakeFiles/JigMKIICode.dir/C_/VSARM/sdk/pico/pico-sdk/lib/tinyusb/src/common/tusb_fifo.c.obj
 .text._ff_push_n
                0x1000a43e      0x10c CMakeFiles/JigMKIICode.dir/C_/VSARM/sdk/pico/pico-sdk/lib/tinyusb/src/common/tusb_fifo.c.obj
 .text._tu_fifo_write_n
                0x1000a54a       0xf0 CMakeFiles/JigMKIICode.dir/C_/VSARM/sdk/pico/pico-sdk/lib/tinyusb/src/common/tusb_fifo.c.obj
 .text.tu_fifo_config
                0x1000a63a       0x7c CMakeFiles/JigMKIICode.dir/C_/VSARM/sdk/pico/pico-sdk/lib/tinyusb/src/common/tusb_fifo.c.obj
                0x1000a63a                tu_fifo_config
 .text.tu_fifo_count
                0x1000a6b6       0x2a CMakeFiles/JigMKIICode.dir/C_/VSARM/sdk/pico/pico-sdk/lib/tinyusb/src/common/tusb_fifo.c.obj
                0x1000a6b6                tu_fifo_count
 .text.tu_fifo_empty
                0x1000a6e0        0xe CMakeFiles/JigMKIICode.dir/C_/VSARM/sdk/pico/pico-sdk/lib/tinyusb/src/common/tusb_fifo.c.obj
                0x1000a6e0                tu_fifo_empty
 .text.tu_fifo_full
                0x1000a6ee       0x28 CMakeFiles/JigMKIICode.dir/C_/VSARM/sdk/pico/pico-sdk/lib/tinyusb/src/common/tusb_fifo.c.obj
                0x1000a6ee                tu_fifo_full
 .text.tu_fifo_remaining
                0x1000a716       0x2c CMakeFiles/JigMKIICode.dir/C_/VSARM/sdk/pico/pico-sdk/lib/tinyusb/src/common/tusb_fifo.c.obj
                0x1000a716                tu_fifo_remaining
 .text.tu_fifo_read
                0x1000a742       0x42 CMakeFiles/JigMKIICode.dir/C_/VSARM/sdk/pico/pico-sdk/lib/tinyusb/src/common/tusb_fifo.c.obj
                0x1000a742                tu_fifo_read
 .text.tu_fifo_read_n
                0x1000a784        0xa CMakeFiles/JigMKIICode.dir/C_/VSARM/sdk/pico/pico-sdk/lib/tinyusb/src/common/tusb_fifo.c.obj
                0x1000a784                tu_fifo_read_n
 .text.tu_fifo_write
                0x1000a78e       0x64 CMakeFiles/JigMKIICode.dir/C_/VSARM/sdk/pico/pico-sdk/lib/tinyusb/src/common/tusb_fifo.c.obj
                0x1000a78e                tu_fifo_write
 .text.tu_fifo_write_n
                0x1000a7f2        0xa CMakeFiles/JigMKIICode.dir/C_/VSARM/sdk/pico/pico-sdk/lib/tinyusb/src/common/tusb_fifo.c.obj
                0x1000a7f2                tu_fifo_write_n
 .text.tu_fifo_clear
                0x1000a7fc       0x3e CMakeFiles/JigMKIICode.dir/C_/VSARM/sdk/pico/pico-sdk/lib/tinyusb/src/common/tusb_fifo.c.obj
                0x1000a7fc                tu_fifo_clear
 .text.tu_fifo_set_overwritable
                0x1000a83a       0x46 CMakeFiles/JigMKIICode.dir/C_/VSARM/sdk/pico/pico-sdk/lib/tinyusb/src/common/tusb_fifo.c.obj
                0x1000a83a                tu_fifo_set_overwritable
 .text.i2c_write_blocking_internal
                0x1000a880      0x140 CMakeFiles/JigMKIICode.dir/C_/VSARM/sdk/pico/pico-sdk/src/rp2_common/hardware_i2c/i2c.c.obj
 .text.i2c_read_blocking_internal
                0x1000a9c0       0xea CMakeFiles/JigMKIICode.dir/C_/VSARM/sdk/pico/pico-sdk/src/rp2_common/hardware_i2c/i2c.c.obj
 *fill*         0x1000aaaa        0x2 
 .text.i2c_set_baudrate
                0x1000aaac       0xf0 CMakeFiles/JigMKIICode.dir/C_/VSARM/sdk/pico/pico-sdk/src/rp2_common/hardware_i2c/i2c.c.obj
                0x1000aaac                i2c_set_baudrate
 .text.i2c_init
                0x1000ab9c       0x58 CMakeFiles/JigMKIICode.dir/C_/VSARM/sdk/pico/pico-sdk/src/rp2_common/hardware_i2c/i2c.c.obj
                0x1000ab9c                i2c_init
 .text.i2c_set_slave_mode
                0x1000abf4       0x48 CMakeFiles/JigMKIICode.dir/C_/VSARM/sdk/pico/pico-sdk/src/rp2_common/hardware_i2c/i2c.c.obj
                0x1000abf4                i2c_set_slave_mode
 .text.i2c_write_blocking
                0x1000ac3c       0x18 CMakeFiles/JigMKIICode.dir/C_/VSARM/sdk/pico/pico-sdk/src/rp2_common/hardware_i2c/i2c.c.obj
                0x1000ac3c                i2c_write_blocking
 .text.i2c_read_blocking
                0x1000ac54       0x18 CMakeFiles/JigMKIICode.dir/C_/VSARM/sdk/pico/pico-sdk/src/rp2_common/hardware_i2c/i2c.c.obj
                0x1000ac54                i2c_read_blocking
 .text.spi_set_baudrate
                0x1000ac6c       0x92 CMakeFiles/JigMKIICode.dir/C_/VSARM/sdk/pico/pico-sdk/src/rp2_common/hardware_spi/spi.c.obj
                0x1000ac6c                spi_set_baudrate
 *fill*         0x1000acfe        0x2 
 .text.spi_init
                0x1000ad00       0x68 CMakeFiles/JigMKIICode.dir/C_/VSARM/sdk/pico/pico-sdk/src/rp2_common/hardware_spi/spi.c.obj
                0x1000ad00                spi_init
 .text.memcmp   0x1000ad68       0x48 c:/vsarm/armcc/1142da~1.3re/bin/../lib/gcc/arm-none-eabi/11.3.1/thumb/v6-m/nofp\libg.a(libc_a-memcmp.o)
                0x1000ad68                memcmp
 .text.memmove  0x1000adb0       0xac c:/vsarm/armcc/1142da~1.3re/bin/../lib/gcc/arm-none-eabi/11.3.1/thumb/v6-m/nofp\libg.a(libc_a-memmove.o)
                0x1000adb0                memmove
 .text.strlen   0x1000ae5c       0x5c c:/vsarm/armcc/1142da~1.3re/bin/../lib/gcc/arm-none-eabi/11.3.1/thumb/v6-m/nofp\libg.a(libc_a-strlen-stub.o)
                0x1000ae5c                strlen
 *(.fini)
 .fini          0x1000aeb8        0x4 c:/vsarm/armcc/1142da~1.3re/bin/../lib/gcc/arm-none-eabi/11.3.1/thumb/v6-m/nofp/crti.o
                0x1000aeb8                _fini
 *fill*         0x1000aebc        0x4 
 .fini.__stub   0x1000aec0       0xe0 linker stubs
 *crtbegin.o(.ctors)
 *crtbegin?.o(.ctors)
 *(EXCLUDE_FILE(*crtend.o *crtend?.o) .ctors)
 *(SORT_BY_NAME(.ctors.*))
 *(.ctors)
 *crtbegin.o(.dtors)
 *crtbegin?.o(.dtors)
 *(EXCLUDE_FILE(*crtend.o *crtend?.o) .dtors)
 *(SORT_BY_NAME(.dtors.*))
 *(.dtors)
 *(.eh_frame*)
 .eh_frame      0x1000afa0        0x0 c:/vsarm/armcc/1142da~1.3re/bin/../lib/gcc/arm-none-eabi/11.3.1/thumb/v6-m/nofp/crtbegin.o
                0x1000afa0                . = ALIGN (0x4)

.glue_7         0x1000afa0        0x0
 .glue_7        0x1000afa0        0x0 linker stubs

.glue_7t        0x1000afa0        0x0
 .glue_7t       0x1000afa0        0x0 linker stubs

.vfp11_veneer   0x1000afa0        0x0
 .vfp11_veneer  0x1000afa0        0x0 linker stubs

.v4_bx          0x1000afa0        0x0
 .v4_bx         0x1000afa0        0x0 linker stubs

.iplt           0x1000afa0        0x0
 .iplt          0x1000afa0        0x0 c:/vsarm/armcc/1142da~1.3re/bin/../lib/gcc/arm-none-eabi/11.3.1/thumb/v6-m/nofp/crtbegin.o

.rodata         0x1000afa0     0x18f4
 *(EXCLUDE_FILE(*libm.a: *libc.a:*lib_a-mem*.o *libgcc.a:) .rodata*)
 .rodata.str1.4
                0x1000afa0        0xf CMakeFiles/JigMKIICode.dir/main.c.obj
 *fill*         0x1000afaf        0x1 
 .rodata        0x1000afb0        0xa CMakeFiles/JigMKIICode.dir/main.c.obj
 *fill*         0x1000afba        0x2 
 .rodata.__bi_304.2
                0x1000afbc        0xc CMakeFiles/JigMKIICode.dir/main.c.obj
 .rodata.CRCTab
                0x1000afc8      0x200 CMakeFiles/JigMKIICode.dir/comms.c.obj
 .rodata.MUX_Set
                0x1000b1c8       0xc0 CMakeFiles/JigMKIICode.dir/dac.c.obj
 .rodata.ACK_String
                0x1000b288        0x2 CMakeFiles/JigMKIICode.dir/dac.c.obj
                0x1000b288                ACK_String
 *fill*         0x1000b28a        0x2 
 .rodata.DAC_5000
                0x1000b28c        0x8 CMakeFiles/JigMKIICode.dir/dac.c.obj
                0x1000b28c                DAC_5000
 .rodata.DAC_60000
                0x1000b294        0x8 CMakeFiles/JigMKIICode.dir/dac.c.obj
                0x1000b294                DAC_60000
 .rodata.DAC_CHECK_IS_READY
                0x1000b29c        0x1 CMakeFiles/JigMKIICode.dir/dac.c.obj
                0x1000b29c                DAC_CHECK_IS_READY
 .rodata.DAC_CHECK_NOT_RUNNING
                0x1000b29d        0x1 CMakeFiles/JigMKIICode.dir/dac.c.obj
                0x1000b29d                DAC_CHECK_NOT_RUNNING
 .rodata.DAC_CHECK_RUNNING
                0x1000b29e        0x1 CMakeFiles/JigMKIICode.dir/dac.c.obj
                0x1000b29e                DAC_CHECK_RUNNING
 *fill*         0x1000b29f        0x1 
 .rodata.DAC_Change
                0x1000b2a0        0x9 CMakeFiles/JigMKIICode.dir/dac.c.obj
                0x1000b2a0                DAC_Change
 *fill*         0x1000b2a9        0x3 
 .rodata.DAC_ChangeSettings
                0x1000b2ac        0x9 CMakeFiles/JigMKIICode.dir/dac.c.obj
                0x1000b2ac                DAC_ChangeSettings
 *fill*         0x1000b2b5        0x3 
 .rodata.DAC_FSD
                0x1000b2b8        0x8 CMakeFiles/JigMKIICode.dir/dac.c.obj
                0x1000b2b8                DAC_FSD
 .rodata.DAC_ReadConfig
                0x1000b2c0        0x7 CMakeFiles/JigMKIICode.dir/dac.c.obj
                0x1000b2c0                DAC_ReadConfig
 *fill*         0x1000b2c7        0x1 
 .rodata.DAC_ReadExtendedConfig
                0x1000b2c8        0x7 CMakeFiles/JigMKIICode.dir/dac.c.obj
                0x1000b2c8                DAC_ReadExtendedConfig
 *fill*         0x1000b2cf        0x1 
 .rodata.DAC_VMON_4V
                0x1000b2d0        0x8 CMakeFiles/JigMKIICode.dir/dac.c.obj
                0x1000b2d0                DAC_VMON_4V
 .rodata.DAC_Zero
                0x1000b2d8        0x8 CMakeFiles/JigMKIICode.dir/dac.c.obj
                0x1000b2d8                DAC_Zero
 .rodata.NAK_String
                0x1000b2e0        0x2 CMakeFiles/JigMKIICode.dir/dac.c.obj
                0x1000b2e0                NAK_String
 *fill*         0x1000b2e2        0x2 
 .rodata.spin_lock_claim_unused.str1.4
                0x1000b2e4       0x1b CMakeFiles/JigMKIICode.dir/C_/VSARM/sdk/pico/pico-sdk/src/rp2_common/hardware_sync/sync.c.obj
 *fill*         0x1000b2ff        0x1 
 .rodata.make_branch.str1.4
                0x1000b300       0x6d CMakeFiles/JigMKIICode.dir/C_/VSARM/sdk/pico/pico-sdk/src/rp2_common/hardware_irq/irq.c.obj
 *fill*         0x1000b36d        0x3 
 .rodata.insert_branch_and_link.str1.4
                0x1000b370       0x10 CMakeFiles/JigMKIICode.dir/C_/VSARM/sdk/pico/pico-sdk/src/rp2_common/hardware_irq/irq.c.obj
 .rodata.irq_set_exclusive_handler.str1.4
                0x1000b380       0x36 CMakeFiles/JigMKIICode.dir/C_/VSARM/sdk/pico/pico-sdk/src/rp2_common/hardware_irq/irq.c.obj
 *fill*         0x1000b3b6        0x2 
 .rodata.irq_add_shared_handler.str1.4
                0x1000b3b8       0xd9 CMakeFiles/JigMKIICode.dir/C_/VSARM/sdk/pico/pico-sdk/src/rp2_common/hardware_irq/irq.c.obj
 *fill*         0x1000b491        0x3 
 .rodata.irq_remove_handler.str1.4
                0x1000b494       0x3a CMakeFiles/JigMKIICode.dir/C_/VSARM/sdk/pico/pico-sdk/src/rp2_common/hardware_irq/irq.c.obj
 *fill*         0x1000b4ce        0x2 
 .rodata.irq_add_tail_to_free_list.str1.4
                0x1000b4d0       0x3a CMakeFiles/JigMKIICode.dir/C_/VSARM/sdk/pico/pico-sdk/src/rp2_common/hardware_irq/irq.c.obj
 *fill*         0x1000b50a        0x2 
 .rodata.user_irq_claim_unused.str1.4
                0x1000b50c       0x1b CMakeFiles/JigMKIICode.dir/C_/VSARM/sdk/pico/pico-sdk/src/rp2_common/hardware_irq/irq.c.obj
 *fill*         0x1000b527        0x1 
 .rodata.__func__.0
                0x1000b528       0x1a CMakeFiles/JigMKIICode.dir/C_/VSARM/sdk/pico/pico-sdk/src/rp2_common/hardware_irq/irq.c.obj
 *fill*         0x1000b542        0x2 
 .rodata.__func__.1
                0x1000b544       0x17 CMakeFiles/JigMKIICode.dir/C_/VSARM/sdk/pico/pico-sdk/src/rp2_common/hardware_irq/irq.c.obj
 *fill*         0x1000b55b        0x1 
 .rodata.__func__.2
                0x1000b55c       0x13 CMakeFiles/JigMKIICode.dir/C_/VSARM/sdk/pico/pico-sdk/src/rp2_common/hardware_irq/irq.c.obj
 *fill*         0x1000b56f        0x1 
 .rodata.__func__.3
                0x1000b570        0xc CMakeFiles/JigMKIICode.dir/C_/VSARM/sdk/pico/pico-sdk/src/rp2_common/hardware_irq/irq.c.obj
 .rodata.__func__.4
                0x1000b57c        0xf CMakeFiles/JigMKIICode.dir/C_/VSARM/sdk/pico/pico-sdk/src/rp2_common/hardware_irq/irq.c.obj
 *fill*         0x1000b58b        0x1 
 .rodata.__func__.5
                0x1000b58c       0x17 CMakeFiles/JigMKIICode.dir/C_/VSARM/sdk/pico/pico-sdk/src/rp2_common/hardware_irq/irq.c.obj
 *fill*         0x1000b5a3        0x1 
 .rodata.__func__.6
                0x1000b5a4       0x1a CMakeFiles/JigMKIICode.dir/C_/VSARM/sdk/pico/pico-sdk/src/rp2_common/hardware_irq/irq.c.obj
 *fill*         0x1000b5be        0x2 
 .rodata.str1.4
                0x1000b5c0       0xed CMakeFiles/JigMKIICode.dir/C_/VSARM/sdk/pico/pico-sdk/src/common/pico_sync/mutex.c.obj
 *fill*         0x1000b6ad        0x3 
 .rodata.__func__.1
                0x1000b6b0        0xb CMakeFiles/JigMKIICode.dir/C_/VSARM/sdk/pico/pico-sdk/src/common/pico_sync/mutex.c.obj
 *fill*         0x1000b6bb        0x1 
 .rodata.__func__.3
                0x1000b6bc       0x18 CMakeFiles/JigMKIICode.dir/C_/VSARM/sdk/pico/pico-sdk/src/common/pico_sync/mutex.c.obj
 .rodata.__func__.4
                0x1000b6d4       0x15 CMakeFiles/JigMKIICode.dir/C_/VSARM/sdk/pico/pico-sdk/src/common/pico_sync/mutex.c.obj
 *fill*         0x1000b6e9        0x3 
 .rodata.repeating_timer_callback.str1.4
                0x1000b6ec       0x4b CMakeFiles/JigMKIICode.dir/C_/VSARM/sdk/pico/pico-sdk/src/common/pico_time/time.c.obj
 *fill*         0x1000b737        0x1 
 .rodata.timer_pool_entry_comparator.str1.4
                0x1000b738       0x22 CMakeFiles/JigMKIICode.dir/C_/VSARM/sdk/pico/pico-sdk/src/common/pico_time/time.c.obj
 *fill*         0x1000b75a        0x2 
 .rodata.ph_add_child_node.str1.4
                0x1000b75c       0x96 CMakeFiles/JigMKIICode.dir/C_/VSARM/sdk/pico/pico-sdk/src/common/pico_time/time.c.obj
 *fill*         0x1000b7f2        0x2 
 .rodata.add_alarm_under_lock.str1.4
                0x1000b7f4       0x28 CMakeFiles/JigMKIICode.dir/C_/VSARM/sdk/pico/pico-sdk/src/common/pico_time/time.c.obj
                                 0x2b (size before relaxing)
 .rodata.alarm_pool_alarm_callback.str1.4
                0x1000b81c       0x98 CMakeFiles/JigMKIICode.dir/C_/VSARM/sdk/pico/pico-sdk/src/common/pico_time/time.c.obj
                                 0xfc (size before relaxing)
 .rodata.alarm_pool_get_default.str1.4
                0x1000b8b4       0x21 CMakeFiles/JigMKIICode.dir/C_/VSARM/sdk/pico/pico-sdk/src/common/pico_time/time.c.obj
 *fill*         0x1000b8d5        0x3 
 .rodata.alarm_pool_cancel_alarm.str1.4
                0x1000b8d8       0x27 CMakeFiles/JigMKIICode.dir/C_/VSARM/sdk/pico/pico-sdk/src/common/pico_time/time.c.obj
 *fill*         0x1000b8ff        0x1 
 .rodata.sleep_until.str1.4
                0x1000b900       0x4d CMakeFiles/JigMKIICode.dir/C_/VSARM/sdk/pico/pico-sdk/src/common/pico_time/time.c.obj
 *fill*         0x1000b94d        0x3 
 .rodata.__func__.0
                0x1000b950       0x19 CMakeFiles/JigMKIICode.dir/C_/VSARM/sdk/pico/pico-sdk/src/common/pico_time/time.c.obj
 *fill*         0x1000b969        0x3 
 .rodata.__func__.1
                0x1000b96c       0x18 CMakeFiles/JigMKIICode.dir/C_/VSARM/sdk/pico/pico-sdk/src/common/pico_time/time.c.obj
 .rodata.__func__.10
                0x1000b984       0x15 CMakeFiles/JigMKIICode.dir/C_/VSARM/sdk/pico/pico-sdk/src/common/pico_time/time.c.obj
 *fill*         0x1000b999        0x3 
 .rodata.__func__.11
                0x1000b99c       0x1a CMakeFiles/JigMKIICode.dir/C_/VSARM/sdk/pico/pico-sdk/src/common/pico_time/time.c.obj
 *fill*         0x1000b9b6        0x2 
 .rodata.__func__.12
                0x1000b9b8        0xa CMakeFiles/JigMKIICode.dir/C_/VSARM/sdk/pico/pico-sdk/src/common/pico_time/time.c.obj
 *fill*         0x1000b9c2        0x2 
 .rodata.__func__.3
                0x1000b9c4       0x17 CMakeFiles/JigMKIICode.dir/C_/VSARM/sdk/pico/pico-sdk/src/common/pico_time/time.c.obj
 *fill*         0x1000b9db        0x1 
 .rodata.__func__.4
                0x1000b9dc       0x12 CMakeFiles/JigMKIICode.dir/C_/VSARM/sdk/pico/pico-sdk/src/common/pico_time/time.c.obj
 *fill*         0x1000b9ee        0x2 
 .rodata.__func__.5
                0x1000b9f0        0xd CMakeFiles/JigMKIICode.dir/C_/VSARM/sdk/pico/pico-sdk/src/common/pico_time/time.c.obj
 *fill*         0x1000b9fd        0x3 
 .rodata.__func__.6
                0x1000ba00       0x12 CMakeFiles/JigMKIICode.dir/C_/VSARM/sdk/pico/pico-sdk/src/common/pico_time/time.c.obj
 *fill*         0x1000ba12        0x2 
 .rodata.__func__.7
                0x1000ba14        0xf CMakeFiles/JigMKIICode.dir/C_/VSARM/sdk/pico/pico-sdk/src/common/pico_time/time.c.obj
 *fill*         0x1000ba23        0x1 
 .rodata.__func__.8
                0x1000ba24        0xc CMakeFiles/JigMKIICode.dir/C_/VSARM/sdk/pico/pico-sdk/src/common/pico_time/time.c.obj
 .rodata.__func__.9
                0x1000ba30       0x15 CMakeFiles/JigMKIICode.dir/C_/VSARM/sdk/pico/pico-sdk/src/common/pico_time/time.c.obj
 *fill*         0x1000ba45        0x3 
 .rodata.hardware_alarm_claim.str1.4
                0x1000ba48       0x22 CMakeFiles/JigMKIICode.dir/C_/VSARM/sdk/pico/pico-sdk/src/rp2_common/hardware_timer/timer.c.obj
 *fill*         0x1000ba6a        0x2 
 .rodata.hardware_alarm_set_target.str1.4
                0x1000ba6c       0x65 CMakeFiles/JigMKIICode.dir/C_/VSARM/sdk/pico/pico-sdk/src/rp2_common/hardware_timer/timer.c.obj
 *fill*         0x1000bad1        0x3 
 .rodata.__func__.0
                0x1000bad4       0x1a CMakeFiles/JigMKIICode.dir/C_/VSARM/sdk/pico/pico-sdk/src/rp2_common/hardware_timer/timer.c.obj
 .rodata.ph_add_child_node.str1.4
                0x1000baee       0x96 CMakeFiles/JigMKIICode.dir/C_/VSARM/sdk/pico/pico-sdk/src/common/pico_util/pheap.c.obj
 *fill*         0x1000baee        0x2 
 .rodata.ph_remove_any_head.str1.4
                0x1000baf0       0x8c CMakeFiles/JigMKIICode.dir/C_/VSARM/sdk/pico/pico-sdk/src/common/pico_util/pheap.c.obj
                                 0xa0 (size before relaxing)
 .rodata.ph_remove_and_free_node.str1.4
                0x1000bb7c       0x1e CMakeFiles/JigMKIICode.dir/C_/VSARM/sdk/pico/pico-sdk/src/common/pico_util/pheap.c.obj
                                 0x26 (size before relaxing)
 *fill*         0x1000bb9a        0x2 
 .rodata.__func__.0
                0x1000bb9c       0x18 CMakeFiles/JigMKIICode.dir/C_/VSARM/sdk/pico/pico-sdk/src/common/pico_util/pheap.c.obj
 .rodata.__func__.1
                0x1000bbb4       0x13 CMakeFiles/JigMKIICode.dir/C_/VSARM/sdk/pico/pico-sdk/src/common/pico_util/pheap.c.obj
 *fill*         0x1000bbc7        0x1 
 .rodata.__func__.2
                0x1000bbc8       0x12 CMakeFiles/JigMKIICode.dir/C_/VSARM/sdk/pico/pico-sdk/src/common/pico_util/pheap.c.obj
 *fill*         0x1000bbda        0x2 
 .rodata.__func__.3
                0x1000bbdc        0xc CMakeFiles/JigMKIICode.dir/C_/VSARM/sdk/pico/pico-sdk/src/common/pico_util/pheap.c.obj
 .rodata.clock_configure.str1.4
                0x1000bbe8       0x57 CMakeFiles/JigMKIICode.dir/C_/VSARM/sdk/pico/pico-sdk/src/rp2_common/hardware_clocks/clocks.c.obj
 *fill*         0x1000bc3f        0x1 
 .rodata.__func__.1
                0x1000bc40       0x10 CMakeFiles/JigMKIICode.dir/C_/VSARM/sdk/pico/pico-sdk/src/rp2_common/hardware_clocks/clocks.c.obj
 .rodata.pll_init.str1.4
                0x1000bc50      0x123 CMakeFiles/JigMKIICode.dir/C_/VSARM/sdk/pico/pico-sdk/src/rp2_common/hardware_pll/pll.c.obj
 *fill*         0x1000bd73        0x1 
 .rodata.__func__.0
                0x1000bd74        0x9 CMakeFiles/JigMKIICode.dir/C_/VSARM/sdk/pico/pico-sdk/src/rp2_common/hardware_pll/pll.c.obj
 *fill*         0x1000bd7d        0x3 
 .rodata.__assert_func.str1.4
                0x1000bd80       0x3f CMakeFiles/JigMKIICode.dir/C_/VSARM/sdk/pico/pico-sdk/src/rp2_common/pico_runtime/runtime.c.obj
                                 0x43 (size before relaxing)
 *fill*         0x1000bdbf        0x1 
 .rodata.runtime_init.str1.4
                0x1000bdc0       0x61 CMakeFiles/JigMKIICode.dir/C_/VSARM/sdk/pico/pico-sdk/src/rp2_common/pico_runtime/runtime.c.obj
 *fill*         0x1000be21        0x3 
 .rodata.panic.str1.4
                0x1000be24       0x12 CMakeFiles/JigMKIICode.dir/C_/VSARM/sdk/pico/pico-sdk/src/rp2_common/pico_runtime/runtime.c.obj
 *fill*         0x1000be36        0x2 
 .rodata.__func__.2
                0x1000be38        0xd CMakeFiles/JigMKIICode.dir/C_/VSARM/sdk/pico/pico-sdk/src/rp2_common/pico_runtime/runtime.c.obj
 *fill*         0x1000be45        0x3 
 .rodata._ftoa.str1.4
                0x1000be48       0x15 CMakeFiles/JigMKIICode.dir/C_/VSARM/sdk/pico/pico-sdk/src/rp2_common/pico_printf/printf.c.obj
 *fill*         0x1000be5d        0x3 
 .rodata._vsnprintf
                0x1000be60      0x19c CMakeFiles/JigMKIICode.dir/C_/VSARM/sdk/pico/pico-sdk/src/rp2_common/pico_printf/printf.c.obj
 *fill*         0x1000bffc        0x4 
 .rodata.pow10.0
                0x1000c000       0x50 CMakeFiles/JigMKIICode.dir/C_/VSARM/sdk/pico/pico-sdk/src/rp2_common/pico_printf/printf.c.obj
 .rodata.__aeabi_double_init.str1.4
                0x1000c050       0xa8 CMakeFiles/JigMKIICode.dir/C_/VSARM/sdk/pico/pico-sdk/src/rp2_common/pico_double/double_init_rom.c.obj
 .rodata.__func__.0
                0x1000c0f8       0x14 CMakeFiles/JigMKIICode.dir/C_/VSARM/sdk/pico/pico-sdk/src/rp2_common/pico_double/double_init_rom.c.obj
 .rodata.__aeabi_float_init.str1.4
                0x1000c10c       0x7a CMakeFiles/JigMKIICode.dir/C_/VSARM/sdk/pico/pico-sdk/src/rp2_common/pico_float/float_init_rom.c.obj
                                 0x7e (size before relaxing)
 *fill*         0x1000c186        0x2 
 .rodata.__func__.0
                0x1000c188       0x13 CMakeFiles/JigMKIICode.dir/C_/VSARM/sdk/pico/pico-sdk/src/rp2_common/pico_float/float_init_rom.c.obj
 *fill*         0x1000c19b        0x1 
 .rodata.str1.4
                0x1000c19c       0x40 CMakeFiles/JigMKIICode.dir/C_/VSARM/sdk/pico/pico-sdk/src/rp2_common/pico_standard_link/binary_info.c.obj
 .rodata.__bi_44
                0x1000c1dc        0xc CMakeFiles/JigMKIICode.dir/C_/VSARM/sdk/pico/pico-sdk/src/rp2_common/pico_standard_link/binary_info.c.obj
 .rodata.__bi_75
                0x1000c1e8        0xc CMakeFiles/JigMKIICode.dir/C_/VSARM/sdk/pico/pico-sdk/src/rp2_common/pico_standard_link/binary_info.c.obj
 .rodata.__bi_81
                0x1000c1f4        0xc CMakeFiles/JigMKIICode.dir/C_/VSARM/sdk/pico/pico-sdk/src/rp2_common/pico_standard_link/binary_info.c.obj
 .rodata.stdout_serialize_begin.str1.4
                0x1000c200       0x61 CMakeFiles/JigMKIICode.dir/C_/VSARM/sdk/pico/pico-sdk/src/rp2_common/pico_stdio/stdio.c.obj
 .rodata.__func__.3
                0x1000c200       0x15 CMakeFiles/JigMKIICode.dir/C_/VSARM/sdk/pico/pico-sdk/src/rp2_common/pico_stdio/stdio.c.obj
 *fill*         0x1000c215        0x3 
 .rodata.crlf_str.2
                0x1000c218        0x2 CMakeFiles/JigMKIICode.dir/C_/VSARM/sdk/pico/pico-sdk/src/rp2_common/pico_stdio/stdio.c.obj
 *fill*         0x1000c21a        0x2 
 .rodata._resetd_driver
                0x1000c21c       0x18 CMakeFiles/JigMKIICode.dir/C_/VSARM/sdk/pico/pico-sdk/src/rp2_common/pico_stdio_usb/reset_interface.c.obj
 .rodata.low_priority_worker_irq.str1.4
                0x1000c234       0x61 CMakeFiles/JigMKIICode.dir/C_/VSARM/sdk/pico/pico-sdk/src/rp2_common/pico_stdio_usb/stdio_usb.c.obj
 .rodata.stdio_usb_init.str1.4
                0x1000c234       0x45 CMakeFiles/JigMKIICode.dir/C_/VSARM/sdk/pico/pico-sdk/src/rp2_common/pico_stdio_usb/stdio_usb.c.obj
                                 0x4d (size before relaxing)
 *fill*         0x1000c279        0x3 
 .rodata.str1.4
                0x1000c27c       0x13 CMakeFiles/JigMKIICode.dir/C_/VSARM/sdk/pico/pico-sdk/src/rp2_common/pico_stdio_usb/stdio_usb.c.obj
 *fill*         0x1000c28f        0x1 
 .rodata.__bi_188.0
                0x1000c290        0xc CMakeFiles/JigMKIICode.dir/C_/VSARM/sdk/pico/pico-sdk/src/rp2_common/pico_stdio_usb/stdio_usb.c.obj
 .rodata.__func__.1
                0x1000c29c        0xf CMakeFiles/JigMKIICode.dir/C_/VSARM/sdk/pico/pico-sdk/src/rp2_common/pico_stdio_usb/stdio_usb.c.obj
 *fill*         0x1000c2ab        0x1 
 .rodata.__func__.3
                0x1000c2ac       0x15 CMakeFiles/JigMKIICode.dir/C_/VSARM/sdk/pico/pico-sdk/src/rp2_common/pico_stdio_usb/stdio_usb.c.obj
 *fill*         0x1000c2c1        0x3 
 .rodata.str1.4
                0x1000c2c4       0x2a CMakeFiles/JigMKIICode.dir/C_/VSARM/sdk/pico/pico-sdk/src/rp2_common/pico_stdio_usb/stdio_usb_descriptors.c.obj
 *fill*         0x1000c2ee        0x2 
 .rodata.usbd_desc_cfg
                0x1000c2f0       0x54 CMakeFiles/JigMKIICode.dir/C_/VSARM/sdk/pico/pico-sdk/src/rp2_common/pico_stdio_usb/stdio_usb_descriptors.c.obj
 .rodata.usbd_desc_device
                0x1000c344       0x12 CMakeFiles/JigMKIICode.dir/C_/VSARM/sdk/pico/pico-sdk/src/rp2_common/pico_stdio_usb/stdio_usb_descriptors.c.obj
 *fill*         0x1000c356        0x2 
 .rodata.usbd_desc_str
                0x1000c358       0x18 CMakeFiles/JigMKIICode.dir/C_/VSARM/sdk/pico/pico-sdk/src/rp2_common/pico_stdio_usb/stdio_usb_descriptors.c.obj
 .rodata.pico_get_unique_board_id_string.str1.4
                0x1000c370       0x4d CMakeFiles/JigMKIICode.dir/C_/VSARM/sdk/pico/pico-sdk/src/rp2_common/pico_unique_id/unique_id.c.obj
 *fill*         0x1000c3bd        0x3 
 .rodata.__func__.0
                0x1000c3c0       0x20 CMakeFiles/JigMKIICode.dir/C_/VSARM/sdk/pico/pico-sdk/src/rp2_common/pico_unique_id/unique_id.c.obj
 .rodata.str1.4
                0x1000c3e0      0x15a CMakeFiles/JigMKIICode.dir/C_/VSARM/sdk/pico/pico-sdk/src/rp2_common/hardware_flash/flash.c.obj
 *fill*         0x1000c53a        0x2 
 .rodata.__func__.0
                0x1000c53c        0xd CMakeFiles/JigMKIICode.dir/C_/VSARM/sdk/pico/pico-sdk/src/rp2_common/hardware_flash/flash.c.obj
 *fill*         0x1000c549        0x3 
 .rodata._hw_endpoint_alloc.str1.4
                0x1000c54c       0xb5 CMakeFiles/JigMKIICode.dir/C_/VSARM/sdk/pico/pico-sdk/lib/tinyusb/src/portable/raspberrypi/rp2040/dcd_rp2040.c.obj
 *fill*         0x1000c601        0x3 
 .rodata.str1.4
                0x1000c604       0x14 CMakeFiles/JigMKIICode.dir/C_/VSARM/sdk/pico/pico-sdk/lib/tinyusb/src/portable/raspberrypi/rp2040/dcd_rp2040.c.obj
 .rodata.dcd_int_enable.str1.4
                0x1000c618        0xc CMakeFiles/JigMKIICode.dir/C_/VSARM/sdk/pico/pico-sdk/lib/tinyusb/src/portable/raspberrypi/rp2040/dcd_rp2040.c.obj
 .rodata.__func__.0
                0x1000c624        0xe CMakeFiles/JigMKIICode.dir/C_/VSARM/sdk/pico/pico-sdk/lib/tinyusb/src/portable/raspberrypi/rp2040/dcd_rp2040.c.obj
 *fill*         0x1000c632        0x2 
 .rodata.__func__.1
                0x1000c634        0xe CMakeFiles/JigMKIICode.dir/C_/VSARM/sdk/pico/pico-sdk/lib/tinyusb/src/portable/raspberrypi/rp2040/dcd_rp2040.c.obj
 *fill*         0x1000c642        0x2 
 .rodata.__func__.3
                0x1000c644       0x10 CMakeFiles/JigMKIICode.dir/C_/VSARM/sdk/pico/pico-sdk/lib/tinyusb/src/portable/raspberrypi/rp2040/dcd_rp2040.c.obj
 .rodata.__func__.5
                0x1000c654        0xf CMakeFiles/JigMKIICode.dir/C_/VSARM/sdk/pico/pico-sdk/lib/tinyusb/src/portable/raspberrypi/rp2040/dcd_rp2040.c.obj
 *fill*         0x1000c663        0x1 
 .rodata.__func__.6
                0x1000c664       0x13 CMakeFiles/JigMKIICode.dir/C_/VSARM/sdk/pico/pico-sdk/lib/tinyusb/src/portable/raspberrypi/rp2040/dcd_rp2040.c.obj
 *fill*         0x1000c677        0x1 
 .rodata.__func__.7
                0x1000c678        0x9 CMakeFiles/JigMKIICode.dir/C_/VSARM/sdk/pico/pico-sdk/lib/tinyusb/src/portable/raspberrypi/rp2040/dcd_rp2040.c.obj
 *fill*         0x1000c681        0x3 
 .rodata.str1.4
                0x1000c684       0xe7 CMakeFiles/JigMKIICode.dir/C_/VSARM/sdk/pico/pico-sdk/lib/tinyusb/src/portable/raspberrypi/rp2040/rp2040_usb.c.obj
 *fill*         0x1000c76b        0x1 
 .rodata.__func__.0
                0x1000c76c        0xf CMakeFiles/JigMKIICode.dir/C_/VSARM/sdk/pico/pico-sdk/lib/tinyusb/src/portable/raspberrypi/rp2040/rp2040_usb.c.obj
 *fill*         0x1000c77b        0x1 
 .rodata.process_get_descriptor
                0x1000c77c       0x40 CMakeFiles/JigMKIICode.dir/C_/VSARM/sdk/pico/pico-sdk/lib/tinyusb/src/device/usbd.c.obj
 .rodata.process_control_request
                0x1000c7bc       0x28 CMakeFiles/JigMKIICode.dir/C_/VSARM/sdk/pico/pico-sdk/lib/tinyusb/src/device/usbd.c.obj
 .rodata.tud_task_ext
                0x1000c7e4       0x24 CMakeFiles/JigMKIICode.dir/C_/VSARM/sdk/pico/pico-sdk/lib/tinyusb/src/device/usbd.c.obj
 .rodata._usbd_driver
                0x1000c808       0x18 CMakeFiles/JigMKIICode.dir/C_/VSARM/sdk/pico/pico-sdk/lib/tinyusb/src/device/usbd.c.obj
 .rodata.i2c_set_baudrate.str1.4
                0x1000c820       0x5d CMakeFiles/JigMKIICode.dir/C_/VSARM/sdk/pico/pico-sdk/src/rp2_common/hardware_i2c/i2c.c.obj
 *fill*         0x1000c87d        0x3 
 .rodata.__func__.0
                0x1000c880       0x11 CMakeFiles/JigMKIICode.dir/C_/VSARM/sdk/pico/pico-sdk/src/rp2_common/hardware_i2c/i2c.c.obj
                0x1000c894                . = ALIGN (0x4)
 *fill*         0x1000c891        0x3 
 *(SORT_BY_ALIGNMENT(SORT_BY_NAME(.flashdata*)))
                0x1000c894                . = ALIGN (0x4)

.rel.dyn        0x1000c894        0x0
 .rel.iplt      0x1000c894        0x0 c:/vsarm/armcc/1142da~1.3re/bin/../lib/gcc/arm-none-eabi/11.3.1/thumb/v6-m/nofp/crtbegin.o

.ARM.extab
 *(.ARM.extab* .gnu.linkonce.armextab.*)
                0x1000c894                __exidx_start = .

.ARM.exidx
 *(.ARM.exidx* .gnu.linkonce.armexidx.*)
                0x1000c894                __exidx_end = .
                0x1000c894                . = ALIGN (0x4)
                0x1000c894                __binary_info_start = .

.binary_info    0x1000c894       0x24
 *(.binary_info.keep.*)
 .binary_info.keep.__bi_ptr304
                0x1000c894        0x4 CMakeFiles/JigMKIICode.dir/main.c.obj
 .binary_info.keep.__bi_ptr22
                0x1000c898        0x4 CMakeFiles/JigMKIICode.dir/C_/VSARM/sdk/pico/pico-sdk/src/rp2_common/pico_standard_link/binary_info.c.obj
 .binary_info.keep.__bi_ptr30
                0x1000c89c        0x4 CMakeFiles/JigMKIICode.dir/C_/VSARM/sdk/pico/pico-sdk/src/rp2_common/pico_standard_link/binary_info.c.obj
 .binary_info.keep.__bi_ptr38
                0x1000c8a0        0x4 CMakeFiles/JigMKIICode.dir/C_/VSARM/sdk/pico/pico-sdk/src/rp2_common/pico_standard_link/binary_info.c.obj
 .binary_info.keep.__bi_ptr44
                0x1000c8a4        0x4 CMakeFiles/JigMKIICode.dir/C_/VSARM/sdk/pico/pico-sdk/src/rp2_common/pico_standard_link/binary_info.c.obj
 .binary_info.keep.__bi_ptr50
                0x1000c8a8        0x4 CMakeFiles/JigMKIICode.dir/C_/VSARM/sdk/pico/pico-sdk/src/rp2_common/pico_standard_link/binary_info.c.obj
 .binary_info.keep.__bi_ptr75
                0x1000c8ac        0x4 CMakeFiles/JigMKIICode.dir/C_/VSARM/sdk/pico/pico-sdk/src/rp2_common/pico_standard_link/binary_info.c.obj
 .binary_info.keep.__bi_ptr81
                0x1000c8b0        0x4 CMakeFiles/JigMKIICode.dir/C_/VSARM/sdk/pico/pico-sdk/src/rp2_common/pico_standard_link/binary_info.c.obj
 *(.binary_info.*)
 .binary_info.__bi_ptr188
                0x1000c8b4        0x4 CMakeFiles/JigMKIICode.dir/C_/VSARM/sdk/pico/pico-sdk/src/rp2_common/pico_stdio_usb/stdio_usb.c.obj
                0x1000c8b8                __binary_info_end = .
                0x1000c8b8                . = ALIGN (0x4)
                0x1000c8b8                __etext = .

.ram_vector_table
                0x20000000       0xc0
 *(.ram_vector_table)
 .ram_vector_table
                0x20000000       0xc0 CMakeFiles/JigMKIICode.dir/C_/VSARM/sdk/pico/pico-sdk/src/rp2_common/pico_runtime/runtime.c.obj
                0x20000000                ram_vector_table

.data           0x200000c0      0xbd8 load address 0x1000c8b8
                0x200000c0                __data_start__ = .
 *(vtable)
 *(.time_critical*)
 .time_critical.mutex_try_enter
                0x200000c0       0x46 CMakeFiles/JigMKIICode.dir/C_/VSARM/sdk/pico/pico-sdk/src/common/pico_sync/mutex.c.obj
                0x200000c0                mutex_try_enter
 *fill*         0x20000106        0x2 
 .time_critical.mutex_enter_block_until
                0x20000108       0x8c CMakeFiles/JigMKIICode.dir/C_/VSARM/sdk/pico/pico-sdk/src/common/pico_sync/mutex.c.obj
                0x20000108                mutex_enter_block_until
 .time_critical.mutex_try_enter_block_until
                0x20000194       0x34 CMakeFiles/JigMKIICode.dir/C_/VSARM/sdk/pico/pico-sdk/src/common/pico_sync/mutex.c.obj
                0x20000194                mutex_try_enter_block_until
 .time_critical.mutex_enter_timeout_ms
                0x200001c8       0x68 CMakeFiles/JigMKIICode.dir/C_/VSARM/sdk/pico/pico-sdk/src/common/pico_sync/mutex.c.obj
                0x200001c8                mutex_enter_timeout_ms
 .time_critical.mutex_exit
                0x20000230       0x4c CMakeFiles/JigMKIICode.dir/C_/VSARM/sdk/pico/pico-sdk/src/common/pico_sync/mutex.c.obj
                0x20000230                mutex_exit
 .time_critical.flash_init_boot2_copyout
                0x2000027c       0x30 CMakeFiles/JigMKIICode.dir/C_/VSARM/sdk/pico/pico-sdk/src/rp2_common/hardware_flash/flash.c.obj
 .time_critical.flash_enable_xip_via_boot2
                0x200002ac       0x10 CMakeFiles/JigMKIICode.dir/C_/VSARM/sdk/pico/pico-sdk/src/rp2_common/hardware_flash/flash.c.obj
 .time_critical.flash_cs_force
                0x200002bc       0x28 CMakeFiles/JigMKIICode.dir/C_/VSARM/sdk/pico/pico-sdk/src/rp2_common/hardware_flash/flash.c.obj
 .time_critical.flash_do_cmd
                0x200002e4       0xd8 CMakeFiles/JigMKIICode.dir/C_/VSARM/sdk/pico/pico-sdk/src/rp2_common/hardware_flash/flash.c.obj
                0x200002e4                flash_do_cmd
 .time_critical.reset_non_control_endpoints
                0x200003bc       0x40 CMakeFiles/JigMKIICode.dir/C_/VSARM/sdk/pico/pico-sdk/lib/tinyusb/src/portable/raspberrypi/rp2040/dcd_rp2040.c.obj
 .time_critical.hw_handle_buff_status
                0x200003fc       0xa4 CMakeFiles/JigMKIICode.dir/C_/VSARM/sdk/pico/pico-sdk/lib/tinyusb/src/portable/raspberrypi/rp2040/dcd_rp2040.c.obj
 .time_critical.dcd_rp2040_irq
                0x200004a0      0x1cc CMakeFiles/JigMKIICode.dir/C_/VSARM/sdk/pico/pico-sdk/lib/tinyusb/src/portable/raspberrypi/rp2040/dcd_rp2040.c.obj
 .time_critical.e15_is_bulkin_ep
                0x2000066c       0x2c CMakeFiles/JigMKIICode.dir/C_/VSARM/sdk/pico/pico-sdk/lib/tinyusb/src/portable/raspberrypi/rp2040/rp2040_usb.c.obj
 .time_critical.e15_is_critical_frame_period
                0x20000698       0x30 CMakeFiles/JigMKIICode.dir/C_/VSARM/sdk/pico/pico-sdk/lib/tinyusb/src/portable/raspberrypi/rp2040/rp2040_usb.c.obj
 .time_critical.prepare_ep_buffer
                0x200006c8       0x6c CMakeFiles/JigMKIICode.dir/C_/VSARM/sdk/pico/pico-sdk/lib/tinyusb/src/portable/raspberrypi/rp2040/rp2040_usb.c.obj
 .time_critical.sync_ep_buffer
                0x20000734       0x7c CMakeFiles/JigMKIICode.dir/C_/VSARM/sdk/pico/pico-sdk/lib/tinyusb/src/portable/raspberrypi/rp2040/rp2040_usb.c.obj
 .time_critical._hw_endpoint_xfer_sync
                0x200007b0       0x28 CMakeFiles/JigMKIICode.dir/C_/VSARM/sdk/pico/pico-sdk/lib/tinyusb/src/portable/raspberrypi/rp2040/rp2040_usb.c.obj
 .time_critical.hw_endpoint_reset_transfer
                0x200007d8        0xc CMakeFiles/JigMKIICode.dir/C_/VSARM/sdk/pico/pico-sdk/lib/tinyusb/src/portable/raspberrypi/rp2040/rp2040_usb.c.obj
                0x200007d8                hw_endpoint_reset_transfer
 .time_critical._hw_endpoint_buffer_control_update32
                0x200007e4       0x58 CMakeFiles/JigMKIICode.dir/C_/VSARM/sdk/pico/pico-sdk/lib/tinyusb/src/portable/raspberrypi/rp2040/rp2040_usb.c.obj
                0x200007e4                _hw_endpoint_buffer_control_update32
 .time_critical.hw_endpoint_start_next_buffer
                0x2000083c       0x88 CMakeFiles/JigMKIICode.dir/C_/VSARM/sdk/pico/pico-sdk/lib/tinyusb/src/portable/raspberrypi/rp2040/rp2040_usb.c.obj
                0x2000083c                hw_endpoint_start_next_buffer
 .time_critical.hw_endpoint_xfer_continue
                0x200008c4       0x50 CMakeFiles/JigMKIICode.dir/C_/VSARM/sdk/pico/pico-sdk/lib/tinyusb/src/portable/raspberrypi/rp2040/rp2040_usb.c.obj
                0x200008c4                hw_endpoint_xfer_continue
 .time_critical.tinyusb
                0x20000914      0x1ec CMakeFiles/JigMKIICode.dir/C_/VSARM/sdk/pico/pico-sdk/lib/tinyusb/src/device/usbd.c.obj
                0x20000914                dcd_event_handler
 *(.text*)
 .text          0x20000b00        0x4 c:/vsarm/armcc/1142da~1.3re/bin/../lib/gcc/arm-none-eabi/11.3.1/thumb/v6-m/nofp\libgcc.a(_dvmd_tls.o)