Archive member included to satisfy reference by file (symbol)

c:/vsarm/armcc/1142da~1.3re/bin/../lib/gcc/arm-none-eabi/11.3.1/thumb/v6-m/nofp\libgcc.a(_dvmd_tls.o)
                              CMakeFiles/src.dir/C_/VSARM/sdk/pico/pico-sdk/src/rp2_common/pico_divider/divider.S.obj (__aeabi_idiv0)
c:/vsarm/armcc/1142da~1.3re/bin/../lib/gcc/arm-none-eabi/11.3.1/thumb/v6-m/nofp\libg.a(libc_a-calloc.o)
                              CMakeFiles/src.dir/C_/VSARM/sdk/pico/pico-sdk/src/rp2_common/pico_malloc/pico_malloc.c.obj (calloc)
c:/vsarm/armcc/1142da~1.3re/bin/../lib/gcc/arm-none-eabi/11.3.1/thumb/v6-m/nofp\libg.a(libc_a-callocr.o)
                              c:/vsarm/armcc/1142da~1.3re/bin/../lib/gcc/arm-none-eabi/11.3.1/thumb/v6-m/nofp\libg.a(libc_a-calloc.o) (_calloc_r)
c:/vsarm/armcc/1142da~1.3re/bin/../lib/gcc/arm-none-eabi/11.3.1/thumb/v6-m/nofp\libg.a(libc_a-malloc.o)
                              CMakeFiles/src.dir/C_/VSARM/sdk/pico/pico-sdk/src/rp2_common/pico_malloc/pico_malloc.c.obj (malloc)
c:/vsarm/armcc/1142da~1.3re/bin/../lib/gcc/arm-none-eabi/11.3.1/thumb/v6-m/nofp\libg.a(libc_a-mallocr.o)
                              c:/vsarm/armcc/1142da~1.3re/bin/../lib/gcc/arm-none-eabi/11.3.1/thumb/v6-m/nofp\libg.a(libc_a-callocr.o) (_malloc_r)
c:/vsarm/armcc/1142da~1.3re/bin/../lib/gcc/arm-none-eabi/11.3.1/thumb/v6-m/nofp\libg.a(libc_a-mlock.o)
                              c:/vsarm/armcc/1142da~1.3re/bin/../lib/gcc/arm-none-eabi/11.3.1/thumb/v6-m/nofp\libg.a(libc_a-mallocr.o) (__malloc_lock)
c:/vsarm/armcc/1142da~1.3re/bin/../lib/gcc/arm-none-eabi/11.3.1/thumb/v6-m/nofp\libg.a(libc_a-realloc.o)
                              CMakeFiles/src.dir/C_/VSARM/sdk/pico/pico-sdk/src/rp2_common/pico_malloc/pico_malloc.c.obj (realloc)
c:/vsarm/armcc/1142da~1.3re/bin/../lib/gcc/arm-none-eabi/11.3.1/thumb/v6-m/nofp\libg.a(libc_a-reallocr.o)
                              c:/vsarm/armcc/1142da~1.3re/bin/../lib/gcc/arm-none-eabi/11.3.1/thumb/v6-m/nofp\libg.a(libc_a-realloc.o) (_realloc_r)
c:/vsarm/armcc/1142da~1.3re/bin/../lib/gcc/arm-none-eabi/11.3.1/thumb/v6-m/nofp\libg.a(libc_a-memcmp.o)
                              CMakeFiles/src.dir/main.c.obj (memcmp)
c:/vsarm/armcc/1142da~1.3re/bin/../lib/gcc/arm-none-eabi/11.3.1/thumb/v6-m/nofp\libg.a(libc_a-memmove.o)
                              CMakeFiles/src.dir/comms.c.obj (memmove)
c:/vsarm/armcc/1142da~1.3re/bin/../lib/gcc/arm-none-eabi/11.3.1/thumb/v6-m/nofp\libg.a(libc_a-impure.o)
                              c:/vsarm/armcc/1142da~1.3re/bin/../lib/gcc/arm-none-eabi/11.3.1/thumb/v6-m/nofp\libg.a(libc_a-calloc.o) (_impure_ptr)
c:/vsarm/armcc/1142da~1.3re/bin/../lib/gcc/arm-none-eabi/11.3.1/thumb/v6-m/nofp\libg.a(libc_a-sbrkr.o)
                              c:/vsarm/armcc/1142da~1.3re/bin/../lib/gcc/arm-none-eabi/11.3.1/thumb/v6-m/nofp\libg.a(libc_a-mallocr.o) (_sbrk_r)
c:/vsarm/armcc/1142da~1.3re/bin/../lib/gcc/arm-none-eabi/11.3.1/thumb/v6-m/nofp\libg.a(libc_a-errno.o)
                              c:/vsarm/armcc/1142da~1.3re/bin/../lib/gcc/arm-none-eabi/11.3.1/thumb/v6-m/nofp\libg.a(libc_a-callocr.o) (__errno)
c:/vsarm/armcc/1142da~1.3re/bin/../lib/gcc/arm-none-eabi/11.3.1/thumb/v6-m/nofp\libg.a(libc_a-init.o)
                              c:/vsarm/armcc/1142da~1.3re/bin/../lib/gcc/arm-none-eabi/11.3.1/thumb/v6-m/nofp/crt0.o (__libc_init_array)
c:/vsarm/armcc/1142da~1.3re/bin/../lib/gcc/arm-none-eabi/11.3.1/thumb/v6-m/nofp\libg.a(libc_a-lock.o)
                              c:/vsarm/armcc/1142da~1.3re/bin/../lib/gcc/arm-none-eabi/11.3.1/thumb/v6-m/nofp\libg.a(libc_a-mlock.o) (__retarget_lock_acquire_recursive)
c:/vsarm/armcc/1142da~1.3re/bin/../lib/gcc/arm-none-eabi/11.3.1/thumb/v6-m/nofp\libg.a(libc_a-strlen-stub.o)
                              CMakeFiles/src.dir/C_/VSARM/sdk/pico/pico-sdk/src/rp2_common/pico_stdio/stdio.c.obj (strlen)
c:/vsarm/armcc/1142da~1.3re/bin/../lib/gcc/arm-none-eabi/11.3.1/thumb/v6-m/nofp\libg.a(libc_a-freer.o)
                              c:/vsarm/armcc/1142da~1.3re/bin/../lib/gcc/arm-none-eabi/11.3.1/thumb/v6-m/nofp\libg.a(libc_a-malloc.o) (_free_r)
c:/vsarm/armcc/1142da~1.3re/bin/../lib/gcc/arm-none-eabi/11.3.1/thumb/v6-m/nofp\libg.a(libc_a-findfp.o)
                              c:/vsarm/armcc/1142da~1.3re/bin/../lib/gcc/arm-none-eabi/11.3.1/thumb/v6-m/nofp\libg.a(libc_a-impure.o) (__sf)
c:/vsarm/armcc/1142da~1.3re/bin/../lib/gcc/arm-none-eabi/11.3.1/thumb/v6-m/nofp\libg.a(libc_a-fwalk.o)
                              c:/vsarm/armcc/1142da~1.3re/bin/../lib/gcc/arm-none-eabi/11.3.1/thumb/v6-m/nofp\libg.a(libc_a-findfp.o) (_fwalk_sglue)
c:/vsarm/armcc/1142da~1.3re/bin/../lib/gcc/arm-none-eabi/11.3.1/thumb/v6-m/nofp\libg.a(libc_a-stdio.o)
                              c:/vsarm/armcc/1142da~1.3re/bin/../lib/gcc/arm-none-eabi/11.3.1/thumb/v6-m/nofp\libg.a(libc_a-findfp.o) (__sread)
c:/vsarm/armcc/1142da~1.3re/bin/../lib/gcc/arm-none-eabi/11.3.1/thumb/v6-m/nofp\libg.a(libc_a-closer.o)
[...]
Memory Configuration

Name             Origin             Length             Attributes
FLASH            0x10000000         0x00200000         xr
RAM              0x20000000         0x00040000         xrw
SCRATCH_X        0x20040000         0x00001000         xrw
SCRATCH_Y        0x20041000         0x00001000         xrw
*default*        0x00000000         0xffffffff

Linker script and memory map

LOAD c:/vsarm/armcc/1142da~1.3re/bin/../lib/gcc/arm-none-eabi/11.3.1/thumb/v6-m/nofp/crti.o
LOAD c:/vsarm/armcc/1142da~1.3re/bin/../lib/gcc/arm-none-eabi/11.3.1/thumb/v6-m/nofp/crtbegin.o
LOAD c:/vsarm/armcc/1142da~1.3re/bin/../lib/gcc/arm-none-eabi/11.3.1/thumb/v6-m/nofp/crt0.o

.flash_begin    0x10000000        0x0
                0x10000000                __flash_binary_start = .

.boot2          0x10000000      0x100
                0x10000000                __boot2_start__ = .
 *(.boot2)
 .boot2         0x10000000      0x100 C:\Users\CRAIG~1.HEM\AppData\Local\Temp\ccFeX1V6.o
                0x10000100                __boot2_end__ = .
                0x00000001                ASSERT (((__boot2_end__ - __boot2_start__) == 0x100), ERROR: Pico second stage bootloader must be 256 bytes in size)

.text           0x10000100     0x6860
                0x10000100                __logical_binary_start = .
 *(.vectors)
 .vectors       0x10000100       0xd4 CMakeFiles/src.dir/C_/VSARM/sdk/pico/pico-sdk/src/rp2_common/pico_standard_link/crt0.S.obj
                0x10000100                __VECTOR_TABLE
                0x10000100                __vectors
                0x100001c0                isr_invalid
                0x100001c0                __default_isrs_start
                0x100001c2                isr_nmi
                0x100001c4                isr_hardfault
                0x100001c6                isr_svcall
                0x100001c8                isr_pendsv
                0x100001ca                isr_systick
                0x100001cc                isr_irq23
                0x100001cc                isr_irq18
                0x100001cc                isr_irq11
                0x100001cc                isr_irq28
                0x100001cc                isr_irq19
                0x100001cc                isr_irq0
                0x100001cc                isr_irq6
                0x100001cc                isr_irq5
                0x100001cc                isr_irq12
                0x100001cc                isr_irq22
                0x100001cc                isr_irq31
                0x100001cc                isr_irq17
                0x100001cc                isr_irq27
                0x100001cc                isr_irq30
                0x100001cc                isr_irq2
                0x100001cc                isr_irq10
                0x100001cc                isr_irq8
                0x100001cc                isr_irq24
                0x100001cc                isr_irq1
                0x100001cc                isr_irq7
                0x100001cc                isr_irq21
                0x100001cc                isr_irq20
                0x100001cc                isr_irq15
                0x100001cc                isr_irq25
                0x100001cc                isr_irq13
                0x100001cc                __unhandled_user_irq
                0x100001cc                isr_irq4
                0x100001cc                isr_irq16
                0x100001cc                isr_irq29
                0x100001cc                isr_irq26
                0x100001cc                __default_isrs_end
                0x100001cc                isr_irq3
                0x100001cc                isr_irq14
                0x100001cc                isr_irq9
                0x100001d2                unhandled_user_irq_num_in_r0
 *(.binary_info_header)
 .binary_info_header
                0x100001d4       0x14 CMakeFiles/src.dir/C_/VSARM/sdk/pico/pico-sdk/src/rp2_common/pico_standard_link/crt0.S.obj
                0x100001e8                __binary_info_header_end = .
 *(.reset)
 .reset         0x100001e8       0xa8 CMakeFiles/src.dir/C_/VSARM/sdk/pico/pico-sdk/src/rp2_common/pico_standard_link/crt0.S.obj
                0x100001e8                _entry_point
                0x10000266                __get_current_exception
 .reset         0x10000290       0x30 CMakeFiles/src.dir/C_/VSARM/sdk/pico/pico-sdk/src/rp2_common/pico_standard_link/binary_info.c.obj
 *(.init)
 .init          0x100002c0        0x4 c:/vsarm/armcc/1142da~1.3re/bin/../lib/gcc/arm-none-eabi/11.3.1/thumb/v6-m/nofp/crti.o
                0x100002c0                _init
 *(EXCLUDE_FILE(*libm.a: *libc.a:*lib_a-mem*.o *libgcc.a:) .text*)
 .text.register_tm_clones
                0x100002c4       0x28 c:/vsarm/armcc/1142da~1.3re/bin/../lib/gcc/arm-none-eabi/11.3.1/thumb/v6-m/nofp/crtbegin.o
 .text.frame_dummy
                0x100002ec       0x24 c:/vsarm/armcc/1142da~1.3re/bin/../lib/gcc/arm-none-eabi/11.3.1/thumb/v6-m/nofp/crtbegin.o
 .text.temperature_5000ms_callback
                0x10000310        0xc CMakeFiles/src.dir/main.c.obj
                0x10000310                temperature_5000ms_callback
 .text.timer_10ms_callback
                0x1000031c       0xa8 CMakeFiles/src.dir/main.c.obj
                0x1000031c                timer_10ms_callback
 .text.timer_heartbeat_500ms_callback
                0x100003c4       0x22 CMakeFiles/src.dir/main.c.obj
                0x100003c4                timer_heartbeat_500ms_callback
 .text.add_repeating_timer_ms
                0x100003e6       0x3c CMakeFiles/src.dir/main.c.obj
 *fill*         0x10000422        0x2 
 .text.on_uart_rx
                0x10000424      0x184 CMakeFiles/src.dir/main.c.obj
                0x10000424                on_uart_rx
 .text.Set_MUX  0x100005a8      0x430 CMakeFiles/src.dir/main.c.obj
                0x100005a8                Set_MUX
 .text.SPI_Read
                0x100009d8       0x90 CMakeFiles/src.dir/main.c.obj
                0x100009d8                SPI_Read
 .text.getTemperatureStatus
                0x10000a68       0x5c CMakeFiles/src.dir/main.c.obj
                0x10000a68                getTemperatureStatus
 .text.UpdateBaudRate
                0x10000ac4       0x20 CMakeFiles/src.dir/main.c.obj
                0x10000ac4                UpdateBaudRate
 .text.watchdog
                0x10000ae4        0x8 CMakeFiles/src.dir/main.c.obj
                0x10000ae4                watchdog
 .text.main     0x10000aec      0x344 CMakeFiles/src.dir/main.c.obj
                0x10000aec                main
 .text.p2pRxByteMaster
                0x10000e30       0x4c CMakeFiles/src.dir/comms.c.obj
                0x10000e30                p2pRxByteMaster
 .text.p2pRxByteSlave
                0x10000e7c       0x4c CMakeFiles/src.dir/comms.c.obj
                0x10000e7c                p2pRxByteSlave
 .text.p2pTxByteMaster
                0x10000ec8       0x6c CMakeFiles/src.dir/comms.c.obj
                0x10000ec8                p2pTxByteMaster
 .text.p2pPollSlaveRead
                0x10000f34      0x220 CMakeFiles/src.dir/comms.c.obj
                0x10000f34                p2pPollSlaveRead
 .text.p2pTxByteSlave
                0x10001154       0x6c CMakeFiles/src.dir/comms.c.obj
                0x10001154                p2pTxByteSlave
 .text.p2pPollMaster
                0x100011c0      0xacc CMakeFiles/src.dir/comms.c.obj
                0x100011c0                p2pPollMaster
 .text.p2pPollSlaveWrite
                0x10001c8c      0x818 CMakeFiles/src.dir/comms.c.obj
                0x10001c8c                p2pPollSlaveWrite
 .text.p2pPollSlaveWritePassThrough
                0x100024a4      0x1cc CMakeFiles/src.dir/comms.c.obj
                0x100024a4                p2pPollSlaveWritePassThrough
 .text.gpio_set_function
                0x10002670       0x30 CMakeFiles/src.dir/C_/VSARM/sdk/pico/pico-sdk/src/rp2_common/hardware_gpio/gpio.c.obj
                0x10002670                gpio_set_function
 .text.gpio_init
                0x100026a0       0x16 CMakeFiles/src.dir/C_/VSARM/sdk/pico/pico-sdk/src/rp2_common/hardware_gpio/gpio.c.obj
                0x100026a0                gpio_init
 *fill*         0x100026b6        0x2 
 .text.hw_claim_lock
                0x100026b8       0x18 CMakeFiles/src.dir/C_/VSARM/sdk/pico/pico-sdk/src/rp2_common/hardware_claim/claim.c.obj
                0x100026b8                hw_claim_lock
 .text.hw_claim_unlock
                0x100026d0       0x14 CMakeFiles/src.dir/C_/VSARM/sdk/pico/pico-sdk/src/rp2_common/hardware_claim/claim.c.obj
                0x100026d0                hw_claim_unlock
 .text.hw_claim_or_assert
                0x100026e4       0x32 CMakeFiles/src.dir/C_/VSARM/sdk/pico/pico-sdk/src/rp2_common/hardware_claim/claim.c.obj
                0x100026e4                hw_claim_or_assert
 *fill*         0x10002716        0x2 
 .text.running_on_fpga
                0x10002718       0x14 CMakeFiles/src.dir/C_/VSARM/sdk/pico/pico-sdk/src/rp2_common/pico_platform/platform.c.obj
                0x10002718                running_on_fpga
 .text.spin_locks_reset
                0x1000272c       0x20 CMakeFiles/src.dir/C_/VSARM/sdk/pico/pico-sdk/src/rp2_common/hardware_sync/sync.c.obj
                0x1000272c                spin_locks_reset
 .text.next_striped_spin_lock_num
                0x1000274c       0x1c CMakeFiles/src.dir/C_/VSARM/sdk/pico/pico-sdk/src/rp2_common/hardware_sync/sync.c.obj
                0x1000274c                next_striped_spin_lock_num
 .text.set_raw_irq_handler_and_unlock
                0x10002768       0x28 CMakeFiles/src.dir/C_/VSARM/sdk/pico/pico-sdk/src/rp2_common/hardware_irq/irq.c.obj
 .text.make_branch
                0x10002790       0x48 CMakeFiles/src.dir/C_/VSARM/sdk/pico/pico-sdk/src/rp2_common/hardware_irq/irq.c.obj
 .text.insert_branch_and_link
                0x100027d8       0x40 CMakeFiles/src.dir/C_/VSARM/sdk/pico/pico-sdk/src/rp2_common/hardware_irq/irq.c.obj
 .text.irq_is_enabled
                0x10002818       0x18 CMakeFiles/src.dir/C_/VSARM/sdk/pico/pico-sdk/src/rp2_common/hardware_irq/irq.c.obj
                0x10002818                irq_is_enabled
 .text.irq_set_mask_enabled
                0x10002830       0x20 CMakeFiles/src.dir/C_/VSARM/sdk/pico/pico-sdk/src/rp2_common/hardware_irq/irq.c.obj
                0x10002830                irq_set_mask_enabled
 .text.irq_set_enabled
                0x10002850        0xe CMakeFiles/src.dir/C_/VSARM/sdk/pico/pico-sdk/src/rp2_common/hardware_irq/irq.c.obj
                0x10002850                irq_set_enabled
 *fill*         0x1000285e        0x2 
 .text.irq_get_vtable_handler
                0x10002860       0x10 CMakeFiles/src.dir/C_/VSARM/sdk/pico/pico-sdk/src/rp2_common/hardware_irq/irq.c.obj
                0x10002860                irq_get_vtable_handler
 .text.irq_set_exclusive_handler
                0x10002870       0x54 CMakeFiles/src.dir/C_/VSARM/sdk/pico/pico-sdk/src/rp2_common/hardware_irq/irq.c.obj
                0x10002870                irq_set_exclusive_handler
 .text.irq_remove_handler
                0x100028c4      0x1a4 CMakeFiles/src.dir/C_/VSARM/sdk/pico/pico-sdk/src/rp2_common/hardware_irq/irq.c.obj
                0x100028c4                irq_remove_handler
 .text.irq_add_tail_to_free_list
                0x10002a68       0xf0 CMakeFiles/src.dir/C_/VSARM/sdk/pico/pico-sdk/src/rp2_common/hardware_irq/irq.c.obj
                0x10002a68                irq_add_tail_to_free_list
 .text.irq_init_priorities
                0x10002b58       0x1c CMakeFiles/src.dir/C_/VSARM/sdk/pico/pico-sdk/src/rp2_common/hardware_irq/irq.c.obj
                0x10002b58                irq_init_priorities
 .text.lock_init
                0x10002b74       0x10 CMakeFiles/src.dir/C_/VSARM/sdk/pico/pico-sdk/src/common/pico_sync/lock_core.c.obj
                0x10002b74                lock_init
 .text.repeating_timer_callback
                0x10002b84       0x40 CMakeFiles/src.dir/C_/VSARM/sdk/pico/pico-sdk/src/common/pico_time/time.c.obj
 .text.alarm_pool_post_alloc_init
                0x10002bc4       0x40 CMakeFiles/src.dir/C_/VSARM/sdk/pico/pico-sdk/src/common/pico_time/time.c.obj
 .text.sleep_until_callback
                0x10002c04       0x30 CMakeFiles/src.dir/C_/VSARM/sdk/pico/pico-sdk/src/common/pico_time/time.c.obj
 .text.timer_pool_entry_comparator
                0x10002c34       0x78 CMakeFiles/src.dir/C_/VSARM/sdk/pico/pico-sdk/src/common/pico_time/time.c.obj
                0x10002c34                timer_pool_entry_comparator
 .text.ph_add_child_node
                0x10002cac       0xa0 CMakeFiles/src.dir/C_/VSARM/sdk/pico/pico-sdk/src/common/pico_time/time.c.obj
 .text.ph_merge_nodes
                0x10002d4c       0x3e CMakeFiles/src.dir/C_/VSARM/sdk/pico/pico-sdk/src/common/pico_time/time.c.obj
 *fill*         0x10002d8a        0x2 
 .text.add_alarm_under_lock
                0x10002d8c      0x16c CMakeFiles/src.dir/C_/VSARM/sdk/pico/pico-sdk/src/common/pico_time/time.c.obj
 .text.alarm_pool_alarm_callback
                0x10002ef8      0x328 CMakeFiles/src.dir/C_/VSARM/sdk/pico/pico-sdk/src/common/pico_time/time.c.obj
 .text.alarm_pool_init_default
                0x10003220       0x38 CMakeFiles/src.dir/C_/VSARM/sdk/pico/pico-sdk/src/common/pico_time/time.c.obj
                0x10003220                alarm_pool_init_default
 .text.alarm_pool_get_default
                0x10003258       0x2c CMakeFiles/src.dir/C_/VSARM/sdk/pico/pico-sdk/src/common/pico_time/time.c.obj
                0x10003258                alarm_pool_get_default
 .text.alarm_pool_add_alarm_at
                0x10003284      0x178 CMakeFiles/src.dir/C_/VSARM/sdk/pico/pico-sdk/src/common/pico_time/time.c.obj
                0x10003284                alarm_pool_add_alarm_at
 .text.alarm_pool_add_repeating_timer_us
                0x100033fc       0x98 CMakeFiles/src.dir/C_/VSARM/sdk/pico/pico-sdk/src/common/pico_time/time.c.obj
                0x100033fc                alarm_pool_add_repeating_timer_us
 .text.sleep_until
                0x10003494       0xfc CMakeFiles/src.dir/C_/VSARM/sdk/pico/pico-sdk/src/common/pico_time/time.c.obj
                0x10003494                sleep_until
 .text.sleep_us
                0x10003590       0x58 CMakeFiles/src.dir/C_/VSARM/sdk/pico/pico-sdk/src/common/pico_time/time.c.obj
                0x10003590                sleep_us
 .text.sleep_ms
                0x100035e8       0x14 CMakeFiles/src.dir/C_/VSARM/sdk/pico/pico-sdk/src/common/pico_time/time.c.obj
                0x100035e8                sleep_ms
 .text.hardware_alarm_irq_handler
                0x100035fc       0x88 CMakeFiles/src.dir/C_/VSARM/sdk/pico/pico-sdk/src/rp2_common/hardware_timer/timer.c.obj
 .text.hardware_alarm_claim
                0x10003684       0x18 CMakeFiles/src.dir/C_/VSARM/sdk/pico/pico-sdk/src/rp2_common/hardware_timer/timer.c.obj
                0x10003684                hardware_alarm_claim
 .text.time_us_64
                0x1000369c       0x18 CMakeFiles/src.dir/C_/VSARM/sdk/pico/pico-sdk/src/rp2_common/hardware_timer/timer.c.obj
                0x1000369c                time_us_64
 .text.busy_wait_until
                0x100036b4       0x28 CMakeFiles/src.dir/C_/VSARM/sdk/pico/pico-sdk/src/rp2_common/hardware_timer/timer.c.obj
                0x100036b4                busy_wait_until
 .text.hardware_alarm_set_callback
                0x100036dc       0x90 CMakeFiles/src.dir/C_/VSARM/sdk/pico/pico-sdk/src/rp2_common/hardware_timer/timer.c.obj
                0x100036dc                hardware_alarm_set_callback
 .text.hardware_alarm_set_target
                0x1000376c       0xe8 CMakeFiles/src.dir/C_/VSARM/sdk/pico/pico-sdk/src/rp2_common/hardware_timer/timer.c.obj
                0x1000376c                hardware_alarm_set_target
 .text.hardware_alarm_cancel
                0x10003854       0x40 CMakeFiles/src.dir/C_/VSARM/sdk/pico/pico-sdk/src/rp2_common/hardware_timer/timer.c.obj
                0x10003854                hardware_alarm_cancel
 .text.ph_add_child_node
                0x10003894       0xa0 CMakeFiles/src.dir/C_/VSARM/sdk/pico/pico-sdk/src/common/pico_util/pheap.c.obj
 .text.ph_merge_nodes
                0x10003934       0x3e CMakeFiles/src.dir/C_/VSARM/sdk/pico/pico-sdk/src/common/pico_util/pheap.c.obj
 *fill*         0x10003972        0x2 
 .text.ph_clear
                0x10003974       0x70 CMakeFiles/src.dir/C_/VSARM/sdk/pico/pico-sdk/src/common/pico_util/pheap.c.obj
                0x10003974                ph_clear
 .text.ph_post_alloc_init
                0x100039e4        0xe CMakeFiles/src.dir/C_/VSARM/sdk/pico/pico-sdk/src/common/pico_util/pheap.c.obj
                0x100039e4                ph_post_alloc_init
 *fill*         0x100039f2        0x2 
 .text.ph_merge_two_pass
                0x100039f4       0xa4 CMakeFiles/src.dir/C_/VSARM/sdk/pico/pico-sdk/src/common/pico_util/pheap.c.obj
                0x100039f4                ph_merge_two_pass
 .text.ph_remove_any_head
                0x10003a98      0x104 CMakeFiles/src.dir/C_/VSARM/sdk/pico/pico-sdk/src/common/pico_util/pheap.c.obj
 .text.ph_remove_head
                0x10003b9c       0x14 CMakeFiles/src.dir/C_/VSARM/sdk/pico/pico-sdk/src/common/pico_util/pheap.c.obj
                0x10003b9c                ph_remove_head
 .text.ph_remove_and_free_node
                0x10003bb0       0xf8 CMakeFiles/src.dir/C_/VSARM/sdk/pico/pico-sdk/src/common/pico_util/pheap.c.obj
                0x10003bb0                ph_remove_and_free_node
 .text.mutex_init
                0x10003ca8       0x1a CMakeFiles/src.dir/C_/VSARM/sdk/pico/pico-sdk/src/common/pico_sync/mutex.c.obj
                0x10003ca8                mutex_init
 .text.recursive_mutex_init
                0x10003cc2       0x1e CMakeFiles/src.dir/C_/VSARM/sdk/pico/pico-sdk/src/common/pico_sync/mutex.c.obj
                0x10003cc2                recursive_mutex_init
 .text.uart_set_baudrate
                0x10003ce0       0x5c CMakeFiles/src.dir/C_/VSARM/sdk/pico/pico-sdk/src/rp2_common/hardware_uart/uart.c.obj
                0x10003ce0                uart_set_baudrate
 .text.uart_set_translate_crlf
                0x10003d3c       0x28 CMakeFiles/src.dir/C_/VSARM/sdk/pico/pico-sdk/src/rp2_common/hardware_uart/uart.c.obj
                0x10003d3c                uart_set_translate_crlf
 .text.uart_init
                0x10003d64       0x80 CMakeFiles/src.dir/C_/VSARM/sdk/pico/pico-sdk/src/rp2_common/hardware_uart/uart.c.obj
                0x10003d64                uart_init
 .text._exit    0x10003de4        0x4 CMakeFiles/src.dir/C_/VSARM/sdk/pico/pico-sdk/src/rp2_common/pico_runtime/runtime.c.obj
                0x10003de4                _exit
 .text.exit     0x10003de8        0x6 CMakeFiles/src.dir/C_/VSARM/sdk/pico/pico-sdk/src/rp2_common/pico_runtime/runtime.c.obj
                0x10003de8                exit
 *fill*         0x10003dee        0x2 
 .text.__assert_func
                0x10003df0       0x3c CMakeFiles/src.dir/C_/VSARM/sdk/pico/pico-sdk/src/rp2_common/pico_runtime/runtime.c.obj
                0x10003df0                __assert_func
 .text.runtime_init
                0x10003e2c       0xf8 CMakeFiles/src.dir/C_/VSARM/sdk/pico/pico-sdk/src/rp2_common/pico_runtime/runtime.c.obj
                0x10003e2c                runtime_init
 .text.panic    0x10003f24       0x30 CMakeFiles/src.dir/C_/VSARM/sdk/pico/pico-sdk/src/rp2_common/pico_runtime/runtime.c.obj
                0x10003f24                panic
 .text.clock_configure
                0x10003f54      0x104 CMakeFiles/src.dir/C_/VSARM/sdk/pico/pico-sdk/src/rp2_common/hardware_clocks/clocks.c.obj
                0x10003f54                clock_configure
 .text.clocks_init
                0x10004058      0x100 CMakeFiles/src.dir/C_/VSARM/sdk/pico/pico-sdk/src/rp2_common/hardware_clocks/clocks.c.obj
                0x10004058                clocks_init
 .text.clock_get_hz
                0x10004158        0xc CMakeFiles/src.dir/C_/VSARM/sdk/pico/pico-sdk/src/rp2_common/hardware_clocks/clocks.c.obj
                0x10004158                clock_get_hz
 .text.pll_init
                0x10004164      0x140 CMakeFiles/src.dir/C_/VSARM/sdk/pico/pico-sdk/src/rp2_common/hardware_pll/pll.c.obj
                0x10004164                pll_init
 .text.watchdog_start_tick
                0x100042a4       0x10 CMakeFiles/src.dir/C_/VSARM/sdk/pico/pico-sdk/src/rp2_common/hardware_watchdog/watchdog.c.obj
                0x100042a4                watchdog_start_tick
 .text.watchdog_update
                0x100042b4       0x14 CMakeFiles/src.dir/C_/VSARM/sdk/pico/pico-sdk/src/rp2_common/hardware_watchdog/watchdog.c.obj
                0x100042b4                watchdog_update
 .text.xosc_init
                0x100042c8       0x28 CMakeFiles/src.dir/C_/VSARM/sdk/pico/pico-sdk/src/rp2_common/hardware_xosc/xosc.c.obj
                0x100042c8                xosc_init
 .text._out_null
                0x100042f0        0x2 CMakeFiles/src.dir/C_/VSARM/sdk/pico/pico-sdk/src/rp2_common/pico_printf/printf.c.obj
 .text._out_fct
                0x100042f2        0xe CMakeFiles/src.dir/C_/VSARM/sdk/pico/pico-sdk/src/rp2_common/pico_printf/printf.c.obj
 .text._atoi    0x10004300       0x24 CMakeFiles/src.dir/C_/VSARM/sdk/pico/pico-sdk/src/rp2_common/pico_printf/printf.c.obj
 .text._out_rev
                0x10004324       0xae CMakeFiles/src.dir/C_/VSARM/sdk/pico/pico-sdk/src/rp2_common/pico_printf/printf.c.obj
 .text._ntoa_format
                0x100043d2      0x112 CMakeFiles/src.dir/C_/VSARM/sdk/pico/pico-sdk/src/rp2_common/pico_printf/printf.c.obj
 .text._ntoa_long
                0x100044e4       0xbc CMakeFiles/src.dir/C_/VSARM/sdk/pico/pico-sdk/src/rp2_common/pico_printf/printf.c.obj
 .text._ntoa_long_long
                0x100045a0       0xe2 CMakeFiles/src.dir/C_/VSARM/sdk/pico/pico-sdk/src/rp2_common/pico_printf/printf.c.obj
 *fill*         0x10004682        0x2 
 .text._etoa    0x10004684      0x414 CMakeFiles/src.dir/C_/VSARM/sdk/pico/pico-sdk/src/rp2_common/pico_printf/printf.c.obj
 .text._ftoa    0x10004a98      0x354 CMakeFiles/src.dir/C_/VSARM/sdk/pico/pico-sdk/src/rp2_common/pico_printf/printf.c.obj
 .text._vsnprintf
                0x10004dec      0x650 CMakeFiles/src.dir/C_/VSARM/sdk/pico/pico-sdk/src/rp2_common/pico_printf/printf.c.obj
 .text.vfctprintf
                0x1000543c       0x20 CMakeFiles/src.dir/C_/VSARM/sdk/pico/pico-sdk/src/rp2_common/pico_printf/printf.c.obj
                0x1000543c                vfctprintf
 .text          0x1000545c       0x10 CMakeFiles/src.dir/C_/VSARM/sdk/pico/pico-sdk/src/rp2_common/pico_bit_ops/bit_ops_aeabi.S.obj
 .text.rom_func_lookup
                0x1000546c       0x10 CMakeFiles/src.dir/C_/VSARM/sdk/pico/pico-sdk/src/rp2_common/pico_bootrom/bootrom.c.obj
                0x1000546c                rom_func_lookup
 .text.rom_data_lookup
                0x1000547c       0x10 CMakeFiles/src.dir/C_/VSARM/sdk/pico/pico-sdk/src/rp2_common/pico_bootrom/bootrom.c.obj
                0x1000547c                rom_data_lookup
 .text.rom_funcs_lookup
                0x1000548c       0x36 CMakeFiles/src.dir/C_/VSARM/sdk/pico/pico-sdk/src/rp2_common/pico_bootrom/bootrom.c.obj
                0x1000548c                rom_funcs_lookup
 *fill*         0x100054c2        0x2 
 .text.__wrap___aeabi_idiv
                0x100054c4       0x50 CMakeFiles/src.dir/C_/VSARM/sdk/pico/pico-sdk/src/rp2_common/pico_divider/divider.S.obj
                0x100054c4                __wrap___aeabi_idivmod
                0x100054c4                divmod_s32s32
                0x100054c4                div_s32s32
                0x100054c4                __wrap___aeabi_idiv
                0x100054cc                divmod_s32s32_unsafe
                0x100054f8                divmod_s32s32_savestate
 .text.__wrap___aeabi_uidiv
                0x10005514       0x4c CMakeFiles/src.dir/C_/VSARM/sdk/pico/pico-sdk/src/rp2_common/pico_divider/divider.S.obj
                0x10005514                __wrap___aeabi_uidiv
                0x10005514                __wrap___aeabi_uidivmod
                0x10005514                div_u32u32
                0x10005514                divmod_u32u32
                0x1000551c                divmod_u32u32_unsafe
                0x10005544                divmod_u32u32_savestate
 .text.__wrap___aeabi_ldiv
                0x10005560      0x434 CMakeFiles/src.dir/C_/VSARM/sdk/pico/pico-sdk/src/rp2_common/pico_divider/divider.S.obj
                0x10005560                div_s64s64
                0x10005560                divmod_s64s64
                0x10005560                __wrap___aeabi_ldivmod
                0x10005598                divmod_u64u64
                0x10005598                div_u64u64
                0x10005598                __wrap___aeabi_uldivmod
                0x100055a8                divmod_u64u64_savestate
                0x100055d0                divmod_s64s64_unsafe
                0x10005658                divmod_u64u64_unsafe
 .text.__wrap___aeabi_darithmetic
                0x10005994       0x80 CMakeFiles/src.dir/C_/VSARM/sdk/pico/pico-sdk/src/rp2_common/pico_double/double_aeabi.S.obj
                0x10005994                __wrap___aeabi_drsub
                0x1000599a                __wrap___aeabi_dsub
                0x100059ac                __wrap___aeabi_dadd
                0x100059be                __wrap___aeabi_ddiv
                0x100059fa                __wrap___aeabi_dmul
 .text.__wrap___aeabi_cdcmple
                0x10005a14       0x6c CMakeFiles/src.dir/C_/VSARM/sdk/pico/pico-sdk/src/rp2_common/pico_double/double_aeabi.S.obj
                0x10005a14                __wrap___aeabi_cdrcmple
                0x10005a24                __wrap___aeabi_cdcmpeq
                0x10005a24                __wrap___aeabi_cdcmple
 .text.__wrap___aeabi_dcmplt
                0x10005a80        0xc CMakeFiles/src.dir/C_/VSARM/sdk/pico/pico-sdk/src/rp2_common/pico_double/double_aeabi.S.obj
                0x10005a80                __wrap___aeabi_dcmplt
 .text.__wrap___aeabi_dcmple
                0x10005a8c       0x10 CMakeFiles/src.dir/C_/VSARM/sdk/pico/pico-sdk/src/rp2_common/pico_double/double_aeabi.S.obj
                0x10005a8c                __wrap___aeabi_dcmple
 .text.__wrap___aeabi_dcmpge
                0x10005a9c       0x10 CMakeFiles/src.dir/C_/VSARM/sdk/pico/pico-sdk/src/rp2_common/pico_double/double_aeabi.S.obj
                0x10005a9c                __wrap___aeabi_dcmpge
 .text.__wrap___aeabi_dcmpgt
                0x10005aac        0xa CMakeFiles/src.dir/C_/VSARM/sdk/pico/pico-sdk/src/rp2_common/pico_double/double_aeabi.S.obj
                0x10005aac                __wrap___aeabi_dcmpgt
 .text.__wrap___aeabi_dcmpun
                0x10005ab6       0x1c CMakeFiles/src.dir/C_/VSARM/sdk/pico/pico-sdk/src/rp2_common/pico_double/double_aeabi.S.obj
                0x10005ab6                __wrap___aeabi_dcmpun
 *fill*         0x10005ad2        0x2 
 .text.__wrap___aeabi_i2d
                0x10005ad4       0x38 CMakeFiles/src.dir/C_/VSARM/sdk/pico/pico-sdk/src/rp2_common/pico_double/double_aeabi.S.obj
                0x10005ad4                __wrap___aeabi_ui2d
                0x10005adc                __wrap___aeabi_i2d
 .text.__wrap___aeabi_d2iz
                0x10005b0c       0x48 CMakeFiles/src.dir/C_/VSARM/sdk/pico/pico-sdk/src/rp2_common/pico_double/double_aeabi.S.obj
                0x10005b0c                double2int_z
                0x10005b0c                __wrap___aeabi_d2iz
 .text.__wrap___aeabi_d2uiz
                0x10005b54       0x18 CMakeFiles/src.dir/C_/VSARM/sdk/pico/pico-sdk/src/rp2_common/pico_double/double_aeabi.S.obj
                0x10005b54                __wrap___aeabi_d2uiz
                0x10005b54                double2uint
 .text.__aeabi_double_init
                0x10005b6c       0xc8 CMakeFiles/src.dir/C_/VSARM/sdk/pico/pico-sdk/src/rp2_common/pico_double/double_init_rom.c.obj
                0x10005b6c                __aeabi_double_init
 .text.double_table_shim_on_use_helper
                0x10005c34       0x34 CMakeFiles/src.dir/C_/VSARM/sdk/pico/pico-sdk/src/rp2_common/pico_double/double_v1_rom_shim.S.obj
                0x10005c34                double_table_shim_on_use_helper
 .text.__wrap___aeabi_dsub
                0x10005c68       0x10 CMakeFiles/src.dir/C_/VSARM/sdk/pico/pico-sdk/src/rp2_common/pico_double/double_v1_rom_shim.S.obj
                0x10005c68                drsub_shim
                0x10005c6e                dsub_shim
 .text.dadd_shim
                0x10005c78      0x15c CMakeFiles/src.dir/C_/VSARM/sdk/pico/pico-sdk/src/rp2_common/pico_double/double_v1_rom_shim.S.obj
                0x10005c78                dadd_shim
 .text.dmul_shim
                0x10005dd4      0x15c CMakeFiles/src.dir/C_/VSARM/sdk/pico/pico-sdk/src/rp2_common/pico_double/double_v1_rom_shim.S.obj
                0x10005dd4                dmul_shim
 .text.ddiv_shim
                0x10005f30      0x1b0 CMakeFiles/src.dir/C_/VSARM/sdk/pico/pico-sdk/src/rp2_common/pico_double/double_v1_rom_shim.S.obj
                0x10005f30                ddiv_shim
 .text.double2uint_shim
                0x100060e0        0xe CMakeFiles/src.dir/C_/VSARM/sdk/pico/pico-sdk/src/rp2_common/pico_double/double_v1_rom_shim.S.obj
                0x100060e0                double2uint_shim
                0x100060e2                double2ufix_shim
 *fill*         0x100060ee        0x2 
 .text.double2uint64_shim
                0x100060f0       0x70 CMakeFiles/src.dir/C_/VSARM/sdk/pico/pico-sdk/src/rp2_common/pico_double/double_v1_rom_shim.S.obj
                0x100060f0                double2uint64_shim
                0x100060f2                double2ufix64_shim
                0x10006112                d2fix_a
 .text.dunpacks
                0x10006160       0x3c CMakeFiles/src.dir/C_/VSARM/sdk/pico/pico-sdk/src/rp2_common/pico_double/double_v1_rom_shim.S.obj
                0x10006160                dunpacks
 .text.__aeabi_lmul
                0x1000619c       0x32 CMakeFiles/src.dir/C_/VSARM/sdk/pico/pico-sdk/src/rp2_common/pico_int64_ops/pico_int64_ops_aeabi.S.obj
                0x1000619c                __wrap___aeabi_lmul
 *fill*         0x100061ce        0x2 
 .text.__aeabi_float_init
                0x100061d0       0xfc CMakeFiles/src.dir/C_/VSARM/sdk/pico/pico-sdk/src/rp2_common/pico_float/float_init_rom.c.obj
                0x100061d0                __aeabi_float_init
 .text.float_table_shim_on_use_helper
                0x100062cc       0x34 CMakeFiles/src.dir/C_/VSARM/sdk/pico/pico-sdk/src/rp2_common/pico_float/float_v1_rom_shim.S.obj
                0x100062cc                float_table_shim_on_use_helper
 .text          0x10006300       0x10 CMakeFiles/src.dir/C_/VSARM/sdk/pico/pico-sdk/src/rp2_common/pico_mem_ops/mem_ops_aeabi.S.obj
                0x10006300                __aeabi_mem_init
 .text.memset   0x10006310        0xc CMakeFiles/src.dir/C_/VSARM/sdk/pico/pico-sdk/src/rp2_common/pico_mem_ops/mem_ops_aeabi.S.obj
                0x10006310                __wrap_memset
 .text.memcpy   0x1000631c        0xc CMakeFiles/src.dir/C_/VSARM/sdk/pico/pico-sdk/src/rp2_common/pico_mem_ops/mem_ops_aeabi.S.obj
                0x1000631c                __wrap_memcpy
                0x1000631c                __wrap___aeabi_memcpy
 .text.stdio_out_chars_no_crlf
                0x10006328        0xe CMakeFiles/src.dir/C_/VSARM/sdk/pico/pico-sdk/src/rp2_common/pico_stdio/stdio.c.obj
 *fill*         0x10006336        0x2 
 .text.stdio_out_chars_crlf
                0x10006338       0x80 CMakeFiles/src.dir/C_/VSARM/sdk/pico/pico-sdk/src/rp2_common/pico_stdio/stdio.c.obj
 .text.stdio_stack_buffer_flush
                0x100063b8       0x44 CMakeFiles/src.dir/C_/VSARM/sdk/pico/pico-sdk/src/rp2_common/pico_stdio/stdio.c.obj
 .text.stdio_buffered_printer
                0x100063fc       0x20 CMakeFiles/src.dir/C_/VSARM/sdk/pico/pico-sdk/src/rp2_common/pico_stdio/stdio.c.obj
 .text.stdout_serialize_begin
                0x1000641c       0x30 CMakeFiles/src.dir/C_/VSARM/sdk/pico/pico-sdk/src/rp2_common/pico_stdio/stdio.c.obj
                0x1000641c                stdout_serialize_begin
 .text.stdout_serialize_end
                0x1000644c       0x10 CMakeFiles/src.dir/C_/VSARM/sdk/pico/pico-sdk/src/rp2_common/pico_stdio/stdio.c.obj
                0x1000644c                stdout_serialize_end
 .text.stdio_put_string
                0x1000645c       0x98 CMakeFiles/src.dir/C_/VSARM/sdk/pico/pico-sdk/src/rp2_common/pico_stdio/stdio.c.obj
 .text.stdio_set_driver_enabled
                0x100064f4       0x2c CMakeFiles/src.dir/C_/VSARM/sdk/pico/pico-sdk/src/rp2_common/pico_stdio/stdio.c.obj
                0x100064f4                stdio_set_driver_enabled
 .text.stdio_flush
                0x10006520       0x20 CMakeFiles/src.dir/C_/VSARM/sdk/pico/pico-sdk/src/rp2_common/pico_stdio/stdio.c.obj
                0x10006520                stdio_flush
 .text.__wrap_puts
                0x10006540       0x1e CMakeFiles/src.dir/C_/VSARM/sdk/pico/pico-sdk/src/rp2_common/pico_stdio/stdio.c.obj
                0x10006540                __wrap_puts
 *fill*         0x1000655e        0x2 
 .text.__wrap_vprintf
                0x10006560       0x44 CMakeFiles/src.dir/C_/VSARM/sdk/pico/pico-sdk/src/rp2_common/pico_stdio/stdio.c.obj
                0x10006560                __wrap_vprintf
 .text.__wrap_printf
                0x100065a4       0x18 CMakeFiles/src.dir/C_/VSARM/sdk/pico/pico-sdk/src/rp2_common/pico_stdio/stdio.c.obj
                0x100065a4                __wrap_printf
 .text.stdio_init_all
                0x100065bc        0x8 CMakeFiles/src.dir/C_/VSARM/sdk/pico/pico-sdk/src/rp2_common/pico_stdio/stdio.c.obj
                0x100065bc                stdio_init_all
 .text.stdio_uart_out_chars
                0x100065c4       0x74 CMakeFiles/src.dir/C_/VSARM/sdk/pico/pico-sdk/src/rp2_common/pico_stdio_uart/stdio_uart.c.obj
 .text.stdio_uart_in_chars
                0x10006638       0x58 CMakeFiles/src.dir/C_/VSARM/sdk/pico/pico-sdk/src/rp2_common/pico_stdio_uart/stdio_uart.c.obj
                0x10006638                stdio_uart_in_chars
 .text.stdio_uart_init_full
                0x10006690       0x3c CMakeFiles/src.dir/C_/VSARM/sdk/pico/pico-sdk/src/rp2_common/pico_stdio_uart/stdio_uart.c.obj
                0x10006690                stdio_uart_init_full
 .text.stdio_uart_init
                0x100066cc       0x28 CMakeFiles/src.dir/C_/VSARM/sdk/pico/pico-sdk/src/rp2_common/pico_stdio_uart/stdio_uart.c.obj
                0x100066cc                stdio_uart_init
 .text.spi_set_baudrate
                0x100066f4       0x92 CMakeFiles/src.dir/C_/VSARM/sdk/pico/pico-sdk/src/rp2_common/hardware_spi/spi.c.obj
                0x100066f4                spi_set_baudrate
 *fill*         0x10006786        0x2 
 .text.spi_init
                0x10006788       0x68 CMakeFiles/src.dir/C_/VSARM/sdk/pico/pico-sdk/src/rp2_common/hardware_spi/spi.c.obj
                0x10006788                spi_init
 .text.memmove  0x100067f0       0xac c:/vsarm/armcc/1142da~1.3re/bin/../lib/gcc/arm-none-eabi/11.3.1/thumb/v6-m/nofp\libg.a(libc_a-memmove.o)
                0x100067f0                memmove
 .text.strlen   0x1000689c       0x5c c:/vsarm/armcc/1142da~1.3re/bin/../lib/gcc/arm-none-eabi/11.3.1/thumb/v6-m/nofp\libg.a(libc_a-strlen-stub.o)
                0x1000689c                strlen
 *(.fini)
 .fini          0x100068f8        0x4 c:/vsarm/armcc/1142da~1.3re/bin/../lib/gcc/arm-none-eabi/11.3.1/thumb/v6-m/nofp/crti.o
                0x100068f8                _fini
 *fill*         0x100068fc        0x4 
 .fini.__stub   0x10006900       0x60 linker stubs
 *crtbegin.o(.ctors)
 *crtbegin?.o(.ctors)
 *(EXCLUDE_FILE(*crtend.o *crtend?.o) .ctors)
 *(SORT_BY_NAME(.ctors.*))
 *(.ctors)
 *crtbegin.o(.dtors)
 *crtbegin?.o(.dtors)
 *(EXCLUDE_FILE(*crtend.o *crtend?.o) .dtors)
 *(SORT_BY_NAME(.dtors.*))
 *(.dtors)
 *(.eh_frame*)
 .eh_frame      0x10006960        0x0 c:/vsarm/armcc/1142da~1.3re/bin/../lib/gcc/arm-none-eabi/11.3.1/thumb/v6-m/nofp/crtbegin.o
                0x10006960                . = ALIGN (0x4)

.glue_7         0x10006960        0x0
 .glue_7        0x10006960        0x0 linker stubs

.glue_7t        0x10006960        0x0
 .glue_7t       0x10006960        0x0 linker stubs

.vfp11_veneer   0x10006960        0x0
 .vfp11_veneer  0x10006960        0x0 linker stubs

.v4_bx          0x10006960        0x0
 .v4_bx         0x10006960        0x0 linker stubs

.iplt           0x10006960        0x0
 .iplt          0x10006960        0x0 c:/vsarm/armcc/1142da~1.3re/bin/../lib/gcc/arm-none-eabi/11.3.1/thumb/v6-m/nofp/crtbegin.o

.rodata         0x10006960     0x1114
 *(EXCLUDE_FILE(*libm.a: *libc.a:*lib_a-mem*.o *libgcc.a:) .rodata*)
 .rodata.Set_MUX
                0x10006960       0x60 CMakeFiles/src.dir/main.c.obj
 .rodata.str1.4
                0x100069c0        0xf CMakeFiles/src.dir/main.c.obj
 *fill*         0x100069cf        0x1 
 .rodata.__bi_256.2
                0x100069d0        0xc CMakeFiles/src.dir/main.c.obj
 .rodata.CRCTab
                0x100069dc      0x200 CMakeFiles/src.dir/comms.c.obj
 .rodata.make_branch.str1.4
                0x10006bdc       0x6d CMakeFiles/src.dir/C_/VSARM/sdk/pico/pico-sdk/src/rp2_common/hardware_irq/irq.c.obj
 *fill*         0x10006c49        0x3 
 .rodata.insert_branch_and_link.str1.4
                0x10006c4c       0x10 CMakeFiles/src.dir/C_/VSARM/sdk/pico/pico-sdk/src/rp2_common/hardware_irq/irq.c.obj
 .rodata.irq_set_exclusive_handler.str1.4
                0x10006c5c       0x36 CMakeFiles/src.dir/C_/VSARM/sdk/pico/pico-sdk/src/rp2_common/hardware_irq/irq.c.obj
 *fill*         0x10006c92        0x2 
 .rodata.irq_add_shared_handler.str1.4
                0x10006c94       0xd9 CMakeFiles/src.dir/C_/VSARM/sdk/pico/pico-sdk/src/rp2_common/hardware_irq/irq.c.obj
 *fill*         0x10006d6d        0x3 
 .rodata.irq_remove_handler.str1.4
                0x10006d70       0x2a CMakeFiles/src.dir/C_/VSARM/sdk/pico/pico-sdk/src/rp2_common/hardware_irq/irq.c.obj
 *fill*         0x10006d9a        0x2 
 .rodata.irq_add_tail_to_free_list.str1.4
                0x10006d9c       0x3a CMakeFiles/src.dir/C_/VSARM/sdk/pico/pico-sdk/src/rp2_common/hardware_irq/irq.c.obj
 *fill*         0x10006dd6        0x2 
 .rodata.__func__.0
                0x10006dd8       0x1a CMakeFiles/src.dir/C_/VSARM/sdk/pico/pico-sdk/src/rp2_common/hardware_irq/irq.c.obj
 *fill*         0x10006df2        0x2 
 .rodata.__func__.1
                0x10006df4       0x17 CMakeFiles/src.dir/C_/VSARM/sdk/pico/pico-sdk/src/rp2_common/hardware_irq/irq.c.obj
 *fill*         0x10006e0b        0x1 
 .rodata.__func__.2
                0x10006e0c       0x13 CMakeFiles/src.dir/C_/VSARM/sdk/pico/pico-sdk/src/rp2_common/hardware_irq/irq.c.obj
 *fill*         0x10006e1f        0x1 
 .rodata.__func__.3
                0x10006e20        0xc CMakeFiles/src.dir/C_/VSARM/sdk/pico/pico-sdk/src/rp2_common/hardware_irq/irq.c.obj
 .rodata.__func__.4
                0x10006e2c        0xf CMakeFiles/src.dir/C_/VSARM/sdk/pico/pico-sdk/src/rp2_common/hardware_irq/irq.c.obj
 *fill*         0x10006e3b        0x1 
 .rodata.__func__.6
                0x10006e3c       0x1a CMakeFiles/src.dir/C_/VSARM/sdk/pico/pico-sdk/src/rp2_common/hardware_irq/irq.c.obj
 *fill*         0x10006e56        0x2 
 .rodata.repeating_timer_callback.str1.4
                0x10006e58       0x4b CMakeFiles/src.dir/C_/VSARM/sdk/pico/pico-sdk/src/common/pico_time/time.c.obj
 *fill*         0x10006ea3        0x1 
 .rodata.alarm_pool_dump_key.str1.4
                0x10006ea4       0x33 CMakeFiles/src.dir/C_/VSARM/sdk/pico/pico-sdk/src/common/pico_time/time.c.obj
 *fill*         0x10006ed7        0x1 
 .rodata.ph_add_child_node.str1.4
                0x10006ed8       0x96 CMakeFiles/src.dir/C_/VSARM/sdk/pico/pico-sdk/src/common/pico_time/time.c.obj
 *fill*         0x10006f6e        0x2 
 .rodata.add_alarm_under_lock.str1.4
                0x10006f70       0x28 CMakeFiles/src.dir/C_/VSARM/sdk/pico/pico-sdk/src/common/pico_time/time.c.obj
                                 0x2b (size before relaxing)
 .rodata.alarm_pool_alarm_callback.str1.4
                0x10006f98       0xe6 CMakeFiles/src.dir/C_/VSARM/sdk/pico/pico-sdk/src/common/pico_time/time.c.obj
 *fill*         0x1000707e        0x2 
 .rodata.alarm_pool_get_default.str1.4
                0x10007080       0x21 CMakeFiles/src.dir/C_/VSARM/sdk/pico/pico-sdk/src/common/pico_time/time.c.obj
 *fill*         0x100070a1        0x3 
 .rodata.sleep_until.str1.4
                0x100070a4       0x4d CMakeFiles/src.dir/C_/VSARM/sdk/pico/pico-sdk/src/common/pico_time/time.c.obj
 *fill*         0x100070f1        0x3 
 .rodata.__func__.0
                0x100070f4       0x19 CMakeFiles/src.dir/C_/VSARM/sdk/pico/pico-sdk/src/common/pico_time/time.c.obj
 *fill*         0x1000710d        0x3 
 .rodata.__func__.10
                0x10007110       0x15 CMakeFiles/src.dir/C_/VSARM/sdk/pico/pico-sdk/src/common/pico_time/time.c.obj
 *fill*         0x10007125        0x3 
 .rodata.__func__.11
                0x10007128       0x1a CMakeFiles/src.dir/C_/VSARM/sdk/pico/pico-sdk/src/common/pico_time/time.c.obj
 *fill*         0x10007142        0x2 
 .rodata.__func__.12
                0x10007144        0xa CMakeFiles/src.dir/C_/VSARM/sdk/pico/pico-sdk/src/common/pico_time/time.c.obj
 *fill*         0x1000714e        0x2 
 .rodata.__func__.3
                0x10007150       0x17 CMakeFiles/src.dir/C_/VSARM/sdk/pico/pico-sdk/src/common/pico_time/time.c.obj
 *fill*         0x10007167        0x1 
 .rodata.__func__.4
                0x10007168       0x12 CMakeFiles/src.dir/C_/VSARM/sdk/pico/pico-sdk/src/common/pico_time/time.c.obj
 *fill*         0x1000717a        0x2 
 .rodata.__func__.5
                0x1000717c        0xd CMakeFiles/src.dir/C_/VSARM/sdk/pico/pico-sdk/src/common/pico_time/time.c.obj
 *fill*         0x10007189        0x3 
 .rodata.__func__.6
                0x1000718c       0x12 CMakeFiles/src.dir/C_/VSARM/sdk/pico/pico-sdk/src/common/pico_time/time.c.obj
 *fill*         0x1000719e        0x2 
 .rodata.__func__.7
                0x100071a0        0xf CMakeFiles/src.dir/C_/VSARM/sdk/pico/pico-sdk/src/common/pico_time/time.c.obj
 *fill*         0x100071af        0x1 
 .rodata.__func__.8
                0x100071b0        0xc CMakeFiles/src.dir/C_/VSARM/sdk/pico/pico-sdk/src/common/pico_time/time.c.obj
 .rodata.__func__.9
                0x100071bc       0x15 CMakeFiles/src.dir/C_/VSARM/sdk/pico/pico-sdk/src/common/pico_time/time.c.obj
 *fill*         0x100071d1        0x3 
 .rodata.hardware_alarm_claim.str1.4
                0x100071d4       0x22 CMakeFiles/src.dir/C_/VSARM/sdk/pico/pico-sdk/src/rp2_common/hardware_timer/timer.c.obj
 *fill*         0x100071f6        0x2 
 .rodata.hardware_alarm_set_target.str1.4
                0x100071f8       0x65 CMakeFiles/src.dir/C_/VSARM/sdk/pico/pico-sdk/src/rp2_common/hardware_timer/timer.c.obj
 *fill*         0x1000725d        0x3 
 .rodata.__func__.0
                0x10007260       0x1a CMakeFiles/src.dir/C_/VSARM/sdk/pico/pico-sdk/src/rp2_common/hardware_timer/timer.c.obj
 .rodata.ph_add_child_node.str1.4
                0x1000727a       0x96 CMakeFiles/src.dir/C_/VSARM/sdk/pico/pico-sdk/src/common/pico_util/pheap.c.obj
 *fill*         0x1000727a        0x2 
 .rodata.ph_remove_any_head.str1.4
                0x1000727c       0x8c CMakeFiles/src.dir/C_/VSARM/sdk/pico/pico-sdk/src/common/pico_util/pheap.c.obj
 .rodata.ph_remove_and_free_node.str1.4
                0x10007308       0x1e CMakeFiles/src.dir/C_/VSARM/sdk/pico/pico-sdk/src/common/pico_util/pheap.c.obj
                                 0x26 (size before relaxing)
 *fill*         0x10007326        0x2 
 .rodata.__func__.0
                0x10007328       0x18 CMakeFiles/src.dir/C_/VSARM/sdk/pico/pico-sdk/src/common/pico_util/pheap.c.obj
 .rodata.__func__.1
                0x10007340       0x13 CMakeFiles/src.dir/C_/VSARM/sdk/pico/pico-sdk/src/common/pico_util/pheap.c.obj
 *fill*         0x10007353        0x1 
 .rodata.__func__.2
                0x10007354       0x12 CMakeFiles/src.dir/C_/VSARM/sdk/pico/pico-sdk/src/common/pico_util/pheap.c.obj
 *fill*         0x10007366        0x2 
 .rodata.__func__.3
                0x10007368        0xc CMakeFiles/src.dir/C_/VSARM/sdk/pico/pico-sdk/src/common/pico_util/pheap.c.obj
 .rodata.str1.4
                0x10007374       0x89 CMakeFiles/src.dir/C_/VSARM/sdk/pico/pico-sdk/src/common/pico_sync/mutex.c.obj
                                 0xed (size before relaxing)
 *fill*         0x100073fd        0x3 
 .rodata.__func__.1
                0x10007400        0xb CMakeFiles/src.dir/C_/VSARM/sdk/pico/pico-sdk/src/common/pico_sync/mutex.c.obj
 *fill*         0x1000740b        0x1 
 .rodata.__assert_func.str1.4
                0x1000740c       0x3f CMakeFiles/src.dir/C_/VSARM/sdk/pico/pico-sdk/src/rp2_common/pico_runtime/runtime.c.obj
                                 0x43 (size before relaxing)
 *fill*         0x1000744b        0x1 
 .rodata.runtime_init.str1.4
                0x1000744c       0x61 CMakeFiles/src.dir/C_/VSARM/sdk/pico/pico-sdk/src/rp2_common/pico_runtime/runtime.c.obj
 *fill*         0x100074ad        0x3 
 .rodata.panic.str1.4
                0x100074b0       0x12 CMakeFiles/src.dir/C_/VSARM/sdk/pico/pico-sdk/src/rp2_common/pico_runtime/runtime.c.obj
 *fill*         0x100074c2        0x2 
 .rodata.__func__.1
                0x100074c4        0xd CMakeFiles/src.dir/C_/VSARM/sdk/pico/pico-sdk/src/rp2_common/pico_runtime/runtime.c.obj
 *fill*         0x100074d1        0x3 
 .rodata.clock_configure.str1.4
                0x100074d4       0x57 CMakeFiles/src.dir/C_/VSARM/sdk/pico/pico-sdk/src/rp2_common/hardware_clocks/clocks.c.obj
 *fill*         0x1000752b        0x1 
 .rodata.__func__.1
                0x1000752c       0x10 CMakeFiles/src.dir/C_/VSARM/sdk/pico/pico-sdk/src/rp2_common/hardware_clocks/clocks.c.obj
 .rodata.pll_init.str1.4
                0x1000753c      0x13b CMakeFiles/src.dir/C_/VSARM/sdk/pico/pico-sdk/src/rp2_common/hardware_pll/pll.c.obj
 *fill*         0x10007677        0x1 
 .rodata.__func__.0
                0x10007678        0x9 CMakeFiles/src.dir/C_/VSARM/sdk/pico/pico-sdk/src/rp2_common/hardware_pll/pll.c.obj
 *fill*         0x10007681        0x3 
 .rodata._ftoa.str1.4
                0x10007684       0x15 CMakeFiles/src.dir/C_/VSARM/sdk/pico/pico-sdk/src/rp2_common/pico_printf/printf.c.obj
 *fill*         0x10007699        0x3 
 .rodata._vsnprintf
                0x1000769c      0x19c CMakeFiles/src.dir/C_/VSARM/sdk/pico/pico-sdk/src/rp2_common/pico_printf/printf.c.obj
 .rodata.pow10.0
                0x10007838       0x50 CMakeFiles/src.dir/C_/VSARM/sdk/pico/pico-sdk/src/rp2_common/pico_printf/printf.c.obj
 .rodata.__aeabi_double_init.str1.4
                0x10007888       0xa8 CMakeFiles/src.dir/C_/VSARM/sdk/pico/pico-sdk/src/rp2_common/pico_double/double_init_rom.c.obj
 .rodata.__func__.0
                0x10007930       0x14 CMakeFiles/src.dir/C_/VSARM/sdk/pico/pico-sdk/src/rp2_common/pico_double/double_init_rom.c.obj
 .rodata.__aeabi_float_init.str1.4
                0x10007944       0x7a CMakeFiles/src.dir/C_/VSARM/sdk/pico/pico-sdk/src/rp2_common/pico_float/float_init_rom.c.obj
                                 0x7e (size before relaxing)
 *fill*         0x100079be        0x2 
 .rodata.__func__.0
                0x100079c0       0x13 CMakeFiles/src.dir/C_/VSARM/sdk/pico/pico-sdk/src/rp2_common/pico_float/float_init_rom.c.obj
 *fill*         0x100079d3        0x1 
 .rodata.str1.4
                0x100079d4       0x38 CMakeFiles/src.dir/C_/VSARM/sdk/pico/pico-sdk/src/rp2_common/pico_standard_link/binary_info.c.obj
 .rodata.__bi_44
                0x10007a0c        0xc CMakeFiles/src.dir/C_/VSARM/sdk/pico/pico-sdk/src/rp2_common/pico_standard_link/binary_info.c.obj
 .rodata.__bi_75
                0x10007a18        0xc CMakeFiles/src.dir/C_/VSARM/sdk/pico/pico-sdk/src/rp2_common/pico_standard_link/binary_info.c.obj
 .rodata.__bi_81
                0x10007a24        0xc CMakeFiles/src.dir/C_/VSARM/sdk/pico/pico-sdk/src/rp2_common/pico_standard_link/binary_info.c.obj
 .rodata.crlf_str.3
                0x10007a30        0x2 CMakeFiles/src.dir/C_/VSARM/sdk/pico/pico-sdk/src/rp2_common/pico_stdio/stdio.c.obj
 *fill*         0x10007a32        0x2 
 .rodata.str1.4
                0x10007a34       0x2c CMakeFiles/src.dir/C_/VSARM/sdk/pico/pico-sdk/src/rp2_common/pico_stdio_uart/stdio_uart.c.obj
 .rodata.__bi_28.4
                0x10007a60        0xc CMakeFiles/src.dir/C_/VSARM/sdk/pico/pico-sdk/src/rp2_common/pico_stdio_uart/stdio_uart.c.obj
 .rodata.__bi_29.5
                0x10007a6c        0x8 CMakeFiles/src.dir/C_/VSARM/sdk/pico/pico-sdk/src/rp2_common/pico_stdio_uart/stdio_uart.c.obj
                0x10007a74                . = ALIGN (0x4)
 *(SORT_BY_ALIGNMENT(SORT_BY_NAME(.flashdata*)))
                0x10007a74                . = ALIGN (0x4)

.rel.dyn        0x10007a74        0x0
 .rel.iplt      0x10007a74        0x0 c:/vsarm/armcc/1142da~1.3re/bin/../lib/gcc/arm-none-eabi/11.3.1/thumb/v6-m/nofp/crtbegin.o

.ARM.extab
 *(.ARM.extab* .gnu.linkonce.armextab.*)
                0x10007a74                __exidx_start = .

.ARM.exidx
 *(.ARM.exidx* .gnu.linkonce.armexidx.*)
                0x10007a74                __exidx_end = .
                0x10007a74                . = ALIGN (0x4)
                0x10007a74                __binary_info_start = .

.binary_info    0x10007a74       0x28
 *(.binary_info.keep.*)
 .binary_info.keep.__bi_ptr256
                0x10007a74        0x4 CMakeFiles/src.dir/main.c.obj
 .binary_info.keep.__bi_ptr22
                0x10007a78        0x4 CMakeFiles/src.dir/C_/VSARM/sdk/pico/pico-sdk/src/rp2_common/pico_standard_link/binary_info.c.obj
 .binary_info.keep.__bi_ptr30
                0x10007a7c        0x4 CMakeFiles/src.dir/C_/VSARM/sdk/pico/pico-sdk/src/rp2_common/pico_standard_link/binary_info.c.obj
 .binary_info.keep.__bi_ptr38
                0x10007a80        0x4 CMakeFiles/src.dir/C_/VSARM/sdk/pico/pico-sdk/src/rp2_common/pico_standard_link/binary_info.c.obj
 .binary_info.keep.__bi_ptr44
                0x10007a84        0x4 CMakeFiles/src.dir/C_/VSARM/sdk/pico/pico-sdk/src/rp2_common/pico_standard_link/binary_info.c.obj
 .binary_info.keep.__bi_ptr50
                0x10007a88        0x4 CMakeFiles/src.dir/C_/VSARM/sdk/pico/pico-sdk/src/rp2_common/pico_standard_link/binary_info.c.obj
 .binary_info.keep.__bi_ptr75
                0x10007a8c        0x4 CMakeFiles/src.dir/C_/VSARM/sdk/pico/pico-sdk/src/rp2_common/pico_standard_link/binary_info.c.obj
 .binary_info.keep.__bi_ptr81
                0x10007a90        0x4 CMakeFiles/src.dir/C_/VSARM/sdk/pico/pico-sdk/src/rp2_common/pico_standard_link/binary_info.c.obj
 *(.binary_info.*)
 .binary_info.__bi_ptr28
                0x10007a94        0x4 CMakeFiles/src.dir/C_/VSARM/sdk/pico/pico-sdk/src/rp2_common/pico_stdio_uart/stdio_uart.c.obj
 .binary_info.__bi_ptr29
                0x10007a98        0x4 CMakeFiles/src.dir/C_/VSARM/sdk/pico/pico-sdk/src/rp2_common/pico_stdio_uart/stdio_uart.c.obj
                0x10007a9c                __binary_info_end = .
                0x10007a9c                . = ALIGN (0x4)
                0x10007a9c                __etext = .

.ram_vector_table
                0x20000000       0xc0
 *(.ram_vector_table)
 .ram_vector_table
                0x20000000       0xc0 CMakeFiles/src.dir/C_/VSARM/sdk/pico/pico-sdk/src/rp2_common/pico_runtime/runtime.c.obj
                0x20000000                ram_vector_table

.data           0x200000c0      0x200 load address 0x10007a9c
                0x200000c0                __data_start__ = .
 *(vtable)
 *(.time_critical*)
 .time_critical.mutex_enter_blocking
                0x200000c0       0x48 CMakeFiles/src.dir/C_/VSARM/sdk/pico/pico-sdk/src/common/pico_sync/mutex.c.obj
                0x200000c0                mutex_enter_blocking
 .time_critical.mutex_try_enter
                0x20000108       0x46 CMakeFiles/src.dir/C_/VSARM/sdk/pico/pico-sdk/src/common/pico_sync/mutex.c.obj
                0x20000108                mutex_try_enter
 *fill*         0x2000014e        0x2 
 .time_critical.mutex_exit
                0x20000150       0x4c CMakeFiles/src.dir/C_/VSARM/sdk/pico/pico-sdk/src/common/pico_sync/mutex.c.obj
                0x20000150                mutex_exit
 .time_critical.spi_write_read_blocking
                0x2000019c       0x42 CMakeFiles/src.dir/C_/VSARM/sdk/pico/pico-sdk/src/rp2_common/hardware_spi/spi.c.obj
                0x2000019c                spi_write_read_blocking
 *(.text*)
 *fill*         0x200001de        0x2 
 .text          0x200001e0        0x4 c:/vsarm/armcc/1142da~1.3re/bin/../lib/gcc/arm-none-eabi/11.3.1/thumb/v6-m/nofp\libgcc.a(_dvmd_tls.o)
                0x200001e0                __aeabi_idiv0
                0x200001e0                __aeabi_ldiv0
 *fill*         0x200001e4        0x4 
 .text.__stub   0x200001e8       0x10 linker stubs
                0x200001f8                . = ALIGN (0x4)
 *(.rodata*)
                0x200001f8                . = ALIGN (0x4)
 *(.data*)
 .data.striped_spin_lock_num
                0x200001f8        0x1 CMakeFiles/src.dir/C_/VSARM/sdk/pico/pico-sdk/src/rp2_common/hardware_sync/sync.c.obj
 *fill*         0x200001f9        0x3 
 .data          0x200001fc       0x48 CMakeFiles/src.dir/C_/VSARM/sdk/pico/pico-sdk/src/rp2_common/hardware_irq/irq_handler_chain.S.obj
                0x200001fc                irq_handler_chain_slots
                0x2000022c                irq_handler_chain_first_slot
                0x20000236                irq_handler_chain_remove_tail
 .data.default_alarm_pool
                0x20000244       0x18 CMakeFiles/src.dir/C_/VSARM/sdk/pico/pico-sdk/src/common/pico_time/time.c.obj
 .data.default_alarm_pool_heap
                0x2000025c       0x10 CMakeFiles/src.dir/C_/VSARM/sdk/pico/pico-sdk/src/common/pico_time/time.c.obj
 *fill*         0x2000026c        0x4 
 .data.aeabi_bits_funcs
                0x20000270       0x10 CMakeFiles/src.dir/C_/VSARM/sdk/pico/pico-sdk/src/rp2_common/pico_bit_ops/bit_ops_aeabi.S.obj
                0x20000270                aeabi_bits_funcs
                0x20000280                aeabi_bits_funcs_end
 .data.aeabi_mem_funcs
                0x20000280       0x10 CMakeFiles/src.dir/C_/VSARM/sdk/pico/pico-sdk/src/rp2_common/pico_mem_ops/mem_ops_aeabi.S.obj
                0x20000280                aeabi_mem_funcs
                0x20000290                aeabi_mem_funcs_end
 .data.stdio_uart
                0x20000290       0x14 CMakeFiles/src.dir/C_/VSARM/sdk/pico/pico-sdk/src/rp2_common/pico_stdio_uart/stdio_uart.c.obj
                0x20000290                stdio_uart
                0x200002a4                . = ALIGN (0x4)
 *(.after_data.*)
                0x200002a4                . = ALIGN (0x4)
                0x200002a4                PROVIDE (__mutex_array_start = .)
 *(SORT_BY_NAME(.mutex_array.*))
 *(.mutex_array)
 .mutex_array   0x200002a4        0x8 CMakeFiles/src.dir/C_/VSARM/sdk/pico/pico-sdk/src/rp2_common/pico_stdio/stdio.c.obj
                0x200002ac                PROVIDE (__mutex_array_end = .)
                0x200002ac                . = ALIGN (0x4)
                0x200002ac                PROVIDE (__preinit_array_start = .)
 *(SORT_BY_NAME(.preinit_array.*))
 .preinit_array.00001
                0x200002ac        0x4 CMakeFiles/src.dir/C_/VSARM/sdk/pico/pico-sdk/src/rp2_common/pico_mem_ops/mem_ops_aeabi.S.obj
 .preinit_array.00010
                0x200002b0        0x4 CMakeFiles/src.dir/C_/VSARM/sdk/pico/pico-sdk/src/rp2_common/pico_bit_ops/bit_ops_aeabi.S.obj
 .preinit_array.00020
                0x200002b4        0x4 CMakeFiles/src.dir/C_/VSARM/sdk/pico/pico-sdk/src/rp2_common/pico_double/double_aeabi.S.obj
 .preinit_array.00020
                0x200002b8        0x4 CMakeFiles/src.dir/C_/VSARM/sdk/pico/pico-sdk/src/rp2_common/pico_float/float_aeabi.S.obj
 *(.preinit_array)
                0x200002bc                PROVIDE (__preinit_array_end = .)
                0x200002bc                . = ALIGN (0x4)
                0x200002bc                PROVIDE (__init_array_start = .)
 *(SORT_BY_NAME(.init_array.*))
 *(.init_array)
 .init_array    0x200002bc        0x4 c:/vsarm/armcc/1142da~1.3re/bin/../lib/gcc/arm-none-eabi/11.3.1/thumb/v6-m/nofp/crtbegin.o
                0x200002c0                PROVIDE (__init_array_end = .)
                0x200002c0                . = ALIGN (0x4)
                [!provide]                PROVIDE (__fini_array_start = .)
 *(SORT_BY_NAME(.fini_array.*))
 *(.fini_array)
                [!provide]                PROVIDE (__fini_array_end = .)
 *(.jcr)
                0x200002c0                . = ALIGN (0x4)
                0x200002c0                __data_end__ = .

.tm_clone_table
                0x200002c0        0x0 load address 0x10007c9c
 .tm_clone_table
                0x200002c0        0x0 c:/vsarm/armcc/1142da~1.3re/bin/../lib/gcc/arm-none-eabi/11.3.1/thumb/v6-m/nofp/crtbegin.o
 .tm_clone_table
                0x200002c0        0x0 c:/vsarm/armcc/1142da~1.3re/bin/../lib/gcc/arm-none-eabi/11.3.1/thumb/v6-m/nofp/crtend.o

.igot.plt       0x200002c0        0x0 load address 0x10007c9c
 .igot.plt      0x200002c0        0x0 c:/vsarm/armcc/1142da~1.3re/bin/../lib/gcc/arm-none-eabi/11.3.1/thumb/v6-m/nofp/crtbegin.o

.uninitialized_data
                0x200002c0        0x0 load address 0x10007c9c
                0x200002c0                . = ALIGN (0x4)
 *(.uninitialized_data*)

.scratch_x      0x20040000        0x0 load address 0x10007c9c
                0x20040000                __scratch_x_start__ = .
 *(.scratch_x.*)
                0x20040000                . = ALIGN (0x4)
                0x20040000                __scratch_x_end__ = .
                0x10007c9c                __scratch_x_source__ = LOADADDR (.scratch_x)

.scratch_y      0x20041000        0x0 load address 0x10007c9c
                0x20041000                __scratch_y_start__ = .
 *(.scratch_y.*)
                0x20041000                . = ALIGN (0x4)
                0x20041000                __scratch_y_end__ = .
                0x10007c9c                __scratch_y_source__ = LOADADDR (.scratch_y)

.bss            0x200002c0      0x690
                0x200002c0                . = ALIGN (0x4)
                0x200002c0                __bss_start__ = .
 *(SORT_BY_ALIGNMENT(SORT_BY_NAME(.bss*)))
 .bss.aucRxBufferMaster
                0x200002c0      0x118 CMakeFiles/src.dir/main.c.obj
                0x200002c0                aucRxBufferMaster
 *fill*         0x200003d8        0x8 
 .bss.aucRxBufferSlave
                0x200003e0      0x118 CMakeFiles/src.dir/main.c.obj
                0x200003e0                aucRxBufferSlave
 .bss.default_alarm_pool_entries
                0x200004f8      0x100 CMakeFiles/src.dir/C_/VSARM/sdk/pico/pico-sdk/src/common/pico_time/time.c.obj
 .bss.timer_10ms
                0x200005f8       0x18 CMakeFiles/src.dir/main.c.obj
                0x200005f8                timer_10ms
 .bss.timer_getTemp
                0x20000610       0x18 CMakeFiles/src.dir/main.c.obj
                0x20000610                timer_getTemp
 .bss.timer_heartbeat
                0x20000628       0x18 CMakeFiles/src.dir/main.c.obj
                0x20000628                timer_heartbeat
 .bss.SPI_RxBuffer
                0x20000640        0xa CMakeFiles/src.dir/main.c.obj
                0x20000640                SPI_RxBuffer
 *fill*         0x2000064a        0x2 
 .bss.SPI_TxBuffer
                0x2000064c        0xa CMakeFiles/src.dir/main.c.obj
                0x2000064c                SPI_TxBuffer
 *fill*         0x20000656        0x2 
 .bss.alarm_callbacks
                0x20000658       0x10 CMakeFiles/src.dir/C_/VSARM/sdk/pico/pico-sdk/src/rp2_common/hardware_timer/timer.c.obj
 .bss.configured_freq
                0x20000668       0x28 CMakeFiles/src.dir/C_/VSARM/sdk/pico/pico-sdk/src/rp2_common/hardware_clocks/clocks.c.obj
 .bss.default_alarm_pool_entry_ids_high
                0x20000690       0x10 CMakeFiles/src.dir/C_/VSARM/sdk/pico/pico-sdk/src/common/pico_time/time.c.obj
 .bss.default_alarm_pool_heap_nodes
                0x200006a0       0x30 CMakeFiles/src.dir/C_/VSARM/sdk/pico/pico-sdk/src/common/pico_time/time.c.obj
 .bss.drivers   0x200006d0        0x4 CMakeFiles/src.dir/C_/VSARM/sdk/pico/pico-sdk/src/rp2_common/pico_stdio/stdio.c.obj
 .bss.filter    0x200006d4        0x4 CMakeFiles/src.dir/C_/VSARM/sdk/pico/pico-sdk/src/rp2_common/pico_stdio/stdio.c.obj
 .bss.load_value
                0x200006d8        0x4 CMakeFiles/src.dir/C_/VSARM/sdk/pico/pico-sdk/src/rp2_common/hardware_watchdog/watchdog.c.obj
 .bss.object.0  0x200006dc       0x18 c:/vsarm/armcc/1142da~1.3re/bin/../lib/gcc/arm-none-eabi/11.3.1/thumb/v6-m/nofp/crtbegin.o
 .bss.pools     0x200006f4       0x10 CMakeFiles/src.dir/C_/VSARM/sdk/pico/pico-sdk/src/common/pico_time/time.c.obj
 .bss.sd_table  0x20000704      0x100 CMakeFiles/src.dir/C_/VSARM/sdk/pico/pico-sdk/src/rp2_common/pico_double/double_init_rom.c.obj
                0x20000704                sd_table
 .bss.sf_clz_func
                0x20000804        0x4 CMakeFiles/src.dir/C_/VSARM/sdk/pico/pico-sdk/src/rp2_common/pico_double/double_init_rom.c.obj
                0x20000804                sf_clz_func
 .bss.sf_table  0x20000808      0x100 CMakeFiles/src.dir/C_/VSARM/sdk/pico/pico-sdk/src/rp2_common/pico_float/float_init_rom.c.obj
                0x20000808                sf_table
 .bss.sleep_notifier
                0x20000908        0x4 CMakeFiles/src.dir/C_/VSARM/sdk/pico/pico-sdk/src/common/pico_time/time.c.obj
 .bss.target_hi
                0x2000090c       0x10 CMakeFiles/src.dir/C_/VSARM/sdk/pico/pico-sdk/src/rp2_common/hardware_timer/timer.c.obj
 .bss.uart_char_to_line_feed
                0x2000091c        0x4 CMakeFiles/src.dir/C_/VSARM/sdk/pico/pico-sdk/src/rp2_common/hardware_uart/uart.c.obj
                0x2000091c                uart_char_to_line_feed
 .bss.uart_instance
                0x20000920        0x4 CMakeFiles/src.dir/C_/VSARM/sdk/pico/pico-sdk/src/rp2_common/pico_stdio_uart/stdio_uart.c.obj
 .bss.uiChecksumSlave
                0x20000924        0x2 CMakeFiles/src.dir/comms.c.obj
                0x20000924                uiChecksumSlave
 .bss.uiCommsMode
                0x20000926        0x2 CMakeFiles/src.dir/main.c.obj
                0x20000926                uiCommsMode
 .bss.uiCommsStatus
                0x20000928        0x2 CMakeFiles/src.dir/main.c.obj
                0x20000928                uiCommsStatus
 .bss.uiCommsTimeout
                0x2000092a        0x2 CMakeFiles/src.dir/main.c.obj
                0x2000092a                uiCommsTimeout
 .bss.uiRxBufferMasterGet
                0x2000092c        0x2 CMakeFiles/src.dir/main.c.obj
                0x2000092c                uiRxBufferMasterGet
 .bss.uiRxBufferMasterPut
                0x2000092e        0x2 CMakeFiles/src.dir/main.c.obj
                0x2000092e                uiRxBufferMasterPut
 .bss.uiRxBufferSlaveGet
                0x20000930        0x2 CMakeFiles/src.dir/main.c.obj
                0x20000930                uiRxBufferSlaveGet
 .bss.uiRxBufferSlavePut
                0x20000932        0x2 CMakeFiles/src.dir/main.c.obj
                0x20000932                uiRxBufferSlavePut
 .bss.uiSerialNo
                0x20000934        0x2 CMakeFiles/src.dir/comms.c.obj
                0x20000934                uiSerialNo
 .bss.uiTemperatureCutoffPoint
                0x20000936        0x2 CMakeFiles/src.dir/main.c.obj
                0x20000936                uiTemperatureCutoffPoint
 .bss.uiTemperaturePrevious.1
                0x20000938        0x2 CMakeFiles/src.dir/main.c.obj
 .bss.uiTemperatureResetPoint
                0x2000093a        0x2 CMakeFiles/src.dir/main.c.obj
                0x2000093a                uiTemperatureResetPoint
 .bss.Flag_GetTemperature
                0x2000093c        0x1 CMakeFiles/src.dir/main.c.obj
                0x2000093c                Flag_GetTemperature
 .bss.claimed   0x2000093d        0x1 CMakeFiles/src.dir/C_/VSARM/sdk/pico/pico-sdk/src/rp2_common/hardware_timer/timer.c.obj
 .bss.countPC   0x2000093e        0x1 CMakeFiles/src.dir/main.c.obj
                0x2000093e                countPC
 .bss.countSensor
                0x2000093f        0x1 CMakeFiles/src.dir/main.c.obj
                0x2000093f                countSensor
 .bss.irq_hander_chain_free_slot_head
                0x20000940        0x1 CMakeFiles/src.dir/C_/VSARM/sdk/pico/pico-sdk/src/rp2_common/hardware_irq/irq.c.obj
 .bss.timer_callbacks_pending
                0x20000941        0x1 CMakeFiles/src.dir/C_/VSARM/sdk/pico/pico-sdk/src/rp2_common/hardware_timer/timer.c.obj
 .bss.ucError.0
                0x20000942        0x1 CMakeFiles/src.dir/comms.c.obj
 .bss.ucFlagJigCommand
                0x20000943        0x1 CMakeFiles/src.dir/main.c.obj
                0x20000943                ucFlagJigCommand
 .bss.ucHighTemperatureFlag
                0x20000944        0x1 CMakeFiles/src.dir/main.c.obj
                0x20000944                ucHighTemperatureFlag
 .bss.ucJig     0x20000945        0x1 CMakeFiles/src.dir/comms.c.obj
                0x20000945                ucJig
 .bss.ucJigCommand
                0x20000946        0x1 CMakeFiles/src.dir/comms.c.obj
                0x20000946                ucJigCommand
 .bss.ucPassThroughMode
                0x20000947        0x1 CMakeFiles/src.dir/main.c.obj
                0x20000947                ucPassThroughMode
 .bss.ucPcCommsFlag
                0x20000948        0x1 CMakeFiles/src.dir/main.c.obj
                0x20000948                ucPcCommsFlag
 .bss.ucPosn    0x20000949        0x1 CMakeFiles/src.dir/comms.c.obj
                0x20000949                ucPosn
 .bss.ucProgressCount
                0x2000094a        0x1 CMakeFiles/src.dir/comms.c.obj
                0x2000094a                ucProgressCount
 .bss.ucSensorCommsFlag
                0x2000094b        0x1 CMakeFiles/src.dir/main.c.obj
                0x2000094b                ucSensorCommsFlag
 .bss.ucSeq     0x2000094c        0x1 CMakeFiles/src.dir/comms.c.obj
                0x2000094c                ucSeq
 .bss.ucSerialNumberRequest
                0x2000094d        0x1 CMakeFiles/src.dir/main.c.obj
                0x2000094d                ucSerialNumberRequest
 *(COMMON)
                0x20000950                . = ALIGN (0x4)
 *fill*         0x2000094e        0x2 
                0x20000950                __bss_end__ = .

.heap           0x20000950      0x800
                0x20000950                __end__ = .
                0x20000950                end = __end__
 *(.heap*)
 .heap          0x20000950      0x800 CMakeFiles/src.dir/C_/VSARM/sdk/pico/pico-sdk/src/rp2_common/pico_standard_link/crt0.S.obj
                0x20001150                __HeapLimit = .

.stack1_dummy   0x20040000        0x0
 *(.stack1*)

.stack_dummy    0x20041000      0x800
 *(.stack*)
 .stack         0x20041000      0x800 CMakeFiles/src.dir/C_/VSARM/sdk/pico/pico-sdk/src/rp2_common/pico_standard_link/crt0.S.obj

.flash_end      0x10007c9c        0x0
                0x10007c9c                __flash_binary_end = .
                0x20040000                __StackLimit = (ORIGIN (RAM) + LENGTH (RAM))
                0x20041000                __StackOneTop = (ORIGIN (SCRATCH_X) + LENGTH (SCRATCH_X))
                0x20042000                __StackTop = (ORIGIN (SCRATCH_Y) + LENGTH (SCRATCH_Y))
                0x20041000                __StackOneBottom = (__StackOneTop - SIZEOF (.stack1_dummy))
                0x20041800                __StackBottom = (__StackTop - SIZEOF (.stack_dummy))
                0x20042000                PROVIDE (__stack = __StackTop)
                0x00000001                ASSERT ((__StackLimit >= __HeapLimit), region RAM overflowed)
                0x00000001                ASSERT (((__binary_info_header_end - __logical_binary_start) <= 0x100), Binary info must be in first 256 bytes of the binary)
LOAD CMakeFiles/src.dir/main.c.obj
LOAD CMakeFiles/src.dir/comms.c.obj
LOAD CMakeFiles/src.dir/C_/VSARM/sdk/pico/pico-sdk/src/rp2_common/pico_stdlib/stdlib.c.obj
LOAD CMakeFiles/src.dir/C_/VSARM/sdk/pico/pico-sdk/src/rp2_common/hardware_gpio/gpio.c.obj
LOAD CMakeFiles/src.dir/C_/VSARM/sdk/pico/pico-sdk/src/rp2_common/hardware_claim/claim.c.obj
LOAD CMakeFiles/src.dir/C_/VSARM/sdk/pico/pico-sdk/src/rp2_common/pico_platform/platform.c.obj
LOAD CMakeFiles/src.dir/C_/VSARM/sdk/pico/pico-sdk/src/rp2_common/hardware_sync/sync.c.obj
LOAD CMakeFiles/src.dir/C_/VSARM/sdk/pico/pico-sdk/src/rp2_common/hardware_irq/irq.c.obj
LOAD CMakeFiles/src.dir/C_/VSARM/sdk/pico/pico-sdk/src/rp2_common/hardware_irq/irq_handler_chain.S.obj
LOAD CMakeFiles/src.dir/C_/VSARM/sdk/pico/pico-sdk/src/common/pico_sync/sem.c.obj
LOAD CMakeFiles/src.dir/C_/VSARM/sdk/pico/pico-sdk/src/common/pico_sync/lock_core.c.obj
LOAD CMakeFiles/src.dir/C_/VSARM/sdk/pico/pico-sdk/src/common/pico_time/time.c.obj
LOAD CMakeFiles/src.dir/C_/VSARM/sdk/pico/pico-sdk/src/common/pico_time/timeout_helper.c.obj
LOAD CMakeFiles/src.dir/C_/VSARM/sdk/pico/pico-sdk/src/rp2_common/hardware_timer/timer.c.obj
LOAD CMakeFiles/src.dir/C_/VSARM/sdk/pico/pico-sdk/src/common/pico_util/datetime.c.obj
LOAD CMakeFiles/src.dir/C_/VSARM/sdk/pico/pico-sdk/src/common/pico_util/pheap.c.obj
LOAD CMakeFiles/src.dir/C_/VSARM/sdk/pico/pico-sdk/src/common/pico_util/queue.c.obj
LOAD CMakeFiles/src.dir/C_/VSARM/sdk/pico/pico-sdk/src/common/pico_sync/mutex.c.obj
LOAD CMakeFiles/src.dir/C_/VSARM/sdk/pico/pico-sdk/src/common/pico_sync/critical_section.c.obj
LOAD CMakeFiles/src.dir/C_/VSARM/sdk/pico/pico-sdk/src/rp2_common/hardware_uart/uart.c.obj
LOAD CMakeFiles/src.dir/C_/VSARM/sdk/pico/pico-sdk/src/rp2_common/hardware_divider/divider.S.obj
LOAD CMakeFiles/src.dir/C_/VSARM/sdk/pico/pico-sdk/src/rp2_common/pico_runtime/runtime.c.obj
LOAD CMakeFiles/src.dir/C_/VSARM/sdk/pico/pico-sdk/src/rp2_common/hardware_clocks/clocks.c.obj
LOAD CMakeFiles/src.dir/C_/VSARM/sdk/pico/pico-sdk/src/rp2_common/hardware_pll/pll.c.obj
LOAD CMakeFiles/src.dir/C_/VSARM/sdk/pico/pico-sdk/src/rp2_common/hardware_vreg/vreg.c.obj
LOAD CMakeFiles/src.dir/C_/VSARM/sdk/pico/pico-sdk/src/rp2_common/hardware_watchdog/watchdog.c.obj
LOAD CMakeFiles/src.dir/C_/VSARM/sdk/pico/pico-sdk/src/rp2_common/hardware_xosc/xosc.c.obj
LOAD CMakeFiles/src.dir/C_/VSARM/sdk/pico/pico-sdk/src/rp2_common/pico_printf/printf.c.obj
LOAD CMakeFiles/src.dir/C_/VSARM/sdk/pico/pico-sdk/src/rp2_common/pico_bit_ops/bit_ops_aeabi.S.obj
LOAD CMakeFiles/src.dir/C_/VSARM/sdk/pico/pico-sdk/src/rp2_common/pico_bootrom/bootrom.c.obj
LOAD CMakeFiles/src.dir/C_/VSARM/sdk/pico/pico-sdk/src/rp2_common/pico_divider/divider.S.obj
LOAD CMakeFiles/src.dir/C_/VSARM/sdk/pico/pico-sdk/src/rp2_common/pico_double/double_aeabi.S.obj
LOAD CMakeFiles/src.dir/C_/VSARM/sdk/pico/pico-sdk/src/rp2_common/pico_double/double_init_rom.c.obj
LOAD CMakeFiles/src.dir/C_/VSARM/sdk/pico/pico-sdk/src/rp2_common/pico_double/double_math.c.obj
LOAD CMakeFiles/src.dir/C_/VSARM/sdk/pico/pico-sdk/src/rp2_common/pico_double/double_v1_rom_shim.S.obj
LOAD CMakeFiles/src.dir/C_/VSARM/sdk/pico/pico-sdk/src/rp2_common/pico_int64_ops/pico_int64_ops_aeabi.S.obj
LOAD CMakeFiles/src.dir/C_/VSARM/sdk/pico/pico-sdk/src/rp2_common/pico_float/float_aeabi.S.obj
LOAD CMakeFiles/src.dir/C_/VSARM/sdk/pico/pico-sdk/src/rp2_common/pico_float/float_init_rom.c.obj
LOAD CMakeFiles/src.dir/C_/VSARM/sdk/pico/pico-sdk/src/rp2_common/pico_float/float_math.c.obj
LOAD CMakeFiles/src.dir/C_/VSARM/sdk/pico/pico-sdk/src/rp2_common/pico_float/float_v1_rom_shim.S.obj
LOAD CMakeFiles/src.dir/C_/VSARM/sdk/pico/pico-sdk/src/rp2_common/pico_malloc/pico_malloc.c.obj
LOAD CMakeFiles/src.dir/C_/VSARM/sdk/pico/pico-sdk/src/rp2_common/pico_mem_ops/mem_ops_aeabi.S.obj
LOAD CMakeFiles/src.dir/C_/VSARM/sdk/pico/pico-sdk/src/rp2_common/pico_standard_link/crt0.S.obj
LOAD CMakeFiles/src.dir/C_/VSARM/sdk/pico/pico-sdk/src/rp2_common/pico_standard_link/new_delete.cpp.obj
LOAD CMakeFiles/src.dir/C_/VSARM/sdk/pico/pico-sdk/src/rp2_common/pico_standard_link/binary_info.c.obj
LOAD CMakeFiles/src.dir/C_/VSARM/sdk/pico/pico-sdk/src/rp2_common/pico_stdio/stdio.c.obj
LOAD CMakeFiles/src.dir/C_/VSARM/sdk/pico/pico-sdk/src/rp2_common/pico_stdio_uart/stdio_uart.c.obj
LOAD CMakeFiles/src.dir/C_/VSARM/sdk/pico/pico-sdk/src/rp2_common/hardware_adc/adc.c.obj
LOAD CMakeFiles/src.dir/C_/VSARM/sdk/pico/pico-sdk/src/rp2_common/hardware_dma/dma.c.obj
LOAD CMakeFiles/src.dir/C_/VSARM/sdk/pico/pico-sdk/src/rp2_common/hardware_i2c/i2c.c.obj
LOAD CMakeFiles/src.dir/C_/VSARM/sdk/pico/pico-sdk/src/rp2_common/hardware_pio/pio.c.obj
LOAD CMakeFiles/src.dir/C_/VSARM/sdk/pico/pico-sdk/src/rp2_common/hardware_spi/spi.c.obj
LOAD C:\Users\CRAIG~1.HEM\AppData\Local\Temp\ccFeX1V6.o
LOAD c:/vsarm/armcc/1142da~1.3re/bin/../lib/gcc/arm-none-eabi/11.3.1/thumb/v6-m/nofp\libstdc++.a
LOAD c:/vsarm/armcc/1142da~1.3re/bin/../lib/gcc/arm-none-eabi/11.3.1/thumb/v6-m/nofp\libm.a
START GROUP
LOAD c:/vsarm/armcc/1142da~1.3re/bin/../lib/gcc/arm-none-eabi/11.3.1/thumb/v6-m/nofp\libgcc.a
LOAD c:/vsarm/armcc/1142da~1.3re/bin/../lib/gcc/arm-none-eabi/11.3.1/thumb/v6-m/nofp\libg.a
LOAD c:/vsarm/armcc/1142da~1.3re/bin/../lib/gcc/arm-none-eabi/11.3.1/thumb/v6-m/nofp\libc.a
END GROUP
START GROUP
LOAD c:/vsarm/armcc/1142da~1.3re/bin/../lib/gcc/arm-none-eabi/11.3.1/thumb/v6-m/nofp\libgcc.a
LOAD c:/vsarm/armcc/1142da~1.3re/bin/../lib/gcc/arm-none-eabi/11.3.1/thumb/v6-m/nofp\libc.a
LOAD c:/vsarm/armcc/1142da~1.3re/bin/../lib/gcc/arm-none-eabi/11.3.1/thumb/v6-m/nofp\libnosys.a
END GROUP
LOAD c:/vsarm/armcc/1142da~1.3re/bin/../lib/gcc/arm-none-eabi/11.3.1/thumb/v6-m/nofp/crtend.o
LOAD c:/vsarm/armcc/1142da~1.3re/bin/../lib/gcc/arm-none-eabi/11.3.1/thumb/v6-m/nofp/crtn.o
OUTPUT(src.elf elf32-littlearm)
LOAD linker stubs

.ARM.attributes
                0x00000000       0x28
 .ARM.attributes
                0x00000000       0x1e c:/vsarm/armcc/1142da~1.3re/bin/../lib/gcc/arm-none-eabi/11.3.1/thumb/v6-m/nofp/crti.o
 .ARM.attributes
                0x0000001e       0x2c c:/vsarm/armcc/1142da~1.3re/bin/../lib/gcc/arm-none-eabi/11.3.1/thumb/v6-m/nofp/crtbegin.o
 .ARM.attributes
                0x0000004a       0x2c CMakeFiles/src.dir/main.c.obj
 .ARM.attributes
                0x00000076       0x2c CMakeFiles/src.dir/comms.c.obj
 .ARM.attributes
                0x000000a2       0x2c CMakeFiles/src.dir/C_/VSARM/sdk/pico/pico-sdk/src/rp2_common/hardware_gpio/gpio.c.obj
 .ARM.attributes
                0x000000ce       0x2c CMakeFiles/src.dir/C_/VSARM/sdk/pico/pico-sdk/src/rp2_common/hardware_claim/claim.c.obj
 .ARM.attributes
                0x000000fa       0x2c CMakeFiles/src.dir/C_/VSARM/sdk/pico/pico-sdk/src/rp2_common/pico_platform/platform.c.obj
 .ARM.attributes
                0x00000126       0x2c CMakeFiles/src.dir/C_/VSARM/sdk/pico/pico-sdk/src/rp2_common/hardware_sync/sync.c.obj
 .ARM.attributes
                0x00000152       0x2c CMakeFiles/src.dir/C_/VSARM/sdk/pico/pico-sdk/src/rp2_common/hardware_irq/irq.c.obj
 .ARM.attributes
                0x0000017e       0x22 CMakeFiles/src.dir/C_/VSARM/sdk/pico/pico-sdk/src/rp2_common/hardware_irq/irq_handler_chain.S.obj
 .ARM.attributes
                0x000001a0       0x2c CMakeFiles/src.dir/C_/VSARM/sdk/pico/pico-sdk/src/common/pico_sync/lock_core.c.obj
 .ARM.attributes
                0x000001cc       0x2c CMakeFiles/src.dir/C_/VSARM/sdk/pico/pico-sdk/src/common/pico_time/time.c.obj
 .ARM.attributes
                0x000001f8       0x2c CMakeFiles/src.dir/C_/VSARM/sdk/pico/pico-sdk/src/rp2_common/hardware_timer/timer.c.obj
 .ARM.attributes
                0x00000224       0x2c CMakeFiles/src.dir/C_/VSARM/sdk/pico/pico-sdk/src/common/pico_util/pheap.c.obj
 .ARM.attributes
                0x00000250       0x2c CMakeFiles/src.dir/C_/VSARM/sdk/pico/pico-sdk/src/common/pico_sync/mutex.c.obj
 .ARM.attributes
                0x0000027c       0x2c CMakeFiles/src.dir/C_/VSARM/sdk/pico/pico-sdk/src/rp2_common/hardware_uart/uart.c.obj
 .ARM.attributes
                0x000002a8       0x2c CMakeFiles/src.dir/C_/VSARM/sdk/pico/pico-sdk/src/rp2_common/pico_runtime/runtime.c.obj
 .ARM.attributes
                0x000002d4       0x2c CMakeFiles/src.dir/C_/VSARM/sdk/pico/pico-sdk/src/rp2_common/hardware_clocks/clocks.c.obj
 .ARM.attributes
                0x00000300       0x2c CMakeFiles/src.dir/C_/VSARM/sdk/pico/pico-sdk/src/rp2_common/hardware_pll/pll.c.obj
 .ARM.attributes
                0x0000032c       0x2c CMakeFiles/src.dir/C_/VSARM/sdk/pico/pico-sdk/src/rp2_common/hardware_watchdog/watchdog.c.obj
 .ARM.attributes
                0x00000358       0x2c CMakeFiles/src.dir/C_/VSARM/sdk/pico/pico-sdk/src/rp2_common/hardware_xosc/xosc.c.obj
 .ARM.attributes
                0x00000384       0x2c CMakeFiles/src.dir/C_/VSARM/sdk/pico/pico-sdk/src/rp2_common/pico_printf/printf.c.obj
 .ARM.attributes
                0x000003b0       0x22 CMakeFiles/src.dir/C_/VSARM/sdk/pico/pico-sdk/src/rp2_common/pico_bit_ops/bit_ops_aeabi.S.obj
 .ARM.attributes
                0x000003d2       0x2c CMakeFiles/src.dir/C_/VSARM/sdk/pico/pico-sdk/src/rp2_common/pico_bootrom/bootrom.c.obj
 .ARM.attributes
                0x000003fe       0x22 CMakeFiles/src.dir/C_/VSARM/sdk/pico/pico-sdk/src/rp2_common/pico_divider/divider.S.obj
 .ARM.attributes
                0x00000420       0x22 CMakeFiles/src.dir/C_/VSARM/sdk/pico/pico-sdk/src/rp2_common/pico_double/double_aeabi.S.obj
 .ARM.attributes
                0x00000442       0x2c CMakeFiles/src.dir/C_/VSARM/sdk/pico/pico-sdk/src/rp2_common/pico_double/double_init_rom.c.obj
 .ARM.attributes
                0x0000046e       0x22 CMakeFiles/src.dir/C_/VSARM/sdk/pico/pico-sdk/src/rp2_common/pico_double/double_v1_rom_shim.S.obj
 .ARM.attributes
                0x00000490       0x22 CMakeFiles/src.dir/C_/VSARM/sdk/pico/pico-sdk/src/rp2_common/pico_int64_ops/pico_int64_ops_aeabi.S.obj
 .ARM.attributes
                0x000004b2       0x22 CMakeFiles/src.dir/C_/VSARM/sdk/pico/pico-sdk/src/rp2_common/pico_float/float_aeabi.S.obj
 .ARM.attributes
                0x000004d4       0x2c CMakeFiles/src.dir/C_/VSARM/sdk/pico/pico-sdk/src/rp2_common/pico_float/float_init_rom.c.obj
 .ARM.attributes
                0x00000500       0x22 CMakeFiles/src.dir/C_/VSARM/sdk/pico/pico-sdk/src/rp2_common/pico_float/float_v1_rom_shim.S.obj
 .ARM.attributes
                0x00000522       0x22 CMakeFiles/src.dir/C_/VSARM/sdk/pico/pico-sdk/src/rp2_common/pico_mem_ops/mem_ops_aeabi.S.obj
 .ARM.attributes
                0x00000544       0x22 CMakeFiles/src.dir/C_/VSARM/sdk/pico/pico-sdk/src/rp2_common/pico_standard_link/crt0.S.obj
 .ARM.attributes
                0x00000566       0x2c CMakeFiles/src.dir/C_/VSARM/sdk/pico/pico-sdk/src/rp2_common/pico_standard_link/binary_info.c.obj
 .ARM.attributes
                0x00000592       0x2c CMakeFiles/src.dir/C_/VSARM/sdk/pico/pico-sdk/src/rp2_common/pico_stdio/stdio.c.obj
 .ARM.attributes
                0x000005be       0x2c CMakeFiles/src.dir/C_/VSARM/sdk/pico/pico-sdk/src/rp2_common/pico_stdio_uart/stdio_uart.c.obj
 .ARM.attributes
                0x000005ea       0x2c CMakeFiles/src.dir/C_/VSARM/sdk/pico/pico-sdk/src/rp2_common/hardware_spi/spi.c.obj
 .ARM.attributes
                0x00000616       0x22 C:\Users\CRAIG~1.HEM\AppData\Local\Temp\ccFeX1V6.o
 .ARM.attributes
                0x00000638       0x1e c:/vsarm/armcc/1142da~1.3re/bin/../lib/gcc/arm-none-eabi/11.3.1/thumb/v6-m/nofp\libgcc.a(_dvmd_tls.o)
 .ARM.attributes
                0x00000656       0x2c c:/vsarm/armcc/1142da~1.3re/bin/../lib/gcc/arm-none-eabi/11.3.1/thumb/v6-m/nofp\libg.a(libc_a-memmove.o)
 .ARM.attributes
                0x00000682       0x2c c:/vsarm/armcc/1142da~1.3re/bin/../lib/gcc/arm-none-eabi/11.3.1/thumb/v6-m/nofp\libg.a(libc_a-strlen-stub.o)
 .ARM.attributes
                0x000006ae       0x2c c:/vsarm/armcc/1142da~1.3re/bin/../lib/gcc/arm-none-eabi/11.3.1/thumb/v6-m/nofp/crtend.o

.comment        0x00000000       0x33
 .comment       0x00000000       0x33 c:/vsarm/armcc/1142da~1.3re/bin/../lib/gcc/arm-none-eabi/11.3.1/thumb/v6-m/nofp/crtbegin.o
                                 0x34 (size before relaxing)
 .comment       0x00000033       0x34 CMakeFiles/src.dir/main.c.obj
 .comment       0x00000033       0x34 CMakeFiles/src.dir/comms.c.obj
 .comment       0x00000033       0x34 CMakeFiles/src.dir/C_/VSARM/sdk/pico/pico-sdk/src/rp2_common/hardware_gpio/gpio.c.obj
 .comment       0x00000033       0x34 CMakeFiles/src.dir/C_/VSARM/sdk/pico/pico-sdk/src/rp2_common/hardware_claim/claim.c.obj
 .comment       0x00000033       0x34 CMakeFiles/src.dir/C_/VSARM/sdk/pico/pico-sdk/src/rp2_common/pico_platform/platform.c.obj
 .comment       0x00000033       0x34 CMakeFiles/src.dir/C_/VSARM/sdk/pico/pico-sdk/src/rp2_common/hardware_sync/sync.c.obj
 .comment       0x00000033       0x34 CMakeFiles/src.dir/C_/VSARM/sdk/pico/pico-sdk/src/rp2_common/hardware_irq/irq.c.obj
 .comment       0x00000033       0x34 CMakeFiles/src.dir/C_/VSARM/sdk/pico/pico-sdk/src/common/pico_sync/lock_core.c.obj
 .comment       0x00000033       0x34 CMakeFiles/src.dir/C_/VSARM/sdk/pico/pico-sdk/src/common/pico_time/time.c.obj
 .comment       0x00000033       0x34 CMakeFiles/src.dir/C_/VSARM/sdk/pico/pico-sdk/src/rp2_common/hardware_timer/timer.c.obj
 .comment       0x00000033       0x34 CMakeFiles/src.dir/C_/VSARM/sdk/pico/pico-sdk/src/common/pico_util/pheap.c.obj
 .comment       0x00000033       0x34 CMakeFiles/src.dir/C_/VSARM/sdk/pico/pico-sdk/src/common/pico_sync/mutex.c.obj
 .comment       0x00000033       0x34 CMakeFiles/src.dir/C_/VSARM/sdk/pico/pico-sdk/src/rp2_common/hardware_uart/uart.c.obj
 .comment       0x00000033       0x34 CMakeFiles/src.dir/C_/VSARM/sdk/pico/pico-sdk/src/rp2_common/pico_runtime/runtime.c.obj
 .comment       0x00000033       0x34 CMakeFiles/src.dir/C_/VSARM/sdk/pico/pico-sdk/src/rp2_common/hardware_clocks/clocks.c.obj
 .comment       0x00000033       0x34 CMakeFiles/src.dir/C_/VSARM/sdk/pico/pico-sdk/src/rp2_common/hardware_pll/pll.c.obj
 .comment       0x00000033       0x34 CMakeFiles/src.dir/C_/VSARM/sdk/pico/pico-sdk/src/rp2_common/hardware_watchdog/watchdog.c.obj
 .comment       0x00000033       0x34 CMakeFiles/src.dir/C_/VSARM/sdk/pico/pico-sdk/src/rp2_common/hardware_xosc/xosc.c.obj
 .comment       0x00000033       0x34 CMakeFiles/src.dir/C_/VSARM/sdk/pico/pico-sdk/src/rp2_common/pico_printf/printf.c.obj
 .comment       0x00000033       0x34 CMakeFiles/src.dir/C_/VSARM/sdk/pico/pico-sdk/src/rp2_common/pico_bootrom/bootrom.c.obj
 .comment       0x00000033       0x34 CMakeFiles/src.dir/C_/VSARM/sdk/pico/pico-sdk/src/rp2_common/pico_double/double_init_rom.c.obj
 .comment       0x00000033       0x34 CMakeFiles/src.dir/C_/VSARM/sdk/pico/pico-sdk/src/rp2_common/pico_float/float_init_rom.c.obj
 .comment       0x00000033       0x34 CMakeFiles/src.dir/C_/VSARM/sdk/pico/pico-sdk/src/rp2_common/pico_standard_link/binary_info.c.obj
 .comment       0x00000033       0x34 CMakeFiles/src.dir/C_/VSARM/sdk/pico/pico-sdk/src/rp2_common/pico_stdio/stdio.c.obj
 .comment       0x00000033       0x34 CMakeFiles/src.dir/C_/VSARM/sdk/pico/pico-sdk/src/rp2_common/pico_stdio_uart/stdio_uart.c.obj
 .comment       0x00000033       0x34 CMakeFiles/src.dir/C_/VSARM/sdk/pico/pico-sdk/src/rp2_common/hardware_spi/spi.c.obj
 .comment       0x00000033       0x34 c:/vsarm/armcc/1142da~1.3re/bin/../lib/gcc/arm-none-eabi/11.3.1/thumb/v6-m/nofp\libg.a(libc_a-memmove.o)
 .comment       0x00000033       0x34 c:/vsarm/armcc/1142da~1.3re/bin/../lib/gcc/arm-none-eabi/11.3.1/thumb/v6-m/nofp\libg.a(libc_a-strlen-stub.o)
 .comment       0x00000033       0x34 c:/vsarm/armcc/1142da~1.3re/bin/../lib/gcc/arm-none-eabi/11.3.1/thumb/v6-m/nofp/crtend.o

.debug_info     0x00000000    0x1da80
 .debug_info    0x00000000     0x6cde CMakeFiles/src.dir/main.c.obj
 .debug_info    0x00006cde     0x21b1 CMakeFiles/src.dir/comms.c.obj
 .debug_info    0x00008e8f     0x166e CMakeFiles/src.dir/C_/VSARM/sdk/pico/pico-sdk/src/rp2_common/hardware_gpio/gpio.c.obj
 .debug_info    0x0000a4fd      0x69a CMakeFiles/src.dir/C_/VSARM/sdk/pico/pico-sdk/src/rp2_common/hardware_claim/claim.c.obj
 .debug_info    0x0000ab97      0x1fb CMakeFiles/src.dir/C_/VSARM/sdk/pico/pico-sdk/src/rp2_common/pico_platform/platform.c.obj
 .debug_info    0x0000ad92      0x5db CMakeFiles/src.dir/C_/VSARM/sdk/pico/pico-sdk/src/rp2_common/hardware_sync/sync.c.obj
 .debug_info    0x0000b36d     0x1c39 CMakeFiles/src.dir/C_/VSARM/sdk/pico/pico-sdk/src/rp2_common/hardware_irq/irq.c.obj
 .debug_info    0x0000cfa6      0x1a3 CMakeFiles/src.dir/C_/VSARM/sdk/pico/pico-sdk/src/common/pico_sync/lock_core.c.obj
 .debug_info    0x0000d149     0x3c01 CMakeFiles/src.dir/C_/VSARM/sdk/pico/pico-sdk/src/common/pico_time/time.c.obj
 .debug_info    0x00010d4a     0x115e CMakeFiles/src.dir/C_/VSARM/sdk/pico/pico-sdk/src/rp2_common/hardware_timer/timer.c.obj
 .debug_info    0x00011ea8     0x1223 CMakeFiles/src.dir/C_/VSARM/sdk/pico/pico-sdk/src/common/pico_util/pheap.c.obj
 .debug_info    0x000130cb     0x2055 CMakeFiles/src.dir/C_/VSARM/sdk/pico/pico-sdk/src/common/pico_sync/mutex.c.obj
 .debug_info    0x00015120      0xb20 CMakeFiles/src.dir/C_/VSARM/sdk/pico/pico-sdk/src/rp2_common/hardware_uart/uart.c.obj
 .debug_info    0x00015c40      0xa56 CMakeFiles/src.dir/C_/VSARM/sdk/pico/pico-sdk/src/rp2_common/pico_runtime/runtime.c.obj
 .debug_info    0x00016696      0xf78 CMakeFiles/src.dir/C_/VSARM/sdk/pico/pico-sdk/src/rp2_common/hardware_clocks/clocks.c.obj
 .debug_info    0x0001760e      0x534 CMakeFiles/src.dir/C_/VSARM/sdk/pico/pico-sdk/src/rp2_common/hardware_pll/pll.c.obj
 .debug_info    0x00017b42      0x4c5 CMakeFiles/src.dir/C_/VSARM/sdk/pico/pico-sdk/src/rp2_common/hardware_watchdog/watchdog.c.obj
 .debug_info    0x00018007      0x1c7 CMakeFiles/src.dir/C_/VSARM/sdk/pico/pico-sdk/src/rp2_common/hardware_xosc/xosc.c.obj
 .debug_info    0x000181ce     0x19b1 CMakeFiles/src.dir/C_/VSARM/sdk/pico/pico-sdk/src/rp2_common/pico_printf/printf.c.obj
 .debug_info    0x00019b7f       0x23 CMakeFiles/src.dir/C_/VSARM/sdk/pico/pico-sdk/src/rp2_common/pico_bit_ops/bit_ops_aeabi.S.obj
 .debug_info    0x00019ba2      0x26d CMakeFiles/src.dir/C_/VSARM/sdk/pico/pico-sdk/src/rp2_common/pico_bootrom/bootrom.c.obj
 .debug_info    0x00019e0f       0x23 CMakeFiles/src.dir/C_/VSARM/sdk/pico/pico-sdk/src/rp2_common/pico_divider/divider.S.obj
 .debug_info    0x00019e32       0x23 CMakeFiles/src.dir/C_/VSARM/sdk/pico/pico-sdk/src/rp2_common/pico_double/double_aeabi.S.obj
 .debug_info    0x00019e55      0x33f CMakeFiles/src.dir/C_/VSARM/sdk/pico/pico-sdk/src/rp2_common/pico_double/double_init_rom.c.obj
 .debug_info    0x0001a194       0x23 CMakeFiles/src.dir/C_/VSARM/sdk/pico/pico-sdk/src/rp2_common/pico_double/double_v1_rom_shim.S.obj
 .debug_info    0x0001a1b7       0x24 CMakeFiles/src.dir/C_/VSARM/sdk/pico/pico-sdk/src/rp2_common/pico_int64_ops/pico_int64_ops_aeabi.S.obj
 .debug_info    0x0001a1db       0x23 CMakeFiles/src.dir/C_/VSARM/sdk/pico/pico-sdk/src/rp2_common/pico_float/float_aeabi.S.obj
 .debug_info    0x0001a1fe      0x34f CMakeFiles/src.dir/C_/VSARM/sdk/pico/pico-sdk/src/rp2_common/pico_float/float_init_rom.c.obj
 .debug_info    0x0001a54d       0x23 CMakeFiles/src.dir/C_/VSARM/sdk/pico/pico-sdk/src/rp2_common/pico_float/float_v1_rom_shim.S.obj
 .debug_info    0x0001a570       0x23 CMakeFiles/src.dir/C_/VSARM/sdk/pico/pico-sdk/src/rp2_common/pico_mem_ops/mem_ops_aeabi.S.obj
 .debug_info    0x0001a593       0x23 CMakeFiles/src.dir/C_/VSARM/sdk/pico/pico-sdk/src/rp2_common/pico_standard_link/crt0.S.obj
 .debug_info    0x0001a5b6      0x2b3 CMakeFiles/src.dir/C_/VSARM/sdk/pico/pico-sdk/src/rp2_common/pico_standard_link/binary_info.c.obj
 .debug_info    0x0001a869     0x12ff CMakeFiles/src.dir/C_/VSARM/sdk/pico/pico-sdk/src/rp2_common/pico_stdio/stdio.c.obj
 .debug_info    0x0001bb68      0xc36 CMakeFiles/src.dir/C_/VSARM/sdk/pico/pico-sdk/src/rp2_common/pico_stdio_uart/stdio_uart.c.obj
 .debug_info    0x0001c79e     0x108b CMakeFiles/src.dir/C_/VSARM/sdk/pico/pico-sdk/src/rp2_common/hardware_spi/spi.c.obj
 .debug_info    0x0001d829       0x24 c:/vsarm/armcc/1142da~1.3re/bin/../lib/gcc/arm-none-eabi/11.3.1/thumb/v6-m/nofp\libgcc.a(_dvmd_tls.o)
 .debug_info    0x0001d84d      0x148 c:/vsarm/armcc/1142da~1.3re/bin/../lib/gcc/arm-none-eabi/11.3.1/thumb/v6-m/nofp\libg.a(libc_a-memmove.o)
 .debug_info    0x0001d995       0xeb c:/vsarm/armcc/1142da~1.3re/bin/../lib/gcc/arm-none-eabi/11.3.1/thumb/v6-m/nofp\libg.a(libc_a-strlen-stub.o)

.debug_abbrev   0x00000000     0x4f0d
 .debug_abbrev  0x00000000      0x51c CMakeFiles/src.dir/main.c.obj
 .debug_abbrev  0x0000051c      0x3f5 CMakeFiles/src.dir/comms.c.obj
 .debug_abbrev  0x00000911      0x34c CMakeFiles/src.dir/C_/VSARM/sdk/pico/pico-sdk/src/rp2_common/hardware_gpio/gpio.c.obj
 .debug_abbrev  0x00000c5d      0x2d0 CMakeFiles/src.dir/C_/VSARM/sdk/pico/pico-sdk/src/rp2_common/hardware_claim/claim.c.obj
 .debug_abbrev  0x00000f2d       0xf8 CMakeFiles/src.dir/C_/VSARM/sdk/pico/pico-sdk/src/rp2_common/pico_platform/platform.c.obj
 .debug_abbrev  0x00001025      0x249 CMakeFiles/src.dir/C_/VSARM/sdk/pico/pico-sdk/src/rp2_common/hardware_sync/sync.c.obj
 .debug_abbrev  0x0000126e      0x53e CMakeFiles/src.dir/C_/VSARM/sdk/pico/pico-sdk/src/rp2_common/hardware_irq/irq.c.obj
 .debug_abbrev  0x000017ac      0x116 CMakeFiles/src.dir/C_/VSARM/sdk/pico/pico-sdk/src/common/pico_sync/lock_core.c.obj
 .debug_abbrev  0x000018c2      0x5e8 CMakeFiles/src.dir/C_/VSARM/sdk/pico/pico-sdk/src/common/pico_time/time.c.obj
 .debug_abbrev  0x00001eaa      0x3c1 CMakeFiles/src.dir/C_/VSARM/sdk/pico/pico-sdk/src/rp2_common/hardware_timer/timer.c.obj
 .debug_abbrev  0x0000226b      0x2c9 CMakeFiles/src.dir/C_/VSARM/sdk/pico/pico-sdk/src/common/pico_util/pheap.c.obj
 .debug_abbrev  0x00002534      0x3dc CMakeFiles/src.dir/C_/VSARM/sdk/pico/pico-sdk/src/common/pico_sync/mutex.c.obj
 .debug_abbrev  0x00002910      0x2e3 CMakeFiles/src.dir/C_/VSARM/sdk/pico/pico-sdk/src/rp2_common/hardware_uart/uart.c.obj
 .debug_abbrev  0x00002bf3      0x3e5 CMakeFiles/src.dir/C_/VSARM/sdk/pico/pico-sdk/src/rp2_common/pico_runtime/runtime.c.obj
 .debug_abbrev  0x00002fd8      0x415 CMakeFiles/src.dir/C_/VSARM/sdk/pico/pico-sdk/src/rp2_common/hardware_clocks/clocks.c.obj
 .debug_abbrev  0x000033ed      0x1e7 CMakeFiles/src.dir/C_/VSARM/sdk/pico/pico-sdk/src/rp2_common/hardware_pll/pll.c.obj
 .debug_abbrev  0x000035d4      0x1a8 CMakeFiles/src.dir/C_/VSARM/sdk/pico/pico-sdk/src/rp2_common/hardware_watchdog/watchdog.c.obj
 .debug_abbrev  0x0000377c      0x10c CMakeFiles/src.dir/C_/VSARM/sdk/pico/pico-sdk/src/rp2_common/hardware_xosc/xosc.c.obj
 .debug_abbrev  0x00003888      0x38a CMakeFiles/src.dir/C_/VSARM/sdk/pico/pico-sdk/src/rp2_common/pico_printf/printf.c.obj
 .debug_abbrev  0x00003c12       0x12 CMakeFiles/src.dir/C_/VSARM/sdk/pico/pico-sdk/src/rp2_common/pico_bit_ops/bit_ops_aeabi.S.obj
 .debug_abbrev  0x00003c24      0x139 CMakeFiles/src.dir/C_/VSARM/sdk/pico/pico-sdk/src/rp2_common/pico_bootrom/bootrom.c.obj
 .debug_abbrev  0x00003d5d       0x12 CMakeFiles/src.dir/C_/VSARM/sdk/pico/pico-sdk/src/rp2_common/pico_divider/divider.S.obj
 .debug_abbrev  0x00003d6f       0x12 CMakeFiles/src.dir/C_/VSARM/sdk/pico/pico-sdk/src/rp2_common/pico_double/double_aeabi.S.obj
 .debug_abbrev  0x00003d81      0x1ba CMakeFiles/src.dir/C_/VSARM/sdk/pico/pico-sdk/src/rp2_common/pico_double/double_init_rom.c.obj
 .debug_abbrev  0x00003f3b       0x12 CMakeFiles/src.dir/C_/VSARM/sdk/pico/pico-sdk/src/rp2_common/pico_double/double_v1_rom_shim.S.obj
 .debug_abbrev  0x00003f4d       0x14 CMakeFiles/src.dir/C_/VSARM/sdk/pico/pico-sdk/src/rp2_common/pico_int64_ops/pico_int64_ops_aeabi.S.obj
 .debug_abbrev  0x00003f61       0x12 CMakeFiles/src.dir/C_/VSARM/sdk/pico/pico-sdk/src/rp2_common/pico_float/float_aeabi.S.obj
 .debug_abbrev  0x00003f73      0x1c6 CMakeFiles/src.dir/C_/VSARM/sdk/pico/pico-sdk/src/rp2_common/pico_float/float_init_rom.c.obj
 .debug_abbrev  0x00004139       0x12 CMakeFiles/src.dir/C_/VSARM/sdk/pico/pico-sdk/src/rp2_common/pico_float/float_v1_rom_shim.S.obj
 .debug_abbrev  0x0000414b       0x12 CMakeFiles/src.dir/C_/VSARM/sdk/pico/pico-sdk/src/rp2_common/pico_mem_ops/mem_ops_aeabi.S.obj
 .debug_abbrev  0x0000415d       0x12 CMakeFiles/src.dir/C_/VSARM/sdk/pico/pico-sdk/src/rp2_common/pico_standard_link/crt0.S.obj
 .debug_abbrev  0x0000416f       0xb8 CMakeFiles/src.dir/C_/VSARM/sdk/pico/pico-sdk/src/rp2_common/pico_standard_link/binary_info.c.obj
 .debug_abbrev  0x00004227      0x50a CMakeFiles/src.dir/C_/VSARM/sdk/pico/pico-sdk/src/rp2_common/pico_stdio/stdio.c.obj
 .debug_abbrev  0x00004731      0x3ac CMakeFiles/src.dir/C_/VSARM/sdk/pico/pico-sdk/src/rp2_common/pico_stdio_uart/stdio_uart.c.obj
 .debug_abbrev  0x00004add      0x2c9 CMakeFiles/src.dir/C_/VSARM/sdk/pico/pico-sdk/src/rp2_common/hardware_spi/spi.c.obj
 .debug_abbrev  0x00004da6       0x14 c:/vsarm/armcc/1142da~1.3re/bin/../lib/gcc/arm-none-eabi/11.3.1/thumb/v6-m/nofp\libgcc.a(_dvmd_tls.o)
 .debug_abbrev  0x00004dba       0xc3 c:/vsarm/armcc/1142da~1.3re/bin/../lib/gcc/arm-none-eabi/11.3.1/thumb/v6-m/nofp\libg.a(libc_a-memmove.o)
 .debug_abbrev  0x00004e7d       0x90 c:/vsarm/armcc/1142da~1.3re/bin/../lib/gcc/arm-none-eabi/11.3.1/thumb/v6-m/nofp\libg.a(libc_a-strlen-stub.o)

.debug_loclists
                0x00000000     0xc8bd
 .debug_loclists
                0x00000000     0x2e2f CMakeFiles/src.dir/main.c.obj
 .debug_loclists
                0x00002e2f      0xcaa CMakeFiles/src.dir/comms.c.obj
 .debug_loclists
                0x00003ad9      0x968 CMakeFiles/src.dir/C_/VSARM/sdk/pico/pico-sdk/src/rp2_common/hardware_gpio/gpio.c.obj
 .debug_loclists
                0x00004441      0x27b CMakeFiles/src.dir/C_/VSARM/sdk/pico/pico-sdk/src/rp2_common/hardware_claim/claim.c.obj
 .debug_loclists
                0x000046bc       0x9f CMakeFiles/src.dir/C_/VSARM/sdk/pico/pico-sdk/src/rp2_common/pico_platform/platform.c.obj
 .debug_loclists
                0x0000475b      0x157 CMakeFiles/src.dir/C_/VSARM/sdk/pico/pico-sdk/src/rp2_common/hardware_sync/sync.c.obj
 .debug_loclists
                0x000048b2      0xc46 CMakeFiles/src.dir/C_/VSARM/sdk/pico/pico-sdk/src/rp2_common/hardware_irq/irq.c.obj
 .debug_loclists
                0x000054f8       0x4a CMakeFiles/src.dir/C_/VSARM/sdk/pico/pico-sdk/src/common/pico_sync/lock_core.c.obj
 .debug_loclists